Component: ARM Compiler 5.06 update 6 (build 750) Tool: armlink [4d35ed]

==============================================================================

Section Cross References

    main.o(i.advertising_init) refers to memseta.o(.text) for __aeabi_memclr4
    main.o(i.advertising_init) refers to ble_advdata.o(i.ble_advdata_encode) for ble_advdata_encode
    main.o(i.advertising_init) refers to app_error.o(i.app_error_handler_bare) for app_error_handler_bare
    main.o(i.advertising_init) refers to main.o(.data) for .data
    main.o(i.advertising_init) refers to main.o(.bss) for .bss
    main.o(i.assert_nrf_callback) refers to app_error_handler_keil.o(.emb_text) for app_error_handler
    main.o(i.main) refers to nrf_log_frontend.o(i.nrf_log_init) for nrf_log_init
    main.o(i.main) refers to app_error.o(i.app_error_handler_bare) for app_error_handler_bare
    main.o(i.main) refers to nrf_log_default_backends.o(i.nrf_log_default_backends_init) for nrf_log_default_backends_init
    main.o(i.main) refers to app_timer2.o(i.app_timer_init) for app_timer_init
    main.o(i.main) refers to bsp.o(i.bsp_init) for bsp_init
    main.o(i.main) refers to nrf_pwr_mgmt.o(i.nrf_pwr_mgmt_init) for nrf_pwr_mgmt_init
    main.o(i.main) refers to nrf_sdh.o(i.nrf_sdh_enable_request) for nrf_sdh_enable_request
    main.o(i.main) refers to nrf_sdh_ble.o(i.nrf_sdh_ble_default_cfg_set) for nrf_sdh_ble_default_cfg_set
    main.o(i.main) refers to nrf_sdh_ble.o(i.nrf_sdh_ble_enable) for nrf_sdh_ble_enable
    main.o(i.main) refers to main.o(i.advertising_init) for advertising_init
    main.o(i.main) refers to nrf_log_frontend.o(i.nrf_log_frontend_std_0) for nrf_log_frontend_std_0
    main.o(i.main) refers to bsp.o(i.bsp_indication_set) for bsp_indication_set
    main.o(i.main) refers to main.o(i.update_data_advertising) for update_data_advertising
    main.o(i.main) refers to nrf_log_frontend.o(i.nrf_log_frontend_dequeue) for nrf_log_frontend_dequeue
    main.o(i.main) refers to nrf_pwr_mgmt.o(i.nrf_pwr_mgmt_run) for nrf_pwr_mgmt_run
    main.o(i.main) refers to nrf_log_frontend.o(log_const_data) for m_nrf_log_app_logs_data_const
    main.o(i.main) refers to main.o(.data) for .data
    main.o(i.main) refers to main.o(.constdata) for .constdata
    main.o(i.update_data_advertising) refers to memseta.o(.text) for __aeabi_memclr4
    main.o(i.update_data_advertising) refers to ble_advdata.o(i.ble_advdata_encode) for ble_advdata_encode
    main.o(i.update_data_advertising) refers to app_error.o(i.app_error_handler_bare) for app_error_handler_bare
    main.o(i.update_data_advertising) refers to main.o(.data) for .data
    main.o(i.update_data_advertising) refers to main.o(.bss) for .bss
    main.o(.data) refers to main.o(.bss) for m_enc_advdata
    main.o(.data) refers to main.o(.bss) for m_sr_advdata
    boards.o(i.bsp_board_button_idx_to_pin) refers to boards.o(.constdata) for .constdata
    boards.o(i.bsp_board_button_state_get) refers to boards.o(.constdata) for .constdata
    boards.o(i.bsp_board_init) refers to boards.o(i.nrf_gpio_cfg) for nrf_gpio_cfg
    boards.o(i.bsp_board_init) refers to boards.o(i.bsp_board_leds_off) for bsp_board_leds_off
    boards.o(i.bsp_board_init) refers to boards.o(.constdata) for .constdata
    boards.o(i.bsp_board_led_idx_to_pin) refers to boards.o(.constdata) for .constdata
    boards.o(i.bsp_board_led_invert) refers to boards.o(.constdata) for .constdata
    boards.o(i.bsp_board_led_off) refers to boards.o(i.nrf_gpio_pin_write) for nrf_gpio_pin_write
    boards.o(i.bsp_board_led_off) refers to boards.o(.constdata) for .constdata
    boards.o(i.bsp_board_led_on) refers to boards.o(i.nrf_gpio_pin_write) for nrf_gpio_pin_write
    boards.o(i.bsp_board_led_on) refers to boards.o(.constdata) for .constdata
    boards.o(i.bsp_board_led_state_get) refers to boards.o(.constdata) for .constdata
    boards.o(i.bsp_board_leds_off) refers to boards.o(i.bsp_board_led_off) for bsp_board_led_off
    boards.o(i.bsp_board_leds_on) refers to boards.o(i.bsp_board_led_on) for bsp_board_led_on
    boards.o(i.bsp_board_pin_to_button_idx) refers to boards.o(.constdata) for .constdata
    boards.o(i.bsp_board_pin_to_led_idx) refers to boards.o(.constdata) for .constdata
    bsp.o(i.alert_timer_handler) refers to boards.o(i.bsp_board_led_invert) for bsp_board_led_invert
    bsp.o(i.bsp_button_event_handler) refers to boards.o(i.bsp_board_pin_to_button_idx) for bsp_board_pin_to_button_idx
    bsp.o(i.bsp_button_event_handler) refers to app_timer2.o(i.app_timer_start) for app_timer_start
    bsp.o(i.bsp_button_event_handler) refers to app_timer2.o(i.app_timer_stop) for app_timer_stop
    bsp.o(i.bsp_button_event_handler) refers to bsp.o(.constdata) for .constdata
    bsp.o(i.bsp_button_event_handler) refers to bsp.o(.data) for .data
    bsp.o(i.bsp_button_event_handler) refers to bsp.o(.bss) for .bss
    bsp.o(i.bsp_button_is_pressed) refers to boards.o(i.bsp_board_button_state_get) for bsp_board_button_state_get
[...]
    table                                    0x0002a9d8   Data           4  ctype_o.o(.constdata)
    .conststring                             0x0002a9dc   Section     1003  nrf_strerror.o(.conststring)
    .conststring                             0x0002adc8   Section      102  nrf_log_str_formatter.o(.conststring)
    .conststring                             0x0002ae30   Section      392  nrf_sdh_ble.o(.conststring)
    .conststrlit                             0x0002afb8   Section        6  nrf_drv_clock.o(.conststrlit)
    .conststrlit                             0x0002afc0   Section        6  nrfx_clock.o(.conststrlit)
    .conststrlit                             0x0002afc8   Section        7  nrfx_gpiote.o(.conststrlit)
    .conststrlit                             0x0002afd0   Section        4  nrfx_prs.o(.conststrlit)
    .conststrlit                             0x0002afd4   Section        5  nrfx_uart.o(.conststrlit)
    .conststrlit                             0x0002afdc   Section        6  nrfx_uarte.o(.conststrlit)
    .conststrlit                             0x0002afe4   Section       11  app_button.o(.conststrlit)
    .conststrlit                             0x0002aff0   Section       10  app_timer2.o(.conststrlit)
    .conststrlit                             0x0002affc   Section        9  nrf_pwr_mgmt.o(.conststrlit)
    .conststrlit                             0x0002b008   Section        9  nrf_sortlist.o(.conststrlit)
    .conststrlit                             0x0002b014   Section       17  nrf_log_default_backends.o(.conststrlit)
    .conststrlit                             0x0002b028   Section        4  nrf_log_frontend.o(.conststrlit)
    .conststrlit                             0x0002b02c   Section        8  nrf_sdh.o(.conststrlit)
    .conststrlit                             0x0002b034   Section       12  nrf_sdh_ble.o(.conststrlit)
    .conststrlit                             0x0002b040   Section       12  nrf_sdh_soc.o(.conststrlit)
    log_backends                             0x0002b06c   Section       16  nrf_log_default_backends.o(log_backends)
    __tagsym$$used                           0x0002b06c   Number         0  nrf_log_default_backends.o(log_backends)
    uart_log_backend                         0x0002b06c   Data          16  nrf_log_default_backends.o(log_backends)
    log_const_data                           0x0002b07c   Section        8  nrf_drv_clock.o(log_const_data)
    __tagsym$$used                           0x0002b07c   Number         0  nrf_drv_clock.o(log_const_data)
    log_const_data                           0x0002b084   Section        8  nrfx_clock.o(log_const_data)
    __tagsym$$used                           0x0002b084   Number         0  nrfx_clock.o(log_const_data)
    log_const_data                           0x0002b08c   Section        8  nrfx_gpiote.o(log_const_data)
    __tagsym$$used                           0x0002b08c   Number         0  nrfx_gpiote.o(log_const_data)
    log_const_data                           0x0002b094   Section        8  nrfx_prs.o(log_const_data)
    __tagsym$$used                           0x0002b094   Number         0  nrfx_prs.o(log_const_data)
    log_const_data                           0x0002b09c   Section        8  nrfx_uart.o(log_const_data)
    __tagsym$$used                           0x0002b09c   Number         0  nrfx_uart.o(log_const_data)
    log_const_data                           0x0002b0a4   Section        8  nrfx_uarte.o(log_const_data)
    __tagsym$$used                           0x0002b0a4   Number         0  nrfx_uarte.o(log_const_data)
    log_const_data                           0x0002b0ac   Section        8  app_button.o(log_const_data)
    __tagsym$$used                           0x0002b0ac   Number         0  app_button.o(log_const_data)
    log_const_data                           0x0002b0b4   Section        8  app_timer2.o(log_const_data)
    __tagsym$$used                           0x0002b0b4   Number         0  app_timer2.o(log_const_data)
    log_const_data                           0x0002b0bc   Section        8  nrf_pwr_mgmt.o(log_const_data)
    __tagsym$$used                           0x0002b0bc   Number         0  nrf_pwr_mgmt.o(log_const_data)
    log_const_data                           0x0002b0c4   Section        8  nrf_sortlist.o(log_const_data)
    __tagsym$$used                           0x0002b0c4   Number         0  nrf_sortlist.o(log_const_data)
    log_const_data                           0x0002b0cc   Section        8  nrf_log_frontend.o(log_const_data)
    __tagsym$$used                           0x0002b0cc   Number         0  nrf_log_frontend.o(log_const_data)
    log_const_data                           0x0002b0d4   Section        8  nrf_sdh.o(log_const_data)
    __tagsym$$used                           0x0002b0d4   Number         0  nrf_sdh.o(log_const_data)
    log_const_data                           0x0002b0dc   Section        8  nrf_sdh_ble.o(log_const_data)
    __tagsym$$used                           0x0002b0dc   Number         0  nrf_sdh_ble.o(log_const_data)
    log_const_data                           0x0002b0e4   Section        8  nrf_sdh_soc.o(log_const_data)
    __tagsym$$used                           0x0002b0e4   Number         0  nrf_sdh_soc.o(log_const_data)
    nrf_balloc                               0x0002b0ec   Section       20  nrf_log_frontend.o(nrf_balloc)
    __tagsym$$used                           0x0002b0ec   Number         0  nrf_log_frontend.o(nrf_balloc)
    sdh_soc_observers0                       0x0002b100   Section        8  nrf_drv_clock.o(sdh_soc_observers0)
    __tagsym$$used                           0x0002b100   Number         0  nrf_drv_clock.o(sdh_soc_observers0)
    m_soc_evt_observer                       0x0002b100   Data           8  nrf_drv_clock.o(sdh_soc_observers0)
    sdh_stack_observers0                     0x0002b108   Section        8  nrf_sdh_ble.o(sdh_stack_observers0)
    __tagsym$$used                           0x0002b108   Number         0  nrf_sdh_ble.o(sdh_stack_observers0)
    m_nrf_sdh_ble_evts_poll                  0x0002b108   Data           8  nrf_sdh_ble.o(sdh_stack_observers0)
    sdh_stack_observers0                     0x0002b110   Section        8  nrf_sdh_soc.o(sdh_stack_observers0)
    __tagsym$$used                           0x0002b110   Number         0  nrf_sdh_soc.o(sdh_stack_observers0)
    m_nrf_sdh_soc_evts_poll                  0x0002b110   Data           8  nrf_sdh_soc.o(sdh_stack_observers0)
    sdh_state_observers0                     0x0002b118   Section        8  nrf_drv_clock.o(sdh_state_observers0)
    __tagsym$$used                           0x0002b118   Number         0  nrf_drv_clock.o(sdh_state_observers0)
    m_sd_state_observer                      0x0002b118   Data           8  nrf_drv_clock.o(sdh_state_observers0)
    .data                                    0x200018c8   Section       24  main.o(.data)
    m_adv_handle                             0x200018c8   Data           1  main.o(.data)
    number                                   0x200018c9   Data           1  main.o(.data)
    m_beacon_info                            0x200018ca   Data           3  main.o(.data)
    m_adv_data                               0x200018d0   Data          16  main.o(.data)
    .data                                    0x200018e0   Section       16  bsp.o(.data)
    m_stable_state                           0x200018e0   Data           1  bsp.o(.data)
    m_leds_clear                             0x200018e1   Data           1  bsp.o(.data)
    m_alert_on                               0x200018e2   Data           1  bsp.o(.data)
    current_long_push_pin_no                 0x200018e3   Data           1  bsp.o(.data)
    m_indication_type                        0x200018e4   Data           4  bsp.o(.data)
    m_registered_callback                    0x200018e8   Data           4  bsp.o(.data)
    release_event_at_push                    0x200018ec   Data           4  bsp.o(.data)
    .data                                    0x200018f0   Section       12  nrf_drv_uart.o(.data)
    m_handlers                               0x200018f4   Data           4  nrf_drv_uart.o(.data)
    m_contexts                               0x200018f8   Data           4  nrf_drv_uart.o(.data)
    .data                                    0x200018fc   Section        8  nrfx_clock.o(.data)
    m_clock_cb                               0x200018fc   Data           8  nrfx_clock.o(.data)
    .data                                    0x20001904   Section        8  nrfx_prs.o(.data)
    m_prs_box_4                              0x20001904   Data           8  nrfx_prs.o(.data)
    .data                                    0x20001910   Section       24  app_button.o(.data)
    m_button_count                           0x20001910   Data           1  app_button.o(.data)
    mp_buttons                               0x20001914   Data           4  app_button.o(.data)
    m_detection_delay                        0x20001918   Data           4  app_button.o(.data)
    m_pin_active                             0x20001920   Data           8  app_button.o(.data)
    .data                                    0x20001928   Section       32  app_timer2.o(.data)
    m_global_active                          0x20001928   Data           1  app_timer2.o(.data)
    mp_active_timer                          0x2000192c   Data           4  app_timer2.o(.data)
    m_rtc_inst                               0x20001930   Data           8  app_timer2.o(.data)
    m_base_counter                           0x20001938   Data           8  app_timer2.o(.data)
    m_stamp64                                0x20001940   Data           8  app_timer2.o(.data)
    .data                                    0x20001948   Section        4  app_timer2.o(.data)
    m_app_timer_sortlist_sortlist_cb         0x20001948   Data           4  app_timer2.o(.data)
    .data                                    0x2000194c   Section       12  drv_rtc.o(.data)
    m_handlers                               0x2000194c   Data           4  drv_rtc.o(.data)
    m_cb                                     0x20001950   Data           8  drv_rtc.o(.data)
    .data                                    0x20001958   Section        8  nrf_pwr_mgmt.o(.data)
    m_pwr_mgmt_evt                           0x20001958   Data           1  nrf_pwr_mgmt.o(.data)
    m_shutdown_started                       0x20001959   Data           1  nrf_pwr_mgmt.o(.data)
    m_sysoff_mtx                             0x2000195c   Data           4  nrf_pwr_mgmt.o(.data)
    .data                                    0x20001960   Section       24  nrf_log_backend_uart.o(.data)
    m_xfer_done                              0x20001960   Data           1  nrf_log_backend_uart.o(.data)
    m_async_mode                             0x20001961   Data           1  nrf_log_backend_uart.o(.data)
    .data                                    0x20001978   Section        8  nrf_log_default_backends.o(.data)
    log_backend_cb_uart_log_backend          0x20001978   Data           8  nrf_log_default_backends.o(.data)
    .data                                    0x20001980   Section        4  nrf_log_frontend.o(.data)
    m_buffer_mask                            0x20001980   Data           4  nrf_log_frontend.o(.data)
    .data                                    0x20001984   Section        8  nrf_log_frontend.o(.data)
    log_mempool_nrf_balloc_pool_stack        0x20001984   Data           8  nrf_log_frontend.o(.data)
    .data                                    0x2000198c   Section        8  nrf_log_frontend.o(.data)
    log_mempool_nrf_balloc_cb                0x2000198c   Data           8  nrf_log_frontend.o(.data)
    .data                                    0x20001994   Section       64  nrf_log_str_formatter.o(.data)
    m_freq                                   0x20001994   Data           4  nrf_log_str_formatter.o(.data)
    m_timestamp_div                          0x20001998   Data           4  nrf_log_str_formatter.o(.data)
    severity_names                           0x2000199c   Data          20  nrf_log_str_formatter.o(.data)
    m_colors                                 0x200019b0   Data          36  nrf_log_str_formatter.o(.data)
    .data                                    0x200019d4   Section        3  nrf_sdh.o(.data)
    m_nrf_sdh_enabled                        0x200019d4   Data           1  nrf_sdh.o(.data)
    m_nrf_sdh_suspended                      0x200019d5   Data           1  nrf_sdh.o(.data)
    m_nrf_sdh_continue                       0x200019d6   Data           1  nrf_sdh.o(.data)
    .data                                    0x200019d7   Section        1  nrf_sdh_ble.o(.data)
    m_stack_is_enabled                       0x200019d7   Data           1  nrf_sdh_ble.o(.data)
    .data                                    0x200019d8   Section        4  system_nrf52.o(.data)
    __tagsym$$used                           0x200019d8   Number         0  system_nrf52.o(.data)
    .bss                                     0x200019dc   Section       24  main.o(.bss)
    m_adv_params                             0x200019dc   Data          24  main.o(.bss)
    .bss                                     0x200019f4   Section       31  main.o(.bss)
    m_enc_advdata                            0x200019f4   Data          31  main.o(.bss)
    .bss                                     0x20001a13   Section       31  main.o(.bss)
    m_sr_advdata                             0x20001a13   Data          31  main.o(.bss)
    .bss                                     0x20001a38   Section       32  bsp.o(.bss)
    m_bsp_leds_tmr_data                      0x20001a38   Data          32  bsp.o(.bss)
    .bss                                     0x20001a58   Section       32  bsp.o(.bss)
    m_bsp_alert_tmr_data                     0x20001a58   Data          32  bsp.o(.bss)
    .bss                                     0x20001a78   Section       12  bsp.o(.bss)
    m_events_list                            0x20001a78   Data          12  bsp.o(.bss)
    .bss                                     0x20001a88   Section       32  bsp.o(.bss)
    m_bsp_button_tmr_data                    0x20001a88   Data          32  bsp.o(.bss)
    .bss                                     0x20001aa8   Section       20  nrf_drv_clock.o(.bss)
    m_clock_cb                               0x20001aa8   Data          20  nrf_drv_clock.o(.bss)
    .bss                                     0x20001abc   Section       92  nrfx_gpiote.o(.bss)
    m_cb                                     0x20001abc   Data          92  nrfx_gpiote.o(.bss)
    .bss                                     0x20001b18   Section       44  nrfx_uart.o(.bss)
    m_cb                                     0x20001b18   Data          44  nrfx_uart.o(.bss)
    .bss                                     0x20001b44   Section       36  nrfx_uarte.o(.bss)
    m_cb                                     0x20001b44   Data          36  nrfx_uarte.o(.bss)
    .bss                                     0x20001b68   Section       32  app_button.o(.bss)
    m_detection_delay_timer_id_data          0x20001b68   Data          32  app_button.o(.bss)
    .bss                                     0x20001b88   Section       16  app_button.o(.bss)
    m_pin_states                             0x20001b88   Data          16  app_button.o(.bss)
    .bss                                     0x20001b98   Section       16  app_timer2.o(.bss)
    m_req_fifo_inst                          0x20001b98   Data          16  app_timer2.o(.bss)
    .bss                                     0x20001ba8   Section       88  app_timer2.o(.bss)
    m_req_fifo_data                          0x20001ba8   Data          88  app_timer2.o(.bss)
    .bss                                     0x20001c00   Section       12  app_util_platform.o(.bss)
    .bss                                     0x20001c0c   Section       12  nrf_pwr_mgmt.o(.bss)
    m_handlers_iter                          0x20001c0c   Data          12  nrf_pwr_mgmt.o(.bss)
    .bss                                     0x20001c18   Section       64  nrf_log_backend_uart.o(.bss)
    m_string_buff                            0x20001c18   Data          64  nrf_log_backend_uart.o(.bss)
    .bss                                     0x20001c58   Section      192  nrf_log_frontend.o(.bss)
    log_mempool_nrf_balloc_pool_mem          0x20001c58   Data         192  nrf_log_frontend.o(.bss)
    .bss                                     0x20001d18   Section      128  nrf_log_frontend.o(.bss)
    m_log_push_ringbuf_buf                   0x20001d18   Data         128  nrf_log_frontend.o(.bss)
    .bss                                     0x20001d98   Section       24  nrf_log_frontend.o(.bss)
    m_log_push_ringbuf_cb                    0x20001d98   Data          24  nrf_log_frontend.o(.bss)
    .bss                                     0x20001db0   Section     1056  nrf_log_frontend.o(.bss)
    m_log_data                               0x20001db0   Data        1056  nrf_log_frontend.o(.bss)
    STACK                                    0x200021d0   Section     8192  arm_startup_nrf52.o(STACK)

    Global Symbols

    Symbol Name                              Value     Ov Type        Size  Object(Section)

    BuildAttributes$$THM_ISAv4$E$P$D$K$B$S$7EM$VFPi3$EXTD16$VFPS$VFMA$PE$A:L22UL41UL21$X:L11$S22US41US21$IEEE1$IW$USESV6$~STKCKD$USESV7$~SHL$OSPACE$EBA8$MICROLIB$REQ8$EABIv2 0x00000000   Number         0  anon$$obj.o ABSOLUTE
    __ARM_use_no_argv                        0x00000000   Number         0  main.o ABSOLUTE
    __use_no_errno                           0x00000000   Number         0  useno.o ABSOLUTE
    __use_no_exception_handling              0x00000000   Number         0  useno.o ABSOLUTE
    __use_no_fp                              0x00000000   Number         0  useno.o ABSOLUTE
    __use_no_heap                            0x00000000   Number         0  useno.o ABSOLUTE
    __use_no_heap_region                     0x00000000   Number         0  useno.o ABSOLUTE
    __use_no_semihosting                     0x00000000   Number         0  useno.o ABSOLUTE
    __use_no_semihosting_swi                 0x00000000   Number         0  useno.o ABSOLUTE
    __use_no_signal_handling                 0x00000000   Number         0  useno.o ABSOLUTE
    __cpp_initialize__aeabi_                  - Undefined Weak Reference
    __cxa_finalize                            - Undefined Weak Reference
    __decompress                              - Undefined Weak Reference
    _clock_init                               - Undefined Weak Reference
    _microlib_exit                            - Undefined Weak Reference
    log_dynamic_data$$Base                    - Undefined Reference
    pwr_mgmt_data0$$Base                      - Undefined Reference
    pwr_mgmt_data0$$Limit                     - Undefined Reference
    pwr_mgmt_data1$$Base                      - Undefined Reference
    pwr_mgmt_data1$$Limit                     - Undefined Reference
    pwr_mgmt_data2$$Base                      - Undefined Reference
    pwr_mgmt_data2$$Limit                     - Undefined Reference
    sdh_ble_observers0$$Base                  - Undefined Reference
    sdh_ble_observers0$$Limit                 - Undefined Reference
    sdh_ble_observers1$$Base                  - Undefined Reference
    sdh_ble_observers1$$Limit                 - Undefined Reference
    sdh_ble_observers2$$Base                  - Undefined Reference
    sdh_ble_observers2$$Limit                 - Undefined Reference
    sdh_ble_observers3$$Base                  - Undefined Reference
    sdh_ble_observers3$$Limit                 - Undefined Reference
    sdh_req_observers0$$Base                  - Undefined Reference
    sdh_req_observers0$$Limit                 - Undefined Reference
    sdh_req_observers1$$Base                  - Undefined Reference
    sdh_req_observers1$$Limit                 - Undefined Reference
    sdh_soc_observers1$$Base                  - Undefined Reference
    sdh_soc_observers1$$Limit                 - Undefined Reference
    sdh_stack_observers1$$Base                - Undefined Reference
    sdh_stack_observers1$$Limit               - Undefined Reference
    sdh_state_observers1$$Base                - Undefined Reference
    sdh_state_observers1$$Limit               - Undefined Reference
    __Vectors_Size                           0x00000200   Number         0  arm_startup_nrf52.o ABSOLUTE
    __Vectors                                0x00026000   Data           4  arm_startup_nrf52.o(RESET)
    __Vectors_End                            0x00026200   Data           0  arm_startup_nrf52.o(RESET)
    __main                                   0x00026201   Thumb Code     0  entry.o(.ARM.Collect$$$$00000000)
    _main_stk                                0x00026201   Thumb Code     0  entry2.o(.ARM.Collect$$$$00000001)
    _main_scatterload                        0x00026205   Thumb Code     0  entry5.o(.ARM.Collect$$$$00000004)
    __main_after_scatterload                 0x00026209   Thumb Code     0  entry5.o(.ARM.Collect$$$$00000004)
    _main_clock                              0x00026209   Thumb Code     0  entry7b.o(.ARM.Collect$$$$00000008)
    _main_cpp_init                           0x00026209   Thumb Code     0  entry8b.o(.ARM.Collect$$$$0000000A)
    _main_init                               0x00026209   Thumb Code     0  entry9a.o(.ARM.Collect$$$$0000000B)
    __rt_final_cpp                           0x00026211   Thumb Code     0  entry10a.o(.ARM.Collect$$$$0000000D)
    __rt_final_exit                          0x00026211   Thumb Code     0  entry11a.o(.ARM.Collect$$$$0000000F)
    __asm___12_nrf_atfifo_c_51f461e1__nrf_atfifo_wspace_req 0x00026215   Thumb Code    56  nrf_atfifo.o(.emb_text)
    __asm___12_nrf_atfifo_c_51f461e1__nrf_atfifo_wspace_close 0x0002624d   Thumb Code    18  nrf_atfifo.o(.emb_text)
    __asm___12_nrf_atfifo_c_51f461e1__nrf_atfifo_rspace_req 0x0002625f   Thumb Code    58  nrf_atfifo.o(.emb_text)
    __asm___12_nrf_atfifo_c_51f461e1__nrf_atfifo_rspace_close 0x00026299   Thumb Code    18  nrf_atfifo.o(.emb_text)
    __asm___12_nrf_atfifo_c_51f461e1__nrf_atfifo_space_clear 0x000262ab   Thumb Code    50  nrf_atfifo.o(.emb_text)
    __asm___12_nrf_atomic_c_85ca2469__nrf_atomic_internal_mov 0x000262dd   Thumb Code    24  nrf_atomic.o(.emb_text)
    __asm___12_nrf_atomic_c_85ca2469__nrf_atomic_internal_orr 0x000262f5   Thumb Code    26  nrf_atomic.o(.emb_text)
    __asm___12_nrf_atomic_c_85ca2469__nrf_atomic_internal_and 0x0002630f   Thumb Code    26  nrf_atomic.o(.emb_text)
    __asm___12_nrf_atomic_c_85ca2469__nrf_atomic_internal_eor 0x00026329   Thumb Code    26  nrf_atomic.o(.emb_text)
    __asm___12_nrf_atomic_c_85ca2469__nrf_atomic_internal_add 0x00026343   Thumb Code    26  nrf_atomic.o(.emb_text)
    __asm___12_nrf_atomic_c_85ca2469__nrf_atomic_internal_sub 0x0002635d   Thumb Code    26  nrf_atomic.o(.emb_text)
    __asm___12_nrf_atomic_c_85ca2469__nrf_atomic_internal_cmp_exch 0x00026377   Thumb Code    42  nrf_atomic.o(.emb_text)
    __asm___12_nrf_atomic_c_85ca2469__nrf_atomic_internal_sub_hs 0x000263a1   Thumb Code    30  nrf_atomic.o(.emb_text)
    Reset_Handler                            0x000263c1   Thumb Code     8  arm_startup_nrf52.o(.text)
    NMI_Handler                              0x000263c9   Thumb Code     2  arm_startup_nrf52.o(.text)
    HardFault_Handler                        0x000263cb   Thumb Code     2  arm_startup_nrf52.o(.text)
    MemoryManagement_Handler                 0x000263cd   Thumb Code     2  arm_startup_nrf52.o(.text)
    BusFault_Handler                         0x000263cf   Thumb Code     2  arm_startup_nrf52.o(.text)
    UsageFault_Handler                       0x000263d1   Thumb Code     2  arm_startup_nrf52.o(.text)
    SVC_Handler                              0x000263d3   Thumb Code     2  arm_startup_nrf52.o(.text)
    DebugMon_Handler                         0x000263d5   Thumb Code     2  arm_startup_nrf52.o(.text)
    PendSV_Handler                           0x000263d7   Thumb Code     2  arm_startup_nrf52.o(.text)
    SysTick_Handler                          0x000263d9   Thumb Code     2  arm_startup_nrf52.o(.text)
    CCM_AAR_IRQHandler                       0x000263db   Thumb Code     0  arm_startup_nrf52.o(.text)
    COMP_LPCOMP_IRQHandler                   0x000263db   Thumb Code     0  arm_startup_nrf52.o(.text)
    ECB_IRQHandler                           0x000263db   Thumb Code     0  arm_startup_nrf52.o(.text)
    FPU_IRQHandler                           0x000263db   Thumb Code     0  arm_startup_nrf52.o(.text)
    I2S_IRQHandler                           0x000263db   Thumb Code     0  arm_startup_nrf52.o(.text)
    MWU_IRQHandler                           0x000263db   Thumb Code     0  arm_startup_nrf52.o(.text)
    NFCT_IRQHandler                          0x000263db   Thumb Code     0  arm_startup_nrf52.o(.text)
    PDM_IRQHandler                           0x000263db   Thumb Code     0  arm_startup_nrf52.o(.text)
    PWM0_IRQHandler                          0x000263db   Thumb Code     0  arm_startup_nrf52.o(.text)
    PWM1_IRQHandler                          0x000263db   Thumb Code     0  arm_startup_nrf52.o(.text)
    PWM2_IRQHandler                          0x000263db   Thumb Code     0  arm_startup_nrf52.o(.text)
    QDEC_IRQHandler                          0x000263db   Thumb Code     0  arm_startup_nrf52.o(.text)
    RADIO_IRQHandler                         0x000263db   Thumb Code     0  arm_startup_nrf52.o(.text)
    RNG_IRQHandler                           0x000263db   Thumb Code     0  arm_startup_nrf52.o(.text)
    RTC0_IRQHandler                          0x000263db   Thumb Code     0  arm_startup_nrf52.o(.text)
    RTC2_IRQHandler                          0x000263db   Thumb Code     0  arm_startup_nrf52.o(.text)
    SAADC_IRQHandler                         0x000263db   Thumb Code     0  arm_startup_nrf52.o(.text)
    SPIM0_SPIS0_TWIM0_TWIS0_SPI0_TWI0_IRQHandler 0x000263db   Thumb Code     0  arm_startup_nrf52.o(.text)
    SPIM1_SPIS1_TWIM1_TWIS1_SPI1_TWI1_IRQHandler 0x000263db   Thumb Code     0  arm_startup_nrf52.o(.text)
    SPIM2_SPIS2_SPI2_IRQHandler              0x000263db   Thumb Code     0  arm_startup_nrf52.o(.text)
    SWI0_EGU0_IRQHandler                     0x000263db   Thumb Code     0  arm_startup_nrf52.o(.text)
    SWI1_EGU1_IRQHandler                     0x000263db   Thumb Code     0  arm_startup_nrf52.o(.text)
    SWI3_EGU3_IRQHandler                     0x000263db   Thumb Code     0  arm_startup_nrf52.o(.text)
    SWI4_EGU4_IRQHandler                     0x000263db   Thumb Code     0  arm_startup_nrf52.o(.text)
    SWI5_EGU5_IRQHandler                     0x000263db   Thumb Code     0  arm_startup_nrf52.o(.text)
    TEMP_IRQHandler                          0x000263db   Thumb Code     0  arm_startup_nrf52.o(.text)
    TIMER0_IRQHandler                        0x000263db   Thumb Code     0  arm_startup_nrf52.o(.text)
    TIMER1_IRQHandler                        0x000263db   Thumb Code     0  arm_startup_nrf52.o(.text)
    TIMER2_IRQHandler                        0x000263db   Thumb Code     0  arm_startup_nrf52.o(.text)
    TIMER3_IRQHandler                        0x000263db   Thumb Code     0  arm_startup_nrf52.o(.text)
    TIMER4_IRQHandler                        0x000263db   Thumb Code     0  arm_startup_nrf52.o(.text)
    WDT_IRQHandler                           0x000263db   Thumb Code     0  arm_startup_nrf52.o(.text)
    __aeabi_uldivmod                         0x000263e5   Thumb Code    98  uldiv.o(.text)
    __aeabi_llsl                             0x00026447   Thumb Code    30  llshl.o(.text)
    _ll_shift_l                              0x00026447   Thumb Code     0  llshl.o(.text)
    __rt_ctype_table                         0x00026465   Thumb Code     4  ctype_o.o(.text)
    __aeabi_memcpy                           0x0002646d   Thumb Code    36  memcpya.o(.text)
    __aeabi_memcpy4                          0x0002646d   Thumb Code     0  memcpya.o(.text)
    __aeabi_memcpy8                          0x0002646d   Thumb Code     0  memcpya.o(.text)
    __aeabi_memset                           0x00026491   Thumb Code    14  memseta.o(.text)
    __aeabi_memset4                          0x00026491   Thumb Code     0  memseta.o(.text)
    __aeabi_memset8                          0x00026491   Thumb Code     0  memseta.o(.text)
    __aeabi_memclr                           0x0002649f   Thumb Code     4  memseta.o(.text)
    __aeabi_memclr4                          0x0002649f   Thumb Code     0  memseta.o(.text)
    __aeabi_memclr8                          0x0002649f   Thumb Code     0  memseta.o(.text)
    _memset$wrapper                          0x000264a3   Thumb Code    18  memseta.o(.text)
    strlen                                   0x000264b5   Thumb Code    14  strlen.o(.text)
    __aeabi_llsr                             0x000264c3   Thumb Code    32  llushr.o(.text)
    _ll_ushift_r                             0x000264c3   Thumb Code     0  llushr.o(.text)
    __scatterload                            0x000264e5   Thumb Code    28  init.o(.text)
    __scatterload_rt2                        0x000264e5   Thumb Code     0  init.o(.text)
    GPIOTE_IRQHandler                        0x00026509   Thumb Code   154  nrfx_gpiote.o(i.GPIOTE_IRQHandler)
    POWER_CLOCK_IRQHandler                   0x000265ad   Thumb Code    82  nrfx_clock.o(i.POWER_CLOCK_IRQHandler)
    RTC1_IRQHandler                          0x00026605   Thumb Code    12  drv_rtc.o(i.RTC1_IRQHandler)
    SWI2_EGU2_IRQHandler                     0x00026615   Thumb Code     4  nrf_sdh.o(i.SWI2_EGU2_IRQHandler)
    SystemInit                               0x00026619   Thumb Code   736  system_nrf52.o(i.SystemInit)
    UARTE0_UART0_IRQHandler                  0x00026941   Thumb Code     6  nrfx_prs.o(i.UARTE0_UART0_IRQHandler)
    __scatterload_copy                       0x0002694d   Thumb Code    14  handlers.o(i.__scatterload_copy)
    __scatterload_null                       0x0002695b   Thumb Code     2  handlers.o(i.__scatterload_null)
    __scatterload_zeroinit                   0x0002695d   Thumb Code    14  handlers.o(i.__scatterload_zeroinit)
    app_button_enable                        0x00026a59   Thumb Code    32  app_button.o(i.app_button_enable)
    app_button_init                          0x00026a7d   Thumb Code   106  app_button.o(i.app_button_init)
    app_error_fault_handler                  0x00026afd   Thumb Code    86  app_error_weak.o(i.app_error_fault_handler)
    app_error_handler_bare                   0x00026b81   Thumb Code    22  app_error.o(i.app_error_handler_bare)
    app_timer_cnt_get                        0x00026b99   Thumb Code     6  app_timer2.o(i.app_timer_cnt_get)
    app_timer_create                         0x00026ba5   Thumb Code    22  app_timer2.o(i.app_timer_create)
    app_timer_init                           0x00026bbd   Thumb Code    70  app_timer2.o(i.app_timer_init)
    app_timer_start                          0x00026c19   Thumb Code    48  app_timer2.o(i.app_timer_start)
    app_timer_stop                           0x00026c49   Thumb Code    12  app_timer2.o(i.app_timer_stop)
    app_util_critical_region_enter           0x00026c55   Thumb Code    64  app_util_platform.o(i.app_util_critical_region_enter)
    app_util_critical_region_exit            0x00026c9d   Thumb Code    46  app_util_platform.o(i.app_util_critical_region_exit)
    ble_advdata_encode                       0x00026de1   Thumb Code   386  ble_advdata.o(i.ble_advdata_encode)
    bsp_board_init                           0x00026fc5   Thumb Code    80  boards.o(i.bsp_board_init)
    bsp_board_led_invert                     0x00027019   Thumb Code    32  boards.o(i.bsp_board_led_invert)
    bsp_board_led_off                        0x0002703d   Thumb Code    10  boards.o(i.bsp_board_led_off)
    bsp_board_led_on                         0x0002704d   Thumb Code    10  boards.o(i.bsp_board_led_on)
    bsp_board_led_state_get                  0x0002705d   Thumb Code    28  boards.o(i.bsp_board_led_state_get)
    bsp_board_leds_off                       0x0002707d   Thumb Code    18  boards.o(i.bsp_board_leds_off)
    bsp_board_leds_on                        0x0002708f   Thumb Code    18  boards.o(i.bsp_board_leds_on)
    bsp_board_pin_to_button_idx              0x000270a1   Thumb Code    30  boards.o(i.bsp_board_pin_to_button_idx)
    bsp_event_to_button_action_assign        0x00027155   Thumb Code    64  bsp.o(i.bsp_event_to_button_action_assign)
    bsp_indication_set                       0x00027199   Thumb Code    20  bsp.o(i.bsp_indication_set)
    bsp_init                                 0x000271b1   Thumb Code   128  bsp.o(i.bsp_init)
    buffer_is_empty                          0x000274d1   Thumb Code    18  nrf_log_frontend.o(i.buffer_is_empty)
    drv_rtc_compare_disable                  0x000276cd   Thumb Code    20  drv_rtc.o(i.drv_rtc_compare_disable)
    drv_rtc_compare_pending                  0x000276e1   Thumb Code    14  drv_rtc.o(i.drv_rtc_compare_pending)
    drv_rtc_compare_set                      0x000276ef   Thumb Code    80  drv_rtc.o(i.drv_rtc_compare_set)
    drv_rtc_counter_get                      0x0002773f   Thumb Code     8  drv_rtc.o(i.drv_rtc_counter_get)
    drv_rtc_init                             0x00027749   Thumb Code   148  drv_rtc.o(i.drv_rtc_init)
    drv_rtc_irq_trigger                      0x00027821   Thumb Code    30  drv_rtc.o(i.drv_rtc_irq_trigger)
    drv_rtc_overflow_enable                  0x0002783f   Thumb Code     8  drv_rtc.o(i.drv_rtc_overflow_enable)
    drv_rtc_overflow_pending                 0x00027847   Thumb Code     8  drv_rtc.o(i.drv_rtc_overflow_pending)
    drv_rtc_start                            0x0002784f   Thumb Code     8  drv_rtc.o(i.drv_rtc_start)
    drv_rtc_stop                             0x00027857   Thumb Code     8  drv_rtc.o(i.drv_rtc_stop)
    drv_rtc_windowed_compare_set             0x0002785f   Thumb Code   222  drv_rtc.o(i.drv_rtc_windowed_compare_set)
    evt_handle                               0x00027951   Thumb Code   216  app_button.o(i.evt_handle)
    main                                     0x00027d01   Thumb Code   186  main.o(i.main)
    nrf_atfifo_init                          0x00027f9f   Thumb Code    38  nrf_atfifo.o(i.nrf_atfifo_init)
    nrf_atfifo_item_alloc                    0x00027fc5   Thumb Code    22  nrf_atfifo.o(i.nrf_atfifo_item_alloc)
    nrf_atfifo_item_free                     0x00027fdb   Thumb Code    22  nrf_atfifo.o(i.nrf_atfifo_item_free)
    nrf_atfifo_item_get                      0x00027ff1   Thumb Code    22  nrf_atfifo.o(i.nrf_atfifo_item_get)
    nrf_atfifo_item_put                      0x00028007   Thumb Code    22  nrf_atfifo.o(i.nrf_atfifo_item_put)
    nrf_atomic_flag_clear_fetch              0x0002801d   Thumb Code     6  nrf_atomic.o(i.nrf_atomic_flag_clear_fetch)
    nrf_atomic_flag_set                      0x00028023   Thumb Code     6  nrf_atomic.o(i.nrf_atomic_flag_set)
    nrf_atomic_u32_add                       0x00028029   Thumb Code    12  nrf_atomic.o(i.nrf_atomic_u32_add)
    nrf_atomic_u32_fetch_and                 0x00028035   Thumb Code    10  nrf_atomic.o(i.nrf_atomic_u32_fetch_and)
    nrf_atomic_u32_fetch_store               0x0002803f   Thumb Code    10  nrf_atomic.o(i.nrf_atomic_u32_fetch_store)
    nrf_atomic_u32_or                        0x00028049   Thumb Code    12  nrf_atomic.o(i.nrf_atomic_u32_or)
    nrf_atomic_u32_sub                       0x00028055   Thumb Code    12  nrf_atomic.o(i.nrf_atomic_u32_sub)
    nrf_balloc_alloc                         0x00028061   Thumb Code    68  nrf_balloc.o(i.nrf_balloc_alloc)
    nrf_balloc_free                          0x000280a5   Thumb Code    48  nrf_balloc.o(i.nrf_balloc_free)
    nrf_balloc_init                          0x000280d5   Thumb Code    48  nrf_balloc.o(i.nrf_balloc_init)
    nrf_drv_clock_init                       0x00028135   Thumb Code    56  nrf_drv_clock.o(i.nrf_drv_clock_init)
    nrf_drv_clock_lfclk_release              0x00028175   Thumb Code    48  nrf_drv_clock.o(i.nrf_drv_clock_lfclk_release)
    nrf_drv_uart_init                        0x000281a9   Thumb Code    90  nrf_drv_uart.o(i.nrf_drv_uart_init)
    nrf_fprintf                              0x00028211   Thumb Code    26  nrf_fprintf.o(i.nrf_fprintf)
    nrf_fprintf_buffer_flush                 0x0002822b   Thumb Code    24  nrf_fprintf.o(i.nrf_fprintf_buffer_flush)
    nrf_fprintf_fmt                          0x00028243   Thumb Code   474  nrf_fprintf_format.o(i.nrf_fprintf_fmt)
    nrf_log_backend_add                      0x000285c5   Thumb Code    86  nrf_log_frontend.o(i.nrf_log_backend_add)
    nrf_log_backend_serial_put               0x00028621   Thumb Code   200  nrf_log_backend_serial.o(i.nrf_log_backend_serial_put)
    nrf_log_backend_uart_init                0x000286eb   Thumb Code     6  nrf_log_backend_uart.o(i.nrf_log_backend_uart_init)
    nrf_log_color_id_get                     0x00028735   Thumb Code    42  nrf_log_frontend.o(i.nrf_log_color_id_get)
    nrf_log_default_backends_init            0x00028765   Thumb Code    24  nrf_log_default_backends.o(i.nrf_log_default_backends_init)
    nrf_log_frontend_dequeue                 0x00028781   Thumb Code   528  nrf_log_frontend.o(i.nrf_log_frontend_dequeue)
    nrf_log_frontend_std_0                   0x000289b9   Thumb Code     8  nrf_log_frontend.o(i.nrf_log_frontend_std_0)
    nrf_log_frontend_std_1                   0x000289c1   Thumb Code    14  nrf_log_frontend.o(i.nrf_log_frontend_std_1)
    nrf_log_frontend_std_2                   0x000289cf   Thumb Code    16  nrf_log_frontend.o(i.nrf_log_frontend_std_2)
    nrf_log_hexdump_entry_process            0x000289e1   Thumb Code   150  nrf_log_str_formatter.o(i.nrf_log_hexdump_entry_process)
    nrf_log_init                             0x00028a91   Thumb Code    28  nrf_log_frontend.o(i.nrf_log_init)
    nrf_log_module_cnt_get                   0x00028ab9   Thumb Code    10  nrf_log_frontend.o(i.nrf_log_module_cnt_get)
    nrf_log_module_name_get                  0x00028acd   Thumb Code    24  nrf_log_frontend.o(i.nrf_log_module_name_get)
    nrf_log_panic                            0x00028ae9   Thumb Code    36  nrf_log_frontend.o(i.nrf_log_panic)
    nrf_log_std_entry_process                0x00028b11   Thumb Code   182  nrf_log_str_formatter.o(i.nrf_log_std_entry_process)
    nrf_memobj_alloc                         0x00028bc7   Thumb Code    96  nrf_memobj.o(i.nrf_memobj_alloc)
    nrf_memobj_free                          0x00028c27   Thumb Code    50  nrf_memobj.o(i.nrf_memobj_free)
    nrf_memobj_get                           0x00028c59   Thumb Code     8  nrf_memobj.o(i.nrf_memobj_get)
    nrf_memobj_pool_init                     0x00028c61   Thumb Code     4  nrf_memobj.o(i.nrf_memobj_pool_init)
    nrf_memobj_put                           0x00028c65   Thumb Code    30  nrf_memobj.o(i.nrf_memobj_put)
    nrf_memobj_read                          0x00028c83   Thumb Code    16  nrf_memobj.o(i.nrf_memobj_read)
    nrf_memobj_write                         0x00028c93   Thumb Code    16  nrf_memobj.o(i.nrf_memobj_write)
    nrf_pwr_mgmt_init                        0x00028ca5   Thumb Code    28  nrf_pwr_mgmt.o(i.nrf_pwr_mgmt_init)
    nrf_pwr_mgmt_run                         0x00028ccd   Thumb Code    64  nrf_pwr_mgmt.o(i.nrf_pwr_mgmt_run)
    nrf_ringbuf_init                         0x00028d11   Thumb Code    28  nrf_ringbuf.o(i.nrf_ringbuf_init)
    nrf_sdh_ble_app_ram_start_get            0x00028d39   Thumb Code    16  nrf_sdh_ble.o(i.nrf_sdh_ble_app_ram_start_get)
    nrf_sdh_ble_default_cfg_set              0x00028d4d   Thumb Code   224  nrf_sdh_ble.o(i.nrf_sdh_ble_default_cfg_set)
    nrf_sdh_ble_enable                       0x00028e49   Thumb Code   116  nrf_sdh_ble.o(i.nrf_sdh_ble_enable)
    nrf_sdh_enable_request                   0x00028fd5   Thumb Code   102  nrf_sdh.o(i.nrf_sdh_enable_request)
    nrf_sdh_evts_poll                        0x00029049   Thumb Code    32  nrf_sdh.o(i.nrf_sdh_evts_poll)
    nrf_sdh_is_enabled                       0x0002906d   Thumb Code     6  nrf_sdh.o(i.nrf_sdh_is_enabled)
    nrf_section_iter_init                    0x000290b5   Thumb Code    10  nrf_section_iter.o(i.nrf_section_iter_init)
    nrf_section_iter_next                    0x000290e3   Thumb Code    32  nrf_section_iter.o(i.nrf_section_iter_next)
    nrf_sortlist_add                         0x00029103   Thumb Code    34  nrf_sortlist.o(i.nrf_sortlist_add)
    nrf_sortlist_peek                        0x00029125   Thumb Code     6  nrf_sortlist.o(i.nrf_sortlist_peek)
    nrf_sortlist_pop                         0x0002912b   Thumb Code    14  nrf_sortlist.o(i.nrf_sortlist_pop)
    nrf_sortlist_remove                      0x00029139   Thumb Code    30  nrf_sortlist.o(i.nrf_sortlist_remove)
    nrf_strerror_find                        0x00029159   Thumb Code    52  nrf_strerror.o(i.nrf_strerror_find)
    nrf_strerror_get                         0x00029191   Thumb Code    14  nrf_strerror.o(i.nrf_strerror_get)
    nrfx_clock_enable                        0x000291ed   Thumb Code    34  nrfx_clock.o(i.nrfx_clock_enable)
    nrfx_clock_init                          0x00029219   Thumb Code    26  nrfx_clock.o(i.nrfx_clock_init)
    nrfx_clock_lfclk_stop                    0x00029239   Thumb Code    38  nrfx_clock.o(i.nrfx_clock_lfclk_stop)
    nrfx_gpiote_in_event_enable              0x00029279   Thumb Code   152  nrfx_gpiote.o(i.nrfx_gpiote_in_event_enable)
    nrfx_gpiote_in_init                      0x00029319   Thumb Code   190  nrfx_gpiote.o(i.nrfx_gpiote_in_init)
    nrfx_gpiote_in_is_set                    0x000293e5   Thumb Code    20  nrfx_gpiote.o(i.nrfx_gpiote_in_is_set)
    nrfx_gpiote_init                         0x000293f9   Thumb Code   102  nrfx_gpiote.o(i.nrfx_gpiote_init)
    nrfx_gpiote_is_init                      0x0002946d   Thumb Code    14  nrfx_gpiote.o(i.nrfx_gpiote_is_init)
    nrfx_prs_acquire                         0x00029491   Thumb Code    58  nrfx_prs.o(i.nrfx_prs_acquire)
    nrfx_prs_release                         0x000294cb   Thumb Code    18  nrfx_prs.o(i.nrfx_prs_release)
    nrfx_uart_0_irq_handler                  0x000294dd   Thumb Code     8  nrfx_uart.o(i.nrfx_uart_0_irq_handler)
    nrfx_uart_init                           0x000294ed   Thumb Code   200  nrfx_uart.o(i.nrfx_uart_init)
    nrfx_uart_tx                             0x000295c1   Thumb Code   162  nrfx_uart.o(i.nrfx_uart_tx)
    nrfx_uart_tx_in_progress                 0x00029669   Thumb Code    26  nrfx_uart.o(i.nrfx_uart_tx_in_progress)
    nrfx_uart_uninit                         0x00029689   Thumb Code   182  nrfx_uart.o(i.nrfx_uart_uninit)
    nrfx_uarte_0_irq_handler                 0x00029749   Thumb Code     8  nrfx_uarte.o(i.nrfx_uarte_0_irq_handler)
    nrfx_uarte_init                          0x00029759   Thumb Code   100  nrfx_uarte.o(i.nrfx_uarte_init)
    nrfx_uarte_tx                            0x000297c5   Thumb Code   166  nrfx_uarte.o(i.nrfx_uarte_tx)
    nrfx_uarte_tx_in_progress                0x00029871   Thumb Code    22  nrfx_uarte.o(i.nrfx_uarte_tx_in_progress)
    nrfx_uarte_uninit                        0x0002988d   Thumb Code   254  nrfx_uarte.o(i.nrfx_uarte_uninit)
    nrf_log_backend_uart_api                 0x0002a878   Data          12  nrf_log_backend_uart.o(.constdata)
    m_ram_start                              0x0002a928   Data           4  nrf_sdh_ble.o(.constdata)
    __ctype_table                            0x0002a954   Data         129  ctype_o.o(.constdata)
    Region$$Table$$Base                      0x0002b04c   Number         0  anon$$obj.o(Region$$Table)
    Region$$Table$$Limit                     0x0002b06c   Number         0  anon$$obj.o(Region$$Table)
    log_const_data$$Base                     0x0002b07c   Number         0  nrf_drv_clock.o(log_const_data)
    m_nrf_log_clock_logs_data_const          0x0002b07c   Data           8  nrf_drv_clock.o(log_const_data)
    m_nrf_log_CLOCK_logs_data_const          0x0002b084   Data           8  nrfx_clock.o(log_const_data)
    m_nrf_log_GPIOTE_logs_data_const         0x0002b08c   Data           8  nrfx_gpiote.o(log_const_data)
    m_nrf_log_PRS_logs_data_const            0x0002b094   Data           8  nrfx_prs.o(log_const_data)
    m_nrf_log_UART_logs_data_const           0x0002b09c   Data           8  nrfx_uart.o(log_const_data)
    m_nrf_log_UARTE_logs_data_const          0x0002b0a4   Data           8  nrfx_uarte.o(log_const_data)
    m_nrf_log_app_button_logs_data_const     0x0002b0ac   Data           8  app_button.o(log_const_data)
    m_nrf_log_app_timer_logs_data_const      0x0002b0b4   Data           8  app_timer2.o(log_const_data)
    m_nrf_log_pwr_mgmt_logs_data_const       0x0002b0bc   Data           8  nrf_pwr_mgmt.o(log_const_data)
    m_nrf_log_sortlist_logs_data_const       0x0002b0c4   Data           8  nrf_sortlist.o(log_const_data)
    m_nrf_log_app_logs_data_const            0x0002b0cc   Data           8  nrf_log_frontend.o(log_const_data)
    m_nrf_log_nrf_sdh_logs_data_const        0x0002b0d4   Data           8  nrf_sdh.o(log_const_data)
    m_nrf_log_nrf_sdh_ble_logs_data_const    0x0002b0dc   Data           8  nrf_sdh_ble.o(log_const_data)
    m_nrf_log_nrf_sdh_soc_logs_data_const    0x0002b0e4   Data           8  nrf_sdh_soc.o(log_const_data)
    log_const_data$$Limit                    0x0002b0ec   Number         0  nrf_sdh_soc.o(log_const_data)
    log_mempool                              0x0002b0ec   Data          20  nrf_log_frontend.o(nrf_balloc)
    sdh_soc_observers0$$Base                 0x0002b100   Number         0  nrf_drv_clock.o(sdh_soc_observers0)
    sdh_soc_observers0$$Limit                0x0002b108   Number         0  nrf_drv_clock.o(sdh_soc_observers0)
    sdh_stack_observers0$$Base               0x0002b108   Number         0  nrf_sdh_ble.o(sdh_stack_observers0)
    sdh_stack_observers0$$Limit              0x0002b118   Number         0  nrf_sdh_soc.o(sdh_stack_observers0)
    sdh_state_observers0$$Base               0x0002b118   Number         0  nrf_drv_clock.o(sdh_state_observers0)
    sdh_state_observers0$$Limit              0x0002b120   Number         0  nrf_drv_clock.o(sdh_state_observers0)
    Image$$RW_IRAM1$$Base                    0x200018c8   Number         0  anon$$obj.o ABSOLUTE
    nrf_drv_uart_use_easy_dma                0x200018f0   Data           1  nrf_drv_uart.o(.data)
    m_uart                                   0x20001964   Data          20  nrf_log_backend_uart.o(.data)
    SystemCoreClock                          0x200019d8   Data           4  system_nrf52.o(.data)
    nrf_nvic_state                           0x20001c00   Data          12  app_util_platform.o(.bss)
    __initial_sp                             0x200041d0   Data           0  arm_startup_nrf52.o(STACK)



==============================================================================

Memory Map of the image

  Image Entry point : 0x00026201

  Load Region LR_IROM1 (Base: 0x00026000, Size: 0x00005234, Max: 0x0005a000, ABSOLUTE)

    Execution Region ER_IROM1 (Exec base: 0x00026000, Load base: 0x00026000, Size: 0x00005120, Max: 0x0005a000, ABSOLUTE)

    Exec Addr    Load Addr    Size         Type   Attr      Idx    E Section Name        Object

    0x00026000   0x00026000   0x00000200   Data   RO         4298    RESET               arm_startup_nrf52.o
    0x00026200   0x00026200   0x00000000   Code   RO         4354  * .ARM.Collect$$$$00000000  mc_w.l(entry.o)
    0x00026200   0x00026200   0x00000004   Code   RO         4408    .ARM.Collect$$$$00000001  mc_w.l(entry2.o)
    0x00026204   0x00026204   0x00000004   Code   RO         4411    .ARM.Collect$$$$00000004  mc_w.l(entry5.o)
    0x00026208   0x00026208   0x00000000   Code   RO         4413    .ARM.Collect$$$$00000008  mc_w.l(entry7b.o)
    0x00026208   0x00026208   0x00000000   Code   RO         4415    .ARM.Collect$$$$0000000A  mc_w.l(entry8b.o)
    0x00026208   0x00026208   0x00000008   Code   RO         4416    .ARM.Collect$$$$0000000B  mc_w.l(entry9a.o)
    0x00026210   0x00026210   0x00000000   Code   RO         4418    .ARM.Collect$$$$0000000D  mc_w.l(entry10a.o)
    0x00026210   0x00026210   0x00000000   Code   RO         4420    .ARM.Collect$$$$0000000F  mc_w.l(entry11a.o)
    0x00026210   0x00026210   0x00000004   Code   RO         4409    .ARM.Collect$$$$00002712  mc_w.l(entry2.o)
    0x00026214   0x00026214   0x000000c8   Code   RO         2655    .emb_text           nrf_atfifo.o
    0x000262dc   0x000262dc   0x000000e2   Code   RO         2725    .emb_text           nrf_atomic.o
    0x000263be   0x000263be   0x00000002   PAD
    0x000263c0   0x000263c0   0x00000024   Code   RO         4299    .text               arm_startup_nrf52.o
    0x000263e4   0x000263e4   0x00000062   Code   RO         4362    .text               mc_w.l(uldiv.o)
    0x00026446   0x00026446   0x0000001e   Code   RO         4364    .text               mc_w.l(llshl.o)
    0x00026464   0x00026464   0x00000008   Code   RO         4366    .text               mc_w.l(ctype_o.o)
    0x0002646c   0x0002646c   0x00000024   Code   RO         4394    .text               mc_w.l(memcpya.o)
    0x00026490   0x00026490   0x00000024   Code   RO         4396    .text               mc_w.l(memseta.o)
    0x000264b4   0x000264b4   0x0000000e   Code   RO         4398    .text               mc_w.l(strlen.o)
    0x000264c2   0x000264c2   0x00000020   Code   RO         4423    .text               mc_w.l(llushr.o)
    0x000264e2   0x000264e2   0x00000002   PAD
    0x000264e4   0x000264e4   0x00000024   Code   RO         4426    .text               mc_w.l(init.o)
    0x00026508   0x00026508   0x000000a4   Code   RO         1267    i.GPIOTE_IRQHandler  nrfx_gpiote.o
    0x000265ac   0x000265ac   0x00000058   Code   RO         1128    i.POWER_CLOCK_IRQHandler  nrfx_clock.o
    0x00026604   0x00026604   0x00000010   Code   RO         2444    i.RTC1_IRQHandler   drv_rtc.o
    0x00026614   0x00026614   0x00000004   Code   RO         4089    i.SWI2_EGU2_IRQHandler  nrf_sdh.o
    0x00026618   0x00026618   0x00000328   Code   RO         4307    i.SystemInit        system_nrf52.o
    0x00026940   0x00026940   0x0000000c   Code   RO         1572    i.UARTE0_UART0_IRQHandler  nrfx_prs.o
    0x0002694c   0x0002694c   0x0000000e   Code   RO         4430    i.__scatterload_copy  mc_w.l(handlers.o)
    0x0002695a   0x0002695a   0x00000002   Code   RO         4431    i.__scatterload_null  mc_w.l(handlers.o)
    0x0002695c   0x0002695c   0x0000000e   Code   RO         4432    i.__scatterload_zeroinit  mc_w.l(handlers.o)
    0x0002696a   0x0002696a   0x00000002   PAD
    0x0002696c   0x0002696c   0x00000024   Code   RO         4090    i.__sd_nvic_app_accessible_irq  nrf_sdh.o
    0x00026990   0x00026990   0x000000c0   Code   RO            4    i.advertising_init  main.o
    0x00026a50   0x00026a50   0x00000006   Code   RO          419    i.alert_timer_handler  bsp.o
    0x00026a56   0x00026a56   0x00000002   PAD
    0x00026a58   0x00026a58   0x00000024   Code   RO         1975    i.app_button_enable  app_button.o
    0x00026a7c   0x00026a7c   0x00000080   Code   RO         1976    i.app_button_init   app_button.o
    0x00026afc   0x00026afc   0x00000084   Code   RO         2137    i.app_error_fault_handler  app_error_weak.o
    0x00026b80   0x00026b80   0x00000016   Code   RO         2077    i.app_error_handler_bare  app_error.o
    0x00026b96   0x00026b96   0x00000002   PAD
    0x00026b98   0x00026b98   0x0000000c   Code   RO         2235    i.app_timer_cnt_get  app_timer2.o
    0x00026ba4   0x00026ba4   0x00000016   Code   RO         2236    i.app_timer_create  app_timer2.o
    0x00026bba   0x00026bba   0x00000002   PAD
    0x00026bbc   0x00026bbc   0x0000005c   Code   RO         2237    i.app_timer_init    app_timer2.o
    0x00026c18   0x00026c18   0x00000030   Code   RO         2240    i.app_timer_start   app_timer2.o
    0x00026c48   0x00026c48   0x0000000c   Code   RO         2241    i.app_timer_stop    app_timer2.o
    0x00026c54   0x00026c54   0x00000048   Code   RO         2376    i.app_util_critical_region_enter  app_util_platform.o
    0x00026c9c   0x00026c9c   0x00000034   Code   RO         2377    i.app_util_critical_region_exit  app_util_platform.o
    0x00026cd0   0x00026cd0   0x00000088   Code   RO         1626    i.apply_config      nrfx_uart.o
    0x00026d58   0x00026d58   0x00000088   Code   RO         1814    i.apply_config      nrfx_uarte.o
    0x00026de0   0x00026de0   0x00000182   Code   RO          594    i.ble_advdata_encode  ble_advdata.o
    0x00026f62   0x00026f62   0x00000060   Code   RO          600    i.ble_device_addr_encode  ble_advdata.o
    0x00026fc2   0x00026fc2   0x00000002   PAD
    0x00026fc4   0x00026fc4   0x00000054   Code   RO          315    i.bsp_board_init    boards.o
    0x00027018   0x00027018   0x00000024   Code   RO          317    i.bsp_board_led_invert  boards.o
    0x0002703c   0x0002703c   0x00000010   Code   RO          318    i.bsp_board_led_off  boards.o
    0x0002704c   0x0002704c   0x00000010   Code   RO          319    i.bsp_board_led_on  boards.o
    0x0002705c   0x0002705c   0x00000020   Code   RO          320    i.bsp_board_led_state_get  boards.o
    0x0002707c   0x0002707c   0x00000012   Code   RO          321    i.bsp_board_leds_off  boards.o
    0x0002708e   0x0002708e   0x00000012   Code   RO          322    i.bsp_board_leds_on  boards.o
    0x000270a0   0x000270a0   0x00000024   Code   RO          323    i.bsp_board_pin_to_button_idx  boards.o
    0x000270c4   0x000270c4   0x00000090   Code   RO          420    i.bsp_button_event_handler  bsp.o
    0x00027154   0x00027154   0x00000044   Code   RO          424    i.bsp_event_to_button_action_assign  bsp.o
    0x00027198   0x00027198   0x00000018   Code   RO          425    i.bsp_indication_set  bsp.o
    0x000271b0   0x000271b0   0x00000094   Code   RO          426    i.bsp_init          bsp.o
    0x00027244   0x00027244   0x000001c8   Code   RO          427    i.bsp_led_indication  bsp.o
    0x0002740c   0x0002740c   0x00000094   Code   RO         3488    i.buf_prealloc      nrf_log_frontend.o
    0x000274a0   0x000274a0   0x0000002e   Code   RO         2940    i.buffer_add        nrf_fprintf_format.o
    0x000274ce   0x000274ce   0x00000002   PAD
    0x000274d0   0x000274d0   0x00000018   Code   RO         3489    i.buffer_is_empty   nrf_log_frontend.o
    0x000274e8   0x000274e8   0x00000028   Code   RO         1978    i.button_get        app_button.o
    0x00027510   0x00027510   0x00000008   Code   RO          430    i.button_timer_handler  bsp.o
    0x00027518   0x00027518   0x0000001c   Code   RO         1268    i.channel_free      nrfx_gpiote.o
    0x00027534   0x00027534   0x00000048   Code   RO         1269    i.channel_port_alloc  nrfx_gpiote.o
    0x0002757c   0x0002757c   0x00000010   Code   RO         1270    i.channel_port_get  nrfx_gpiote.o
    0x0002758c   0x0002758c   0x00000028   Code   RO          777    i.clock_clk_started_notify  nrf_drv_clock.o
    0x000275b4   0x000275b4   0x0000001c   Code   RO          778    i.clock_irq_handler  nrf_drv_clock.o
    0x000275d0   0x000275d0   0x00000018   Code   RO         2243    i.compare_func      app_timer2.o
    0x000275e8   0x000275e8   0x00000088   Code   RO          601    i.conn_int_encode   ble_advdata.o
    0x00027670   0x00027670   0x00000048   Code   RO         1979    i.detection_delay_timeout_handler  app_button.o
    0x000276b8   0x000276b8   0x00000014   Code   RO         3490    i.dropped_sat16_get  nrf_log_frontend.o
    0x000276cc   0x000276cc   0x00000014   Code   RO         2445    i.drv_rtc_compare_disable  drv_rtc.o
    0x000276e0   0x000276e0   0x0000000e   Code   RO         2448    i.drv_rtc_compare_pending  drv_rtc.o
    0x000276ee   0x000276ee   0x00000050   Code   RO         2449    i.drv_rtc_compare_set  drv_rtc.o
    0x0002773e   0x0002773e   0x00000008   Code   RO         2450    i.drv_rtc_counter_get  drv_rtc.o
    0x00027746   0x00027746   0x00000002   PAD
    0x00027748   0x00027748   0x000000d8   Code   RO         2451    i.drv_rtc_init      drv_rtc.o
    0x00027820   0x00027820   0x0000001e   Code   RO         2452    i.drv_rtc_irq_trigger  drv_rtc.o
    0x0002783e   0x0002783e   0x00000008   Code   RO         2454    i.drv_rtc_overflow_enable  drv_rtc.o
    0x00027846   0x00027846   0x00000008   Code   RO         2455    i.drv_rtc_overflow_pending  drv_rtc.o
    0x0002784e   0x0002784e   0x00000008   Code   RO         2456    i.drv_rtc_start     drv_rtc.o
    0x00027856   0x00027856   0x00000008   Code   RO         2457    i.drv_rtc_stop      drv_rtc.o
    0x0002785e   0x0002785e   0x000000de   Code   RO         2462    i.drv_rtc_windowed_compare_set  drv_rtc.o
    0x0002793c   0x0002793c   0x00000012   Code   RO         2463    i.evt_enable        drv_rtc.o
    0x0002794e   0x0002794e   0x00000002   PAD
    0x00027950   0x00027950   0x000000e0   Code   RO         1980    i.evt_handle        app_button.o
    0x00027a30   0x00027a30   0x00000014   Code   RO         2464    i.evt_pending       drv_rtc.o
    0x00027a44   0x00027a44   0x00000034   Code   RO         2244    i.get_now           app_timer2.o
    0x00027a78   0x00027a78   0x0000003c   Code   RO         1981    i.gpiote_event_handler  app_button.o
    0x00027ab4   0x00027ab4   0x000000a6   Code   RO         2941    i.int_print         nrf_fprintf_format.o
    0x00027b5a   0x00027b5a   0x00000002   PAD
    0x00027b5c   0x00027b5c   0x00000088   Code   RO         1815    i.interrupts_enable  nrfx_uarte.o
    0x00027be4   0x00027be4   0x00000034   Code   RO         3491    i.invalid_packets_omit  nrf_log_frontend.o
    0x00027c18   0x00027c18   0x00000030   Code   RO          431    i.leds_off          bsp.o
    0x00027c48   0x00027c48   0x00000014   Code   RO          432    i.leds_timer_handler  bsp.o
    0x00027c5c   0x00027c5c   0x000000a4   Code   RO         3492    i.log_skip          nrf_log_frontend.o
    0x00027d00   0x00027d00   0x000000e4   Code   RO            6    i.main              main.o
    0x00027de4   0x00027de4   0x00000064   Code   RO          602    i.manuf_specific_data_encode  ble_advdata.o
    0x00027e48   0x00027e48   0x0000007e   Code   RO         2980    i.memobj_op         nrf_memobj.o
    0x00027ec6   0x00027ec6   0x00000002   PAD
    0x00027ec8   0x00027ec8   0x00000030   Code   RO         3493    i.module_idx_get    nrf_log_frontend.o
    0x00027ef8   0x00027ef8   0x000000a6   Code   RO          603    i.name_encode       ble_advdata.o
    0x00027f9e   0x00027f9e   0x00000026   Code   RO         2659    i.nrf_atfifo_init   nrf_atfifo.o
    0x00027fc4   0x00027fc4   0x00000016   Code   RO         2660    i.nrf_atfifo_item_alloc  nrf_atfifo.o
    0x00027fda   0x00027fda   0x00000016   Code   RO         2661    i.nrf_atfifo_item_free  nrf_atfifo.o
    0x00027ff0   0x00027ff0   0x00000016   Code   RO         2662    i.nrf_atfifo_item_get  nrf_atfifo.o
    0x00028006   0x00028006   0x00000016   Code   RO         2663    i.nrf_atfifo_item_put  nrf_atfifo.o
    0x0002801c   0x0002801c   0x00000006   Code   RO         2727    i.nrf_atomic_flag_clear_fetch  nrf_atomic.o
    0x00028022   0x00028022   0x00000006   Code   RO         2728    i.nrf_atomic_flag_set  nrf_atomic.o
    0x00028028   0x00028028   0x0000000c   Code   RO         2730    i.nrf_atomic_u32_add  nrf_atomic.o
    0x00028034   0x00028034   0x0000000a   Code   RO         2734    i.nrf_atomic_u32_fetch_and  nrf_atomic.o
    0x0002803e   0x0002803e   0x0000000a   Code   RO         2736    i.nrf_atomic_u32_fetch_store  nrf_atomic.o
    0x00028048   0x00028048   0x0000000c   Code   RO         2740    i.nrf_atomic_u32_or  nrf_atomic.o
    0x00028054   0x00028054   0x0000000c   Code   RO         2742    i.nrf_atomic_u32_sub  nrf_atomic.o
    0x00028060   0x00028060   0x00000044   Code   RO         2864    i.nrf_balloc_alloc  nrf_balloc.o
    0x000280a4   0x000280a4   0x00000030   Code   RO         2865    i.nrf_balloc_free   nrf_balloc.o
    0x000280d4   0x000280d4   0x00000030   Code   RO         2866    i.nrf_balloc_init   nrf_balloc.o
    0x00028104   0x00028104   0x00000010   Code   RO         1271    i.nrf_bitmask_bit_is_set  nrfx_gpiote.o
    0x00028114   0x00028114   0x0000000e   Code   RO         1129    i.nrf_clock_event_check  nrfx_clock.o
    0x00028122   0x00028122   0x00000010   Code   RO         1130    i.nrf_clock_event_clear  nrfx_clock.o
    0x00028132   0x00028132   0x00000002   PAD
    0x00028134   0x00028134   0x00000040   Code   RO          785    i.nrf_drv_clock_init  nrf_drv_clock.o
    0x00028174   0x00028174   0x00000034   Code   RO          789    i.nrf_drv_clock_lfclk_release  nrf_drv_clock.o
    0x000281a8   0x000281a8   0x00000068   Code   RO          937    i.nrf_drv_uart_init  nrf_drv_uart.o
    0x00028210   0x00028210   0x0000001a   Code   RO         2901    i.nrf_fprintf       nrf_fprintf.o
    0x0002822a   0x0002822a   0x00000018   Code   RO         2902    i.nrf_fprintf_buffer_flush  nrf_fprintf.o
    0x00028242   0x00028242   0x000001da   Code   RO         2942    i.nrf_fprintf_fmt   nrf_fprintf_format.o
    0x0002841c   0x0002841c   0x00000024   Code   RO          325    i.nrf_gpio_cfg      boards.o
    0x00028440   0x00028440   0x00000024   Code   RO         1272    i.nrf_gpio_cfg      nrfx_gpiote.o
    0x00028464   0x00028464   0x00000024   Code   RO         1627    i.nrf_gpio_cfg      nrfx_uart.o
    0x00028488   0x00028488   0x00000024   Code   RO         1816    i.nrf_gpio_cfg      nrfx_uarte.o
    0x000284ac   0x000284ac   0x00000012   Code   RO         1628    i.nrf_gpio_cfg_default  nrfx_uart.o
    0x000284be   0x000284be   0x00000012   Code   RO         1817    i.nrf_gpio_cfg_default  nrfx_uarte.o
    0x000284d0   0x000284d0   0x00000012   Code   RO         1629    i.nrf_gpio_cfg_input  nrfx_uart.o
    0x000284e2   0x000284e2   0x00000012   Code   RO         1818    i.nrf_gpio_cfg_input  nrfx_uarte.o
    0x000284f4   0x000284f4   0x00000014   Code   RO         1630    i.nrf_gpio_cfg_output  nrfx_uart.o
    0x00028508   0x00028508   0x00000014   Code   RO         1819    i.nrf_gpio_cfg_output  nrfx_uarte.o
    0x0002851c   0x0002851c   0x00000022   Code   RO         1274    i.nrf_gpio_cfg_sense_set  nrfx_gpiote.o
    0x0002853e   0x0002853e   0x00000002   PAD
    0x00028540   0x00028540   0x0000002c   Code   RO         1275    i.nrf_gpio_latches_read_and_clear  nrfx_gpiote.o
    0x0002856c   0x0002856c   0x0000001e   Code   RO         1276    i.nrf_gpio_pin_present_check  nrfx_gpiote.o
    0x0002858a   0x0002858a   0x00000016   Code   RO          326    i.nrf_gpio_pin_write  boards.o
    0x000285a0   0x000285a0   0x00000014   Code   RO         1277    i.nrf_gpiote_event_clear  nrfx_gpiote.o
    0x000285b4   0x000285b4   0x00000010   Code   RO         1278    i.nrf_gpiote_event_is_set  nrfx_gpiote.o
    0x000285c4   0x000285c4   0x0000005c   Code   RO         3494    i.nrf_log_backend_add  nrf_log_frontend.o
    0x00028620   0x00028620   0x000000c8   Code   RO         3339    i.nrf_log_backend_serial_put  nrf_log_backend_serial.o
    0x000286e8   0x000286e8   0x00000002   Code   RO         3379    i.nrf_log_backend_uart_flush  nrf_log_backend_uart.o
    0x000286ea   0x000286ea   0x00000006   Code   RO         3380    i.nrf_log_backend_uart_init  nrf_log_backend_uart.o
    0x000286f0   0x000286f0   0x0000002c   Code   RO         3381    i.nrf_log_backend_uart_panic_set  nrf_log_backend_uart.o
    0x0002871c   0x0002871c   0x00000018   Code   RO         3382    i.nrf_log_backend_uart_put  nrf_log_backend_uart.o
    0x00028734   0x00028734   0x00000030   Code   RO         3496    i.nrf_log_color_id_get  nrf_log_frontend.o
    0x00028764   0x00028764   0x0000001c   Code   RO         3452    i.nrf_log_default_backends_init  nrf_log_default_backends.o
    0x00028780   0x00028780   0x00000238   Code   RO         3497    i.nrf_log_frontend_dequeue  nrf_log_frontend.o
    0x000289b8   0x000289b8   0x00000008   Code   RO         3499    i.nrf_log_frontend_std_0  nrf_log_frontend.o
    0x000289c0   0x000289c0   0x0000000e   Code   RO         3500    i.nrf_log_frontend_std_1  nrf_log_frontend.o
    0x000289ce   0x000289ce   0x00000010   Code   RO         3501    i.nrf_log_frontend_std_2  nrf_log_frontend.o
    0x000289de   0x000289de   0x00000002   PAD
    0x000289e0   0x000289e0   0x000000b0   Code   RO         3675    i.nrf_log_hexdump_entry_process  nrf_log_str_formatter.o
    0x00028a90   0x00028a90   0x00000028   Code   RO         3506    i.nrf_log_init      nrf_log_frontend.o
    0x00028ab8   0x00028ab8   0x00000014   Code   RO         3507    i.nrf_log_module_cnt_get  nrf_log_frontend.o
    0x00028acc   0x00028acc   0x0000001c   Code   RO         3510    i.nrf_log_module_name_get  nrf_log_frontend.o
    0x00028ae8   0x00028ae8   0x00000028   Code   RO         3511    i.nrf_log_panic     nrf_log_frontend.o
    0x00028b10   0x00028b10   0x000000b6   Code   RO         3676    i.nrf_log_std_entry_process  nrf_log_str_formatter.o
    0x00028bc6   0x00028bc6   0x00000060   Code   RO         2981    i.nrf_memobj_alloc  nrf_memobj.o
    0x00028c26   0x00028c26   0x00000032   Code   RO         2982    i.nrf_memobj_free   nrf_memobj.o
    0x00028c58   0x00028c58   0x00000008   Code   RO         2983    i.nrf_memobj_get    nrf_memobj.o
    0x00028c60   0x00028c60   0x00000004   Code   RO         2984    i.nrf_memobj_pool_init  nrf_memobj.o
    0x00028c64   0x00028c64   0x0000001e   Code   RO         2985    i.nrf_memobj_put    nrf_memobj.o
    0x00028c82   0x00028c82   0x00000010   Code   RO         2986    i.nrf_memobj_read   nrf_memobj.o
    0x00028c92   0x00028c92   0x00000010   Code   RO         2987    i.nrf_memobj_write  nrf_memobj.o
    0x00028ca2   0x00028ca2   0x00000002   PAD
    0x00028ca4   0x00028ca4   0x00000028   Code   RO         3059    i.nrf_pwr_mgmt_init  nrf_pwr_mgmt.o
    0x00028ccc   0x00028ccc   0x00000044   Code   RO         3060    i.nrf_pwr_mgmt_run  nrf_pwr_mgmt.o
    0x00028d10   0x00028d10   0x0000001c   Code   RO         3139    i.nrf_ringbuf_init  nrf_ringbuf.o
    0x00028d2c   0x00028d2c   0x0000000c   Code   RO         2465    i.nrf_rtc_event_clear  drv_rtc.o
    0x00028d38   0x00028d38   0x00000014   Code   RO         4210    i.nrf_sdh_ble_app_ram_start_get  nrf_sdh_ble.o
    0x00028d4c   0x00028d4c   0x000000fc   Code   RO         4211    i.nrf_sdh_ble_default_cfg_set  nrf_sdh_ble.o
    0x00028e48   0x00028e48   0x00000130   Code   RO         4212    i.nrf_sdh_ble_enable  nrf_sdh_ble.o
    0x00028f78   0x00028f78   0x0000005c   Code   RO         4213    i.nrf_sdh_ble_evts_poll  nrf_sdh_ble.o
    0x00028fd4   0x00028fd4   0x00000074   Code   RO         4092    i.nrf_sdh_enable_request  nrf_sdh.o
    0x00029048   0x00029048   0x00000024   Code   RO         4093    i.nrf_sdh_evts_poll  nrf_sdh.o
    0x0002906c   0x0002906c   0x0000000c   Code   RO         4094    i.nrf_sdh_is_enabled  nrf_sdh.o
    0x00029078   0x00029078   0x0000003c   Code   RO         4264    i.nrf_sdh_soc_evts_poll  nrf_sdh_soc.o
    0x000290b4   0x000290b4   0x0000000a   Code   RO         3197    i.nrf_section_iter_init  nrf_section_iter.o
    0x000290be   0x000290be   0x00000024   Code   RO         3198    i.nrf_section_iter_item_set  nrf_section_iter.o
    0x000290e2   0x000290e2   0x00000020   Code   RO         3199    i.nrf_section_iter_next  nrf_section_iter.o
    0x00029102   0x00029102   0x00000022   Code   RO         3232    i.nrf_sortlist_add  nrf_sortlist.o
    0x00029124   0x00029124   0x00000006   Code   RO         3234    i.nrf_sortlist_peek  nrf_sortlist.o
    0x0002912a   0x0002912a   0x0000000e   Code   RO         3235    i.nrf_sortlist_pop  nrf_sortlist.o
    0x00029138   0x00029138   0x0000001e   Code   RO         3236    i.nrf_sortlist_remove  nrf_sortlist.o
    0x00029156   0x00029156   0x00000002   PAD
    0x00029158   0x00029158   0x00000038   Code   RO         3288    i.nrf_strerror_find  nrf_strerror.o
    0x00029190   0x00029190   0x00000014   Code   RO         3289    i.nrf_strerror_get  nrf_strerror.o
    0x000291a4   0x000291a4   0x0000000a   Code   RO         1631    i.nrf_uart_event_check  nrfx_uart.o
    0x000291ae   0x000291ae   0x0000000c   Code   RO         1632    i.nrf_uart_event_clear  nrfx_uart.o
    0x000291ba   0x000291ba   0x0000000c   Code   RO         1633    i.nrf_uart_int_enable_check  nrfx_uart.o
    0x000291c6   0x000291c6   0x0000000a   Code   RO         1820    i.nrf_uarte_event_check  nrfx_uarte.o
    0x000291d0   0x000291d0   0x0000000c   Code   RO         1821    i.nrf_uarte_event_clear  nrfx_uarte.o
    0x000291dc   0x000291dc   0x00000010   Code   RO          792    i.nrf_wdt_started   nrf_drv_clock.o
    0x000291ec   0x000291ec   0x0000002c   Code   RO         1135    i.nrfx_clock_enable  nrfx_clock.o
    0x00029218   0x00029218   0x00000020   Code   RO         1138    i.nrfx_clock_init   nrfx_clock.o
    0x00029238   0x00029238   0x00000030   Code   RO         1141    i.nrfx_clock_lfclk_stop  nrfx_clock.o
    0x00029268   0x00029268   0x00000010   Code   RO         2466    i.nrfx_coredep_delay_us  drv_rtc.o
    0x00029278   0x00029278   0x000000a0   Code   RO         1284    i.nrfx_gpiote_in_event_enable  nrfx_gpiote.o
    0x00029318   0x00029318   0x000000cc   Code   RO         1286    i.nrfx_gpiote_in_init  nrfx_gpiote.o
    0x000293e4   0x000293e4   0x00000014   Code   RO         1287    i.nrfx_gpiote_in_is_set  nrfx_gpiote.o
    0x000293f8   0x000293f8   0x00000074   Code   RO         1289    i.nrfx_gpiote_init  nrfx_gpiote.o
    0x0002946c   0x0002946c   0x00000014   Code   RO         1290    i.nrfx_gpiote_is_init  nrfx_gpiote.o
    0x00029480   0x00029480   0x00000010   Code   RO         1822    i.nrfx_is_in_ram    nrfx_uarte.o
    0x00029490   0x00029490   0x0000003a   Code   RO         1573    i.nrfx_prs_acquire  nrfx_prs.o
    0x000294ca   0x000294ca   0x00000012   Code   RO         1574    i.nrfx_prs_release  nrfx_prs.o
    0x000294dc   0x000294dc   0x00000010   Code   RO         1634    i.nrfx_uart_0_irq_handler  nrfx_uart.o
    0x000294ec   0x000294ec   0x000000d4   Code   RO         1636    i.nrfx_uart_init    nrfx_uart.o
    0x000295c0   0x000295c0   0x000000a8   Code   RO         1642    i.nrfx_uart_tx      nrfx_uart.o
    0x00029668   0x00029668   0x00000020   Code   RO         1644    i.nrfx_uart_tx_in_progress  nrfx_uart.o
    0x00029688   0x00029688   0x000000c0   Code   RO         1645    i.nrfx_uart_uninit  nrfx_uart.o
    0x00029748   0x00029748   0x00000010   Code   RO         1823    i.nrfx_uarte_0_irq_handler  nrfx_uarte.o
    0x00029758   0x00029758   0x0000006c   Code   RO         1825    i.nrfx_uarte_init   nrfx_uarte.o
    0x000297c4   0x000297c4   0x000000ac   Code   RO         1829    i.nrfx_uarte_tx     nrfx_uarte.o
    0x00029870   0x00029870   0x0000001c   Code   RO         1831    i.nrfx_uarte_tx_in_progress  nrfx_uarte.o
    0x0002988c   0x0002988c   0x00000108   Code   RO         1832    i.nrfx_uarte_uninit  nrfx_uarte.o
    0x00029994   0x00029994   0x0000001c   Code   RO         1308    i.pin_configured_set  nrfx_gpiote.o
    0x000299b0   0x000299b0   0x00000018   Code   RO         1309    i.pin_in_use_by_port  nrfx_gpiote.o
    0x000299c8   0x000299c8   0x00000018   Code   RO         1310    i.pin_in_use_by_te  nrfx_gpiote.o
    0x000299e0   0x000299e0   0x000000b4   Code   RO         1311    i.port_event_handle  nrfx_gpiote.o
    0x00029a94   0x00029a94   0x00000010   Code   RO         1312    i.port_handler_polarity_get  nrfx_gpiote.o
    0x00029aa4   0x00029aa4   0x0000003c   Code   RO         3678    i.postfix_process   nrf_log_str_formatter.o
    0x00029ae0   0x00029ae0   0x00000098   Code   RO         3679    i.prefix_process    nrf_log_str_formatter.o
    0x00029b78   0x00029b78   0x00000018   Code   RO         1575    i.prs_box_get       nrfx_prs.o
    0x00029b90   0x00029b90   0x0000005c   Code   RO         2245    i.rtc_irq           app_timer2.o
    0x00029bec   0x00029bec   0x00000064   Code   RO         2246    i.rtc_schedule      app_timer2.o
    0x00029c50   0x00029c50   0x00000074   Code   RO         2247    i.rtc_update        app_timer2.o
    0x00029cc4   0x00029cc4   0x00000032   Code   RO         1646    i.rx_byte           nrfx_uart.o
    0x00029cf6   0x00029cf6   0x00000016   Code   RO         1647    i.rx_done_event     nrfx_uart.o
    0x00029d0c   0x00029d0c   0x00000016   Code   RO         1833    i.rx_done_event     nrfx_uarte.o
    0x00029d22   0x00029d22   0x00000002   PAD
    0x00029d24   0x00029d24   0x00000058   Code   RO          793    i.sd_state_evt_handler  nrf_drv_clock.o
    0x00029d7c   0x00029d7c   0x00000030   Code   RO         4099    i.sdh_request_observer_notify  nrf_sdh.o
    0x00029dac   0x00029dac   0x0000002c   Code   RO         4100    i.sdh_state_observer_notify  nrf_sdh.o
    0x00029dd8   0x00029dd8   0x00000040   Code   RO         3383    i.serial_tx         nrf_log_backend_uart.o
    0x00029e18   0x00029e18   0x00000088   Code   RO          604    i.service_data_encode  ble_advdata.o
    0x00029ea0   0x00029ea0   0x00000018   Code   RO          794    i.soc_evt_handler   nrf_drv_clock.o
    0x00029eb8   0x00029eb8   0x00000058   Code   RO         4102    i.softdevices_evt_irq_enable  nrf_sdh.o
    0x00029f10   0x00029f10   0x0000000c   Code   RO         2248    i.sortlist_pop      app_timer2.o
    0x00029f1c   0x00029f1c   0x00000030   Code   RO         1982    i.state_set         app_button.o
    0x00029f4c   0x00029f4c   0x00000094   Code   RO         3513    i.std_n             nrf_log_frontend.o
    0x00029fe0   0x00029fe0   0x00000058   Code   RO         2249    i.timer_expire      app_timer2.o
    0x0002a038   0x0002a038   0x00000078   Code   RO         2250    i.timer_req_process  app_timer2.o
    0x0002a0b0   0x0002a0b0   0x00000038   Code   RO         2251    i.timer_req_schedule  app_timer2.o
    0x0002a0e8   0x0002a0e8   0x00000018   Code   RO         1983    i.timer_start       app_button.o
    0x0002a100   0x0002a100   0x00000020   Code   RO         1649    i.tx_byte           nrfx_uart.o
    0x0002a120   0x0002a120   0x0000001a   Code   RO         1650    i.tx_done_event     nrfx_uart.o
    0x0002a13a   0x0002a13a   0x0000001a   Code   RO         1834    i.tx_done_event     nrfx_uarte.o
    0x0002a154   0x0002a154   0x00000030   Code   RO          938    i.uart_evt_handler  nrf_drv_uart.o
    0x0002a184   0x0002a184   0x0000000c   Code   RO         3384    i.uart_evt_handler  nrf_log_backend_uart.o
    0x0002a190   0x0002a190   0x00000050   Code   RO         3385    i.uart_init         nrf_log_backend_uart.o
    0x0002a1e0   0x0002a1e0   0x0000012a   Code   RO         1651    i.uart_irq_handler  nrfx_uart.o
    0x0002a30a   0x0002a30a   0x00000002   PAD
    0x0002a30c   0x0002a30c   0x00000030   Code   RO          939    i.uarte_evt_handler  nrf_drv_uart.o
    0x0002a33c   0x0002a33c   0x00000112   Code   RO         1835    i.uarte_irq_handler  nrfx_uarte.o
    0x0002a44e   0x0002a44e   0x0000000a   Code   RO          605    i.uint16_encode     ble_advdata.o
    0x0002a458   0x0002a458   0x000000b4   Code   RO         2943    i.unsigned_print    nrf_fprintf_format.o
    0x0002a50c   0x0002a50c   0x0000008c   Code   RO            7    i.update_data_advertising  main.o
    0x0002a598   0x0002a598   0x00000020   Code   RO         1984    i.usr_event         app_button.o
    0x0002a5b8   0x0002a5b8   0x00000030   Code   RO          606    i.uuid_list_encode  ble_advdata.o
    0x0002a5e8   0x0002a5e8   0x0000009e   Code   RO          607    i.uuid_list_sized_encode  ble_advdata.o
    0x0002a686   0x0002a686   0x0000000a   PAD
    0x0002a690   0x0002a690   0x00000006   Data   RO           11    .constdata          main.o
    0x0002a696   0x0002a696   0x00000008   Data   RO          327    .constdata          boards.o
    0x0002a69e   0x0002a69e   0x00000002   PAD
    0x0002a6a0   0x0002a6a0   0x0000002c   Data   RO          438    .constdata          bsp.o
    0x0002a6cc   0x0002a6cc   0x00000004   Data   RO         1314    .constdata          nrfx_gpiote.o
    0x0002a6d0   0x0002a6d0   0x00000004   Data   RO         1654    .constdata          nrfx_uart.o
    0x0002a6d4   0x0002a6d4   0x00000004   Data   RO         1838    .constdata          nrfx_uarte.o
    0x0002a6d8   0x0002a6d8   0x00000008   Data   RO         1987    .constdata          app_button.o
    0x0002a6e0   0x0002a6e0   0x00000014   Data   RO         2254    .constdata          app_timer2.o
    0x0002a6f4   0x0002a6f4   0x0000000c   PAD
    0x0002a700   0x0002a700   0x00000006   Data   RO         2467    .constdata          drv_rtc.o
    0x0002a706   0x0002a706   0x00000010   Data   RO         2944    .constdata          nrf_fprintf_format.o
    0x0002a716   0x0002a716   0x00000002   PAD
    0x0002a718   0x0002a718   0x00000018   Data   RO         3064    .constdata          nrf_pwr_mgmt.o
    0x0002a730   0x0002a730   0x0000000c   Data   RO         3065    .constdata          nrf_pwr_mgmt.o
    0x0002a73c   0x0002a73c   0x0000013c   Data   RO         3290    .constdata          nrf_strerror.o
    0x0002a878   0x0002a878   0x0000000c   Data   RO         3387    .constdata          nrf_log_backend_uart.o
    0x0002a884   0x0002a884   0x00000020   Data   RO         3388    .constdata          nrf_log_backend_uart.o
    0x0002a8a4   0x0002a8a4   0x0000000c   Data   RO         3518    .constdata          nrf_log_frontend.o
    0x0002a8b0   0x0002a8b0   0x00000010   Data   RO         4103    .constdata          nrf_sdh.o
    0x0002a8c0   0x0002a8c0   0x00000028   Data   RO         4104    .constdata          nrf_sdh.o
    0x0002a8e8   0x0002a8e8   0x00000010   Data   RO         4105    .constdata          nrf_sdh.o
    0x0002a8f8   0x0002a8f8   0x00000010   Data   RO         4106    .constdata          nrf_sdh.o
    0x0002a908   0x0002a908   0x00000020   Data   RO         4214    .constdata          nrf_sdh_ble.o
    0x0002a928   0x0002a928   0x00000010   Data   RO         4215    .constdata          nrf_sdh_ble.o
    0x0002a938   0x0002a938   0x00000010   Data   RO         4265    .constdata          nrf_sdh_soc.o
    0x0002a948   0x0002a948   0x0000000c   Data   RO         4266    .constdata          nrf_sdh_soc.o
    0x0002a954   0x0002a954   0x00000081   Data   RO         4367    .constdata          mc_w.l(ctype_o.o)
    0x0002a9d5   0x0002a9d5   0x00000003   PAD
    0x0002a9d8   0x0002a9d8   0x00000004   Data   RO         4368    .constdata          mc_w.l(ctype_o.o)
    0x0002a9dc   0x0002a9dc   0x000003eb   Data   RO         3291    .conststring        nrf_strerror.o
    0x0002adc7   0x0002adc7   0x00000001   PAD
    0x0002adc8   0x0002adc8   0x00000066   Data   RO         3680    .conststring        nrf_log_str_formatter.o
    0x0002ae2e   0x0002ae2e   0x00000002   PAD
    0x0002ae30   0x0002ae30   0x00000188   Data   RO         4216    .conststring        nrf_sdh_ble.o
    0x0002afb8   0x0002afb8   0x00000006   Data   RO          800    .conststrlit        nrf_drv_clock.o
    0x0002afbe   0x0002afbe   0x00000002   PAD
    0x0002afc0   0x0002afc0   0x00000006   Data   RO         1145    .conststrlit        nrfx_clock.o
    0x0002afc6   0x0002afc6   0x00000002   PAD
    0x0002afc8   0x0002afc8   0x00000007   Data   RO         1318    .conststrlit        nrfx_gpiote.o
    0x0002afcf   0x0002afcf   0x00000001   PAD
    0x0002afd0   0x0002afd0   0x00000004   Data   RO         1577    .conststrlit        nrfx_prs.o
    0x0002afd4   0x0002afd4   0x00000005   Data   RO         1657    .conststrlit        nrfx_uart.o
    0x0002afd9   0x0002afd9   0x00000003   PAD
    0x0002afdc   0x0002afdc   0x00000006   Data   RO         1841    .conststrlit        nrfx_uarte.o
    0x0002afe2   0x0002afe2   0x00000002   PAD
    0x0002afe4   0x0002afe4   0x0000000b   Data   RO         1988    .conststrlit        app_button.o
    0x0002afef   0x0002afef   0x00000001   PAD
    0x0002aff0   0x0002aff0   0x0000000a   Data   RO         2255    .conststrlit        app_timer2.o
    0x0002affa   0x0002affa   0x00000002   PAD
    0x0002affc   0x0002affc   0x00000009   Data   RO         3066    .conststrlit        nrf_pwr_mgmt.o
    0x0002b005   0x0002b005   0x00000003   PAD
    0x0002b008   0x0002b008   0x00000009   Data   RO         3237    .conststrlit        nrf_sortlist.o
    0x0002b011   0x0002b011   0x00000003   PAD
    0x0002b014   0x0002b014   0x00000011   Data   RO         3453    .conststrlit        nrf_log_default_backends.o
    0x0002b025   0x0002b025   0x00000003   PAD
    0x0002b028   0x0002b028   0x00000004   Data   RO         3519    .conststrlit        nrf_log_frontend.o
    0x0002b02c   0x0002b02c   0x00000008   Data   RO         4107    .conststrlit        nrf_sdh.o
    0x0002b034   0x0002b034   0x0000000c   Data   RO         4217    .conststrlit        nrf_sdh_ble.o
    0x0002b040   0x0002b040   0x0000000c   Data   RO         4267    .conststrlit        nrf_sdh_soc.o
    0x0002b04c   0x0002b04c   0x00000020   Data   RO         4428    Region$$Table       anon$$obj.o
    0x0002b06c   0x0002b06c   0x00000010   Data   RO         3455    log_backends        nrf_log_default_backends.o
    0x0002b07c   0x0002b07c   0x00000008   Data   RO          801    log_const_data      nrf_drv_clock.o
    0x0002b084   0x0002b084   0x00000008   Data   RO         1147    log_const_data      nrfx_clock.o
    0x0002b08c   0x0002b08c   0x00000008   Data   RO         1319    log_const_data      nrfx_gpiote.o
    0x0002b094   0x0002b094   0x00000008   Data   RO         1579    log_const_data      nrfx_prs.o
    0x0002b09c   0x0002b09c   0x00000008   Data   RO         1658    log_const_data      nrfx_uart.o
    0x0002b0a4   0x0002b0a4   0x00000008   Data   RO         1842    log_const_data      nrfx_uarte.o
    0x0002b0ac   0x0002b0ac   0x00000008   Data   RO         1990    log_const_data      app_button.o
    0x0002b0b4   0x0002b0b4   0x00000008   Data   RO         2258    log_const_data      app_timer2.o
    0x0002b0bc   0x0002b0bc   0x00000008   Data   RO         3068    log_const_data      nrf_pwr_mgmt.o
    0x0002b0c4   0x0002b0c4   0x00000008   Data   RO         3238    log_const_data      nrf_sortlist.o
    0x0002b0cc   0x0002b0cc   0x00000008   Data   RO         3523    log_const_data      nrf_log_frontend.o
    0x0002b0d4   0x0002b0d4   0x00000008   Data   RO         4109    log_const_data      nrf_sdh.o
    0x0002b0dc   0x0002b0dc   0x00000008   Data   RO         4219    log_const_data      nrf_sdh_ble.o
    0x0002b0e4   0x0002b0e4   0x00000008   Data   RO         4268    log_const_data      nrf_sdh_soc.o
    0x0002b0ec   0x0002b0ec   0x00000014   Data   RO         3524    nrf_balloc          nrf_log_frontend.o
    0x0002b100   0x0002b100   0x00000008   Data   RO          802    sdh_soc_observers0  nrf_drv_clock.o
    0x0002b108   0x0002b108   0x00000008   Data   RO         4220    sdh_stack_observers0  nrf_sdh_ble.o
    0x0002b110   0x0002b110   0x00000008   Data   RO         4269    sdh_stack_observers0  nrf_sdh_soc.o
    0x0002b118   0x0002b118   0x00000008   Data   RO          803    sdh_state_observers0  nrf_drv_clock.o


    Execution Region RW_IRAM1 (Exec base: 0x200018c8, Load base: 0x0002b120, Size: 0x00002908, Max: 0x0000e738, ABSOLUTE)

    Exec Addr    Load Addr    Size         Type   Attr      Idx    E Section Name        Object

    0x200018c8   0x0002b120   0x00000018   Data   RW           12    .data               main.o
    0x200018e0   0x0002b138   0x00000010   Data   RW          439    .data               bsp.o
    0x200018f0   0x0002b148   0x0000000c   Data   RW          940    .data               nrf_drv_uart.o
    0x200018fc   0x0002b154   0x00000008   Data   RW         1146    .data               nrfx_clock.o
    0x20001904   0x0002b15c   0x00000008   Data   RW         1578    .data               nrfx_prs.o
    0x2000190c   0x0002b164   0x00000004   PAD
    0x20001910   0x0002b168   0x00000018   Data   RW         1989    .data               app_button.o
    0x20001928   0x0002b180   0x00000020   Data   RW         2256    .data               app_timer2.o
    0x20001948   0x0002b1a0   0x00000004   Data   RW         2257    .data               app_timer2.o
    0x2000194c   0x0002b1a4   0x0000000c   Data   RW         2468    .data               drv_rtc.o
    0x20001958   0x0002b1b0   0x00000008   Data   RW         3067    .data               nrf_pwr_mgmt.o
    0x20001960   0x0002b1b8   0x00000018   Data   RW         3389    .data               nrf_log_backend_uart.o
    0x20001978   0x0002b1d0   0x00000008   Data   RW         3454    .data               nrf_log_default_backends.o
    0x20001980   0x0002b1d8   0x00000004   Data   RW         3520    .data               nrf_log_frontend.o
    0x20001984   0x0002b1dc   0x00000008   Data   RW         3521    .data               nrf_log_frontend.o
    0x2000198c   0x0002b1e4   0x00000008   Data   RW         3522    .data               nrf_log_frontend.o
    0x20001994   0x0002b1ec   0x00000040   Data   RW         3681    .data               nrf_log_str_formatter.o
    0x200019d4   0x0002b22c   0x00000003   Data   RW         4108    .data               nrf_sdh.o
    0x200019d7   0x0002b22f   0x00000001   Data   RW         4218    .data               nrf_sdh_ble.o
    0x200019d8   0x0002b230   0x00000004   Data   RW         4308    .data               system_nrf52.o
    0x200019dc        -       0x00000018   Zero   RW            8    .bss                main.o
    0x200019f4        -       0x0000001f   Zero   RW            9    .bss                main.o
    0x20001a13        -       0x0000001f   Zero   RW           10    .bss                main.o
    0x20001a32   0x0002b234   0x00000006   PAD
    0x20001a38        -       0x00000020   Zero   RW          434    .bss                bsp.o
    0x20001a58        -       0x00000020   Zero   RW          435    .bss                bsp.o
    0x20001a78        -       0x0000000c   Zero   RW          436    .bss                bsp.o
    0x20001a84   0x0002b234   0x00000004   PAD
    0x20001a88        -       0x00000020   Zero   RW          437    .bss                bsp.o
    0x20001aa8        -       0x00000014   Zero   RW          795    .bss                nrf_drv_clock.o
    0x20001abc        -       0x0000005c   Zero   RW         1313    .bss                nrfx_gpiote.o
    0x20001b18        -       0x0000002c   Zero   RW         1652    .bss                nrfx_uart.o
    0x20001b44        -       0x00000024   Zero   RW         1836    .bss                nrfx_uarte.o
    0x20001b68        -       0x00000020   Zero   RW         1985    .bss                app_button.o
    0x20001b88        -       0x00000010   Zero   RW         1986    .bss                app_button.o
    0x20001b98        -       0x00000010   Zero   RW         2252    .bss                app_timer2.o
    0x20001ba8        -       0x00000058   Zero   RW         2253    .bss                app_timer2.o
    0x20001c00        -       0x0000000c   Zero   RW         2382    .bss                app_util_platform.o
    0x20001c0c        -       0x0000000c   Zero   RW         3063    .bss                nrf_pwr_mgmt.o
    0x20001c18        -       0x00000040   Zero   RW         3386    .bss                nrf_log_backend_uart.o
    0x20001c58        -       0x000000c0   Zero   RW         3514    .bss                nrf_log_frontend.o
    0x20001d18        -       0x00000080   Zero   RW         3515    .bss                nrf_log_frontend.o
    0x20001d98        -       0x00000018   Zero   RW         3516    .bss                nrf_log_frontend.o
    0x20001db0        -       0x00000420   Zero   RW         3517    .bss                nrf_log_frontend.o
    0x200021d0        -       0x00002000   Zero   RW         4296    STACK               arm_startup_nrf52.o


==============================================================================

Image component sizes


      Code (inc. data)   RO Data    RW Data    ZI Data      Debug   Object Name

       664         66         27         24         48      17522   app_button.o
        22          0          0          0          0       2465   app_error.o
       132         46          0          0          0      34029   app_error_weak.o
       846         88         38         36        104      16305   app_timer2.o
       124         14          0          0         12      10510   app_util_platform.o
        36          8        512          0       8192        908   arm_startup_nrf52.o
      1236          0          0          0          0      51735   ble_advdata.o
       314         30          8          0          0      12092   boards.o
       922         84         44         16        108      13396   bsp.o
       704         76          6         12          0      47601   drv_rtc.o
       560         80          6         24         86     156498   main.o
       326          0          0          0          0       5823   nrf_atfifo.o
       294          0          0          0          0       7691   nrf_atomic.o
       164          0          0          0          0       3560   nrf_balloc.o
       312         36         30          0         20      44960   nrf_drv_clock.o
       200         26          0         12          0      17644   nrf_drv_uart.o
        50          0          0          0          0       3461   nrf_fprintf.o
       866          4         16          0          0       6462   nrf_fprintf_format.o
       200          0          0          0          0      11509   nrf_log_backend_serial.o
       232         44         44         24         64      15702   nrf_log_backend_uart.o
        28          4         33          8          0       3293   nrf_log_default_backends.o
      1478        128         44         20       1400      29442   nrf_log_frontend.o
       570        108        102         64          0       5548   nrf_log_str_formatter.o
       346          0          0          0          0       9407   nrf_memobj.o
       108         16         53          8         12      42414   nrf_pwr_mgmt.o
        28          0          0          0          0       2315   nrf_ringbuf.o
       384         46        104          3          0      42495   nrf_sdh.o
       668        230        468          1          0       5753   nrf_sdh_ble.o
        60          4         56          0          0       2416   nrf_sdh_soc.o
        78          0          0          0          0       2708   nrf_section_iter.o
        84          0         17          0          0       4001   nrf_sortlist.o
        76         10       1319          0          0       2671   nrf_strerror.o
       242         32         14          8          0      46784   nrfx_clock.o
      1268        106         19          0         92      65265   nrfx_gpiote.o
       112         16         12          8          0       4388   nrfx_prs.o
      1310         42         17          0         44      30109   nrfx_uart.o
      1312         42         18          0         36      25607   nrfx_uarte.o
       808         72          0          4          0      13467   system_nrf52.o

    ----------------------------------------------------------------------
     17208       1458       3080        276      10228     817956   Object Totals
         0          0         32          0          0          0   (incl. Generated)
        44          0         41          4         10          0   (incl. Padding)

    ----------------------------------------------------------------------

      Code (inc. data)   RO Data    RW Data    ZI Data      Debug   Library Member Name

         8          4        133          0          0         68   ctype_o.o
         0          0          0          0          0          0   entry.o
         0          0          0          0          0          0   entry10a.o
         0          0          0          0          0          0   entry11a.o
         8          4          0          0          0          0   entry2.o
         4          0          0          0          0          0   entry5.o
         0          0          0          0          0          0   entry7b.o
         0          0          0          0          0          0   entry8b.o
         8          4          0          0          0          0   entry9a.o
        30          0          0          0          0          0   handlers.o
        36          8          0          0          0         68   init.o
        30          0          0          0          0         68   llshl.o
        32          0          0          0          0         68   llushr.o
        36          0          0          0          0         68   memcpya.o
        36          0          0          0          0        108   memseta.o
        14          0          0          0          0         68   strlen.o
        98          0          0          0          0         92   uldiv.o

    ----------------------------------------------------------------------
       344         20        136          0          0        608   Library Totals
         4          0          3          0          0          0   (incl. Padding)

    ----------------------------------------------------------------------

      Code (inc. data)   RO Data    RW Data    ZI Data      Debug   Library Name

       340         20        133          0          0        608   mc_w.l

    ----------------------------------------------------------------------
       344         20        136          0          0        608   Library Totals

    ----------------------------------------------------------------------

==============================================================================


      Code (inc. data)   RO Data    RW Data    ZI Data      Debug   

     17552       1478       3216        276      10228     795512   Grand Totals
     17552       1478       3216        276      10228     795512   ELF Image Totals
     17552       1478       3216        276          0          0   ROM Totals

==============================================================================

    Total RO  Size (Code + RO Data)                20768 (  20.28kB)
    Total RW  Size (RW Data + ZI Data)             10504 (  10.26kB)
    Total ROM Size (Code + RO Data + RW Data)      21044 (  20.55kB)

==============================================================================

