<html>
<body>
<pre>
<h1>µVision Build Log</h1>
<h2>Tool Versions:</h2>
IDE-Version: µVision V5.31.0.0
Copyright (C) 2020 ARM Ltd and ARM Germany GmbH. All rights reserved.
License Information: Bui Truong, HUST, LIC=03C6R-K9D7Z-FWJ2N-YWN2Y-IRF71-7UXPV
 
Tool Versions:
Toolchain:       MDK-ARM Plus  Version: 5.31.0.0
Toolchain Path:  C:\Keil_v5\ARM\ARMCC\Bin
C Compiler:      Armcc.exe V5.06 update 6 (build 750)
Assembler:       Armasm.exe V5.06 update 6 (build 750)
Linker/Locator:  ArmLink.exe V5.06 update 6 (build 750)
Library Manager: ArmAr.exe V5.06 update 6 (build 750)
Hex Converter:   FromElf.exe V5.06 update 6 (build 750)
CPU DLL:         
Dialog DLL:      
Target DLL:      Segger\JL2CM3.dll V2.99.38.0
Dialog DLL:      TCM.DLL V1.46.0.0
 
<h2>Project:</h2>
D:\GIT\nRF5_SDK_17.0.2\examples\ble_peripheral\ble_app_uart - Copy (2)\pca10040\s132\arm5_no_packs\ble_app_uart_pca10040_s132.uvprojx
Project File Date:  11/24/2023

<h2>Output:</h2>
*** Using Compiler 'V5.06 update 6 (build 750)', folder: 'C:\Keil_v5\ARM\ARMCC\Bin'
Build target 'nrf52832_xxaa'
compiling utf.c...
compiling ble_advdata.c...
compiling boards.c...
compiling ble_conn_params.c...
compiling ble_advertising.c...
compiling bsp.c...
compiling bsp_btn_ble.c...
compiling main.c...
compiling ble_srv_common.c...
compiling ble_link_ctx_manager.c...
compiling nrf_ble_qwr.c...
compiling nrf_ble_gatt.c...
compiling ble_nus.c...
compiling ble_conn_state.c...
compiling nrf_drv_clock.c...
compiling nrfx_atomic.c...
compiling nrf_drv_uart.c...
compiling nrfx_prs.c...
compiling nrfx_clock.c...
compiling nrfx_uart.c...
compiling nrfx_uarte.c...
compiling nrfx_gpiote.c...
compiling app_error.c...
compiling app_error_handler_keil.c...
compiling app_fifo.c...
compiling app_scheduler.c...
compiling app_error_weak.c...
compiling app_button.c...
compiling app_util_platform.c...
compiling app_timer2.c...
compiling nrf_assert.c...
compiling hardfault_implementation.c...
compiling drv_rtc.c...
compiling nrf_fprintf.c...
compiling app_uart_fifo.c...
compiling nrf_atomic.c...
compiling nrf_atflags.c...
compiling nrf_balloc.c...
compiling nrf_atfifo.c...
compiling nrf_section_iter.c...
compiling nrf_fprintf_format.c...
compiling nrf_strerror.c...
compiling nrf_sortlist.c...
compiling nrf_ringbuf.c...
compiling nrf_memobj.c...
compiling nrf_pwr_mgmt.c...
compiling SEGGER_RTT.c...
compiling retarget.c...
compiling nrf_log_default_backends.c...
compiling nrf_log_backend_serial.c...
compiling SEGGER_RTT_Syscalls_KEIL.c...
compiling nrf_log_str_formatter.c...
assembling arm_startup_nrf52.s...
compiling nrf_log_backend_rtt.c...
compiling nrf_log_frontend.c...
compiling system_nrf52.c...
compiling SEGGER_RTT_printf.c...
compiling nrf_sdh_soc.c...
compiling nrf_sdh.c...
compiling nrf_sdh_ble.c...
linking...
Program Size: Code=24636 RO-data=3624 RW-data=328 ZI-data=12888  
FromELF: creating hex file...
".\_build\nrf52832_xxaa.axf" - 0 Error(s), 0 Warning(s).

<h2>Software Packages used:</h2>

Package Vendor: ARM
                http://www.keil.com/pack/ARM.CMSIS.5.6.0.pack
                ARM.CMSIS.5.6.0
                CMSIS (Cortex Microcontroller Software Interface Standard)
   * Component: CORE Version: 5.3.0

Package Vendor: NordicSemiconductor
                http://developer.nordicsemi.com/nRF5_SDK/pieces/nRF_DeviceFamilyPack/NordicSemiconductor.nRF_DeviceFamilyPack.8.35.0.pack
                NordicSemiconductor.nRF_DeviceFamilyPack.8.35.0
                Nordic Semiconductor nRF ARM devices Device Family Pack with BSD license.
   * Component: Startup Version: 8.35.0

<h2>Collection of Component include folders:</h2>
  .\RTE\_nrf52832_xxaa
  C:\Keil_v5\ARM\PACK\ARM\CMSIS\5.6.0\CMSIS\Core\Include
  C:\Keil_v5\ARM\PACK\NordicSemiconductor\nRF_DeviceFamilyPack\8.35.0\Device\Include

<h2>Collection of Component Files used:</h2>

   * Component: ARM::CMSIS:CORE:5.3.0

   * Component: NordicSemiconductor::Device:Startup:8.35.0
      Include file:  Device\Include\system_nrf.h
      Source file:   Device\Source\arm\arm_startup_nrf52.s
      Source file:   Device\Source\system_nrf52.c
      Include file:  Device\Include\system_nrf52.h
Build Time Elapsed:  00:00:22
</pre>
</body>
</html>
