Component: ARM Compiler 5.06 update 6 (build 750) Tool: armlink [4d35ed]

==============================================================================

Section Cross References

    main.o(i.advertising_init) refers to memseta.o(.text) for __aeabi_memclr4
    main.o(i.advertising_init) refers to ble_advdata.o(i.ble_advdata_encode) for ble_advdata_encode
    main.o(i.advertising_init) refers to app_error.o(i.app_error_handler_bare) for app_error_handler_bare
    main.o(i.advertising_init) refers to main.o(.data) for .data
    main.o(i.advertising_init) refers to main.o(.bss) for .bss
    main.o(i.assert_nrf_callback) refers to app_error_handler_keil.o(.emb_text) for app_error_handler
    main.o(i.main) refers to nrf_log_frontend.o(i.nrf_log_init) for nrf_log_init
    main.o(i.main) refers to app_error.o(i.app_error_handler_bare) for app_error_handler_bare
    main.o(i.main) refers to nrf_log_default_backends.o(i.nrf_log_default_backends_init) for nrf_log_default_backends_init
    main.o(i.main) refers to app_timer2.o(i.app_timer_init) for app_timer_init
    main.o(i.main) refers to bsp.o(i.bsp_init) for bsp_init
    main.o(i.main) refers to nrf_pwr_mgmt.o(i.nrf_pwr_mgmt_init) for nrf_pwr_mgmt_init
    main.o(i.main) refers to nrf_sdh.o(i.nrf_sdh_enable_request) for nrf_sdh_enable_request
    main.o(i.main) refers to nrf_sdh_ble.o(i.nrf_sdh_ble_default_cfg_set) for nrf_sdh_ble_default_cfg_set
    main.o(i.main) refers to nrf_sdh_ble.o(i.nrf_sdh_ble_enable) for nrf_sdh_ble_enable
    main.o(i.main) refers to main.o(i.advertising_init) for advertising_init
    main.o(i.main) refers to nrf_log_frontend.o(i.nrf_log_frontend_std_0) for nrf_log_frontend_std_0
    main.o(i.main) refers to bsp.o(i.bsp_indication_set) for bsp_indication_set
    main.o(i.main) refers to nrf_log_frontend.o(i.nrf_log_frontend_dequeue) for nrf_log_frontend_dequeue
    main.o(i.main) refers to nrf_pwr_mgmt.o(i.nrf_pwr_mgmt_run) for nrf_pwr_mgmt_run
    main.o(i.main) refers to nrf_log_frontend.o(log_const_data) for m_nrf_log_app_logs_data_const
    main.o(i.main) refers to main.o(.data) for .data
    main.o(.data) refers to main.o(.bss) for m_enc_advdata
    boards.o(i.bsp_board_button_idx_to_pin) refers to boards.o(.constdata) for .constdata
    boards.o(i.bsp_board_button_state_get) refers to boards.o(i.nrf_gpio_pin_port_decode) for nrf_gpio_pin_port_decode
    boards.o(i.bsp_board_button_state_get) refers to boards.o(.constdata) for .constdata
    boards.o(i.bsp_board_init) refers to boards.o(i.nrf_gpio_cfg) for nrf_gpio_cfg
    boards.o(i.bsp_board_init) refers to boards.o(i.bsp_board_leds_off) for bsp_board_leds_off
    boards.o(i.bsp_board_init) refers to boards.o(.constdata) for .constdata
    boards.o(i.bsp_board_led_idx_to_pin) refers to boards.o(.constdata) for .constdata
    boards.o(i.bsp_board_led_invert) refers to boards.o(i.nrf_gpio_pin_port_decode) for nrf_gpio_pin_port_decode
    boards.o(i.bsp_board_led_invert) refers to boards.o(.constdata) for .constdata
    boards.o(i.bsp_board_led_off) refers to boards.o(i.nrf_gpio_pin_write) for nrf_gpio_pin_write
    boards.o(i.bsp_board_led_off) refers to boards.o(.constdata) for .constdata
    boards.o(i.bsp_board_led_on) refers to boards.o(i.nrf_gpio_pin_write) for nrf_gpio_pin_write
    boards.o(i.bsp_board_led_on) refers to boards.o(.constdata) for .constdata
    boards.o(i.bsp_board_led_state_get) refers to boards.o(i.nrf_gpio_pin_port_decode) for nrf_gpio_pin_port_decode
    boards.o(i.bsp_board_led_state_get) refers to boards.o(.constdata) for .constdata
    boards.o(i.bsp_board_leds_off) refers to boards.o(i.bsp_board_led_off) for bsp_board_led_off
    boards.o(i.bsp_board_leds_on) refers to boards.o(i.bsp_board_led_on) for bsp_board_led_on
    boards.o(i.bsp_board_pin_to_button_idx) refers to boards.o(.constdata) for .constdata
    boards.o(i.bsp_board_pin_to_led_idx) refers to boards.o(.constdata) for .constdata
    boards.o(i.nrf_gpio_cfg) refers to boards.o(i.nrf_gpio_pin_port_decode) for nrf_gpio_pin_port_decode
    boards.o(i.nrf_gpio_pin_write) refers to boards.o(i.nrf_gpio_pin_port_decode) for nrf_gpio_pin_port_decode
    bsp.o(i.alert_timer_handler) refers to boards.o(i.bsp_board_led_invert) for bsp_board_led_invert
    bsp.o(i.bsp_button_event_handler) refers to boards.o(i.bsp_board_pin_to_button_idx) for bsp_board_pin_to_button_idx
    bsp.o(i.bsp_button_event_handler) refers to app_timer2.o(i.app_timer_start) for app_timer_start
    bsp.o(i.bsp_button_event_handler) refers to app_timer2.o(i.app_timer_stop) for app_timer_stop
    bsp.o(i.bsp_button_event_handler) refers to bsp.o(.constdata) for .constdata
    bsp.o(i.bsp_button_event_handler) refers to bsp.o(.data) for .data
    bsp.o(i.bsp_button_event_handler) refers to bsp.o(.bss) for .bss
    bsp.o(i.bsp_button_is_pressed) refers to boards.o(i.bsp_board_button_state_get) for bsp_board_button_state_get
    bsp.o(i.bsp_buttons_disable) refers to app_button.o(i.app_button_disable) for app_button_disable
[...]
    .conststrlit                             0x0002bec4   Section        5  nrfx_uart.o(.conststrlit)
    .conststrlit                             0x0002becc   Section        6  nrfx_uarte.o(.conststrlit)
    .conststrlit                             0x0002bed4   Section       11  app_button.o(.conststrlit)
    .conststrlit                             0x0002bee0   Section       10  app_timer2.o(.conststrlit)
    .conststrlit                             0x0002beec   Section        9  nrf_pwr_mgmt.o(.conststrlit)
    .conststrlit                             0x0002bef8   Section        9  nrf_sortlist.o(.conststrlit)
    .conststrlit                             0x0002bf04   Section       17  nrf_log_default_backends.o(.conststrlit)
    .conststrlit                             0x0002bf18   Section        4  nrf_log_frontend.o(.conststrlit)
    .conststrlit                             0x0002bf1c   Section        8  nrf_sdh.o(.conststrlit)
    .conststrlit                             0x0002bf24   Section       12  nrf_sdh_ble.o(.conststrlit)
    .conststrlit                             0x0002bf30   Section       12  nrf_sdh_soc.o(.conststrlit)
    log_backends                             0x0002bf5c   Section       16  nrf_log_default_backends.o(log_backends)
    __tagsym$$used                           0x0002bf5c   Number         0  nrf_log_default_backends.o(log_backends)
    uart_log_backend                         0x0002bf5c   Data          16  nrf_log_default_backends.o(log_backends)
    log_const_data                           0x0002bf6c   Section        8  nrf_drv_clock.o(log_const_data)
    __tagsym$$used                           0x0002bf6c   Number         0  nrf_drv_clock.o(log_const_data)
    log_const_data                           0x0002bf74   Section        8  nrfx_clock.o(log_const_data)
    __tagsym$$used                           0x0002bf74   Number         0  nrfx_clock.o(log_const_data)
    log_const_data                           0x0002bf7c   Section        8  nrfx_gpiote.o(log_const_data)
    __tagsym$$used                           0x0002bf7c   Number         0  nrfx_gpiote.o(log_const_data)
    log_const_data                           0x0002bf84   Section        8  nrfx_prs.o(log_const_data)
    __tagsym$$used                           0x0002bf84   Number         0  nrfx_prs.o(log_const_data)
    log_const_data                           0x0002bf8c   Section        8  nrfx_uart.o(log_const_data)
    __tagsym$$used                           0x0002bf8c   Number         0  nrfx_uart.o(log_const_data)
    log_const_data                           0x0002bf94   Section        8  nrfx_uarte.o(log_const_data)
    __tagsym$$used                           0x0002bf94   Number         0  nrfx_uarte.o(log_const_data)
    log_const_data                           0x0002bf9c   Section        8  app_button.o(log_const_data)
    __tagsym$$used                           0x0002bf9c   Number         0  app_button.o(log_const_data)
    log_const_data                           0x0002bfa4   Section        8  app_timer2.o(log_const_data)
    __tagsym$$used                           0x0002bfa4   Number         0  app_timer2.o(log_const_data)
    log_const_data                           0x0002bfac   Section        8  nrf_pwr_mgmt.o(log_const_data)
    __tagsym$$used                           0x0002bfac   Number         0  nrf_pwr_mgmt.o(log_const_data)
    log_const_data                           0x0002bfb4   Section        8  nrf_sortlist.o(log_const_data)
    __tagsym$$used                           0x0002bfb4   Number         0  nrf_sortlist.o(log_const_data)
    log_const_data                           0x0002bfbc   Section        8  nrf_log_frontend.o(log_const_data)
    __tagsym$$used                           0x0002bfbc   Number         0  nrf_log_frontend.o(log_const_data)
    log_const_data                           0x0002bfc4   Section        8  nrf_sdh.o(log_const_data)
    __tagsym$$used                           0x0002bfc4   Number         0  nrf_sdh.o(log_const_data)
    log_const_data                           0x0002bfcc   Section        8  nrf_sdh_ble.o(log_const_data)
    __tagsym$$used                           0x0002bfcc   Number         0  nrf_sdh_ble.o(log_const_data)
    log_const_data                           0x0002bfd4   Section        8  nrf_sdh_soc.o(log_const_data)
    __tagsym$$used                           0x0002bfd4   Number         0  nrf_sdh_soc.o(log_const_data)
    nrf_balloc                               0x0002bfdc   Section       20  nrf_log_frontend.o(nrf_balloc)
    __tagsym$$used                           0x0002bfdc   Number         0  nrf_log_frontend.o(nrf_balloc)
    sdh_soc_observers0                       0x0002bff0   Section        8  nrf_drv_clock.o(sdh_soc_observers0)
    __tagsym$$used                           0x0002bff0   Number         0  nrf_drv_clock.o(sdh_soc_observers0)
    m_soc_evt_observer                       0x0002bff0   Data           8  nrf_drv_clock.o(sdh_soc_observers0)
    sdh_stack_observers0                     0x0002bff8   Section        8  nrf_sdh_ble.o(sdh_stack_observers0)
    __tagsym$$used                           0x0002bff8   Number         0  nrf_sdh_ble.o(sdh_stack_observers0)
    m_nrf_sdh_ble_evts_poll                  0x0002bff8   Data           8  nrf_sdh_ble.o(sdh_stack_observers0)
    sdh_stack_observers0                     0x0002c000   Section        8  nrf_sdh_soc.o(sdh_stack_observers0)
    __tagsym$$used                           0x0002c000   Number         0  nrf_sdh_soc.o(sdh_stack_observers0)
    m_nrf_sdh_soc_evts_poll                  0x0002c000   Data           8  nrf_sdh_soc.o(sdh_stack_observers0)
    sdh_state_observers0                     0x0002c008   Section        8  nrf_drv_clock.o(sdh_state_observers0)
    __tagsym$$used                           0x0002c008   Number         0  nrf_drv_clock.o(sdh_state_observers0)
    m_sd_state_observer                      0x0002c008   Data           8  nrf_drv_clock.o(sdh_state_observers0)
    .data                                    0x200018d8   Section       20  main.o(.data)
    m_adv_handle                             0x200018d8   Data           1  main.o(.data)
    m_beacon_info                            0x200018d9   Data           3  main.o(.data)
    m_adv_data                               0x200018dc   Data          16  main.o(.data)
    .data                                    0x200018ec   Section       16  bsp.o(.data)
    m_stable_state                           0x200018ec   Data           1  bsp.o(.data)
    m_leds_clear                             0x200018ed   Data           1  bsp.o(.data)
    m_alert_on                               0x200018ee   Data           1  bsp.o(.data)
    current_long_push_pin_no                 0x200018ef   Data           1  bsp.o(.data)
    m_indication_type                        0x200018f0   Data           4  bsp.o(.data)
    m_registered_callback                    0x200018f4   Data           4  bsp.o(.data)
    release_event_at_push                    0x200018f8   Data           4  bsp.o(.data)
    .data                                    0x200018fc   Section       20  nrf_drv_uart.o(.data)
    m_handlers                               0x20001900   Data           8  nrf_drv_uart.o(.data)
    m_contexts                               0x20001908   Data           8  nrf_drv_uart.o(.data)
    .data                                    0x20001910   Section        8  nrfx_clock.o(.data)
    m_clock_cb                               0x20001910   Data           8  nrfx_clock.o(.data)
    .data                                    0x20001918   Section        8  nrfx_prs.o(.data)
    m_prs_box_4                              0x20001918   Data           8  nrfx_prs.o(.data)
    .data                                    0x20001920   Section       24  app_button.o(.data)
    m_button_count                           0x20001920   Data           1  app_button.o(.data)
    mp_buttons                               0x20001924   Data           4  app_button.o(.data)
    m_detection_delay                        0x20001928   Data           4  app_button.o(.data)
    m_pin_active                             0x20001930   Data           8  app_button.o(.data)
    .data                                    0x20001938   Section       32  app_timer2.o(.data)
    m_global_active                          0x20001938   Data           1  app_timer2.o(.data)
    mp_active_timer                          0x2000193c   Data           4  app_timer2.o(.data)
    m_rtc_inst                               0x20001940   Data           8  app_timer2.o(.data)
    m_base_counter                           0x20001948   Data           8  app_timer2.o(.data)
    m_stamp64                                0x20001950   Data           8  app_timer2.o(.data)
    .data                                    0x20001958   Section        4  app_timer2.o(.data)
    m_app_timer_sortlist_sortlist_cb         0x20001958   Data           4  app_timer2.o(.data)
    .data                                    0x2000195c   Section       12  drv_rtc.o(.data)
    m_handlers                               0x2000195c   Data           4  drv_rtc.o(.data)
    m_cb                                     0x20001960   Data           8  drv_rtc.o(.data)
    .data                                    0x20001968   Section        8  nrf_pwr_mgmt.o(.data)
    m_pwr_mgmt_evt                           0x20001968   Data           1  nrf_pwr_mgmt.o(.data)
    m_shutdown_started                       0x20001969   Data           1  nrf_pwr_mgmt.o(.data)
    m_sysoff_mtx                             0x2000196c   Data           4  nrf_pwr_mgmt.o(.data)
    .data                                    0x20001970   Section       24  nrf_log_backend_uart.o(.data)
    m_xfer_done                              0x20001970   Data           1  nrf_log_backend_uart.o(.data)
    m_async_mode                             0x20001971   Data           1  nrf_log_backend_uart.o(.data)
    .data                                    0x20001988   Section        8  nrf_log_default_backends.o(.data)
    log_backend_cb_uart_log_backend          0x20001988   Data           8  nrf_log_default_backends.o(.data)
    .data                                    0x20001990   Section        4  nrf_log_frontend.o(.data)
    m_buffer_mask                            0x20001990   Data           4  nrf_log_frontend.o(.data)
    .data                                    0x20001994   Section        8  nrf_log_frontend.o(.data)
    log_mempool_nrf_balloc_pool_stack        0x20001994   Data           8  nrf_log_frontend.o(.data)
    .data                                    0x2000199c   Section        8  nrf_log_frontend.o(.data)
    log_mempool_nrf_balloc_cb                0x2000199c   Data           8  nrf_log_frontend.o(.data)
    .data                                    0x200019a4   Section       64  nrf_log_str_formatter.o(.data)
    m_freq                                   0x200019a4   Data           4  nrf_log_str_formatter.o(.data)
    m_timestamp_div                          0x200019a8   Data           4  nrf_log_str_formatter.o(.data)
    severity_names                           0x200019ac   Data          20  nrf_log_str_formatter.o(.data)
    m_colors                                 0x200019c0   Data          36  nrf_log_str_formatter.o(.data)
    .data                                    0x200019e4   Section        3  nrf_sdh.o(.data)
    m_nrf_sdh_enabled                        0x200019e4   Data           1  nrf_sdh.o(.data)
    m_nrf_sdh_suspended                      0x200019e5   Data           1  nrf_sdh.o(.data)
    m_nrf_sdh_continue                       0x200019e6   Data           1  nrf_sdh.o(.data)
    .data                                    0x200019e7   Section        1  nrf_sdh_ble.o(.data)
    m_stack_is_enabled                       0x200019e7   Data           1  nrf_sdh_ble.o(.data)
    .data                                    0x200019e8   Section        4  system_nrf52840.o(.data)
    __tagsym$$used                           0x200019e8   Number         0  system_nrf52840.o(.data)
    .bss                                     0x200019ec   Section       24  main.o(.bss)
    m_adv_params                             0x200019ec   Data          24  main.o(.bss)
    .bss                                     0x20001a04   Section       31  main.o(.bss)
    m_enc_advdata                            0x20001a04   Data          31  main.o(.bss)
    .bss                                     0x20001a28   Section       32  bsp.o(.bss)
    m_bsp_leds_tmr_data                      0x20001a28   Data          32  bsp.o(.bss)
    .bss                                     0x20001a48   Section       32  bsp.o(.bss)
    m_bsp_alert_tmr_data                     0x20001a48   Data          32  bsp.o(.bss)
    .bss                                     0x20001a68   Section       12  bsp.o(.bss)
    m_events_list                            0x20001a68   Data          12  bsp.o(.bss)
    .bss                                     0x20001a78   Section       32  bsp.o(.bss)
    m_bsp_button_tmr_data                    0x20001a78   Data          32  bsp.o(.bss)
    .bss                                     0x20001a98   Section       20  nrf_drv_clock.o(.bss)
    m_clock_cb                               0x20001a98   Data          20  nrf_drv_clock.o(.bss)
    .bss                                     0x20001aac   Section      108  nrfx_gpiote.o(.bss)
    m_cb                                     0x20001aac   Data         108  nrfx_gpiote.o(.bss)
    .bss                                     0x20001b18   Section       44  nrfx_uart.o(.bss)
    m_cb                                     0x20001b18   Data          44  nrfx_uart.o(.bss)
    .bss                                     0x20001b44   Section       36  nrfx_uarte.o(.bss)
    m_cb                                     0x20001b44   Data          36  nrfx_uarte.o(.bss)
    .bss                                     0x20001b68   Section       32  app_button.o(.bss)
    m_detection_delay_timer_id_data          0x20001b68   Data          32  app_button.o(.bss)
    .bss                                     0x20001b88   Section       32  app_button.o(.bss)
    m_pin_states                             0x20001b88   Data          32  app_button.o(.bss)
    .bss                                     0x20001ba8   Section       16  app_timer2.o(.bss)
    m_req_fifo_inst                          0x20001ba8   Data          16  app_timer2.o(.bss)
    .bss                                     0x20001bb8   Section       88  app_timer2.o(.bss)
    m_req_fifo_data                          0x20001bb8   Data          88  app_timer2.o(.bss)
    .bss                                     0x20001c10   Section       12  app_util_platform.o(.bss)
    .bss                                     0x20001c1c   Section       12  nrf_pwr_mgmt.o(.bss)
    m_handlers_iter                          0x20001c1c   Data          12  nrf_pwr_mgmt.o(.bss)
    .bss                                     0x20001c28   Section       64  nrf_log_backend_uart.o(.bss)
    m_string_buff                            0x20001c28   Data          64  nrf_log_backend_uart.o(.bss)
    .bss                                     0x20001c68   Section      192  nrf_log_frontend.o(.bss)
    log_mempool_nrf_balloc_pool_mem          0x20001c68   Data         192  nrf_log_frontend.o(.bss)
    .bss                                     0x20001d28   Section      128  nrf_log_frontend.o(.bss)
    m_log_push_ringbuf_buf                   0x20001d28   Data         128  nrf_log_frontend.o(.bss)
    .bss                                     0x20001da8   Section       24  nrf_log_frontend.o(.bss)
    m_log_push_ringbuf_cb                    0x20001da8   Data          24  nrf_log_frontend.o(.bss)
    .bss                                     0x20001dc0   Section     1056  nrf_log_frontend.o(.bss)
    m_log_data                               0x20001dc0   Data        1056  nrf_log_frontend.o(.bss)
    STACK                                    0x200021e0   Section     8192  arm_startup_nrf52840.o(STACK)

    Global Symbols

    Symbol Name                              Value     Ov Type        Size  Object(Section)

    BuildAttributes$$THM_ISAv4$E$P$D$K$B$S$7EM$VFPi3$EXTD16$VFPS$VFMA$PE$A:L22UL41UL21$X:L11$S22US41US21$IEEE1$IW$USESV6$~STKCKD$USESV7$~SHL$OSPACE$EBA8$MICROLIB$REQ8$EABIv2 0x00000000   Number         0  anon$$obj.o ABSOLUTE
    __ARM_use_no_argv                        0x00000000   Number         0  main.o ABSOLUTE
    __use_no_errno                           0x00000000   Number         0  useno.o ABSOLUTE
    __use_no_exception_handling              0x00000000   Number         0  useno.o ABSOLUTE
    __use_no_fp                              0x00000000   Number         0  useno.o ABSOLUTE
    __use_no_heap                            0x00000000   Number         0  useno.o ABSOLUTE
    __use_no_heap_region                     0x00000000   Number         0  useno.o ABSOLUTE
    __use_no_semihosting                     0x00000000   Number         0  useno.o ABSOLUTE
    __use_no_semihosting_swi                 0x00000000   Number         0  useno.o ABSOLUTE
    __use_no_signal_handling                 0x00000000   Number         0  useno.o ABSOLUTE
    __cpp_initialize__aeabi_                  - Undefined Weak Reference
    __cxa_finalize                            - Undefined Weak Reference
    __decompress                              - Undefined Weak Reference
    _clock_init                               - Undefined Weak Reference
    _microlib_exit                            - Undefined Weak Reference
    log_dynamic_data$$Base                    - Undefined Reference
    pwr_mgmt_data0$$Base                      - Undefined Reference
    pwr_mgmt_data0$$Limit                     - Undefined Reference
    pwr_mgmt_data1$$Base                      - Undefined Reference
    pwr_mgmt_data1$$Limit                     - Undefined Reference
    pwr_mgmt_data2$$Base                      - Undefined Reference
    pwr_mgmt_data2$$Limit                     - Undefined Reference
    sdh_ble_observers0$$Base                  - Undefined Reference
    sdh_ble_observers0$$Limit                 - Undefined Reference
    sdh_ble_observers1$$Base                  - Undefined Reference
    sdh_ble_observers1$$Limit                 - Undefined Reference
    sdh_ble_observers2$$Base                  - Undefined Reference
    sdh_ble_observers2$$Limit                 - Undefined Reference
    sdh_ble_observers3$$Base                  - Undefined Reference
    sdh_ble_observers3$$Limit                 - Undefined Reference
    sdh_req_observers0$$Base                  - Undefined Reference
    sdh_req_observers0$$Limit                 - Undefined Reference
    sdh_req_observers1$$Base                  - Undefined Reference
    sdh_req_observers1$$Limit                 - Undefined Reference
    sdh_soc_observers1$$Base                  - Undefined Reference
    sdh_soc_observers1$$Limit                 - Undefined Reference
    sdh_stack_observers1$$Base                - Undefined Reference
    sdh_stack_observers1$$Limit               - Undefined Reference
    sdh_state_observers1$$Base                - Undefined Reference
    sdh_state_observers1$$Limit               - Undefined Reference
    __Vectors_Size                           0x00000200   Number         0  arm_startup_nrf52840.o ABSOLUTE
    __Vectors                                0x00027000   Data           4  arm_startup_nrf52840.o(RESET)
    __Vectors_End                            0x00027200   Data           0  arm_startup_nrf52840.o(RESET)
    __main                                   0x00027201   Thumb Code     0  entry.o(.ARM.Collect$$$$00000000)
    _main_stk                                0x00027201   Thumb Code     0  entry2.o(.ARM.Collect$$$$00000001)
    _main_scatterload                        0x00027205   Thumb Code     0  entry5.o(.ARM.Collect$$$$00000004)
    __main_after_scatterload                 0x00027209   Thumb Code     0  entry5.o(.ARM.Collect$$$$00000004)
    _main_clock                              0x00027209   Thumb Code     0  entry7b.o(.ARM.Collect$$$$00000008)
    _main_cpp_init                           0x00027209   Thumb Code     0  entry8b.o(.ARM.Collect$$$$0000000A)
    _main_init                               0x00027209   Thumb Code     0  entry9a.o(.ARM.Collect$$$$0000000B)
    __rt_final_cpp                           0x00027211   Thumb Code     0  entry10a.o(.ARM.Collect$$$$0000000D)
    __rt_final_exit                          0x00027211   Thumb Code     0  entry11a.o(.ARM.Collect$$$$0000000F)
    __asm___12_nrf_atfifo_c_51f461e1__nrf_atfifo_wspace_req 0x00027215   Thumb Code    56  nrf_atfifo.o(.emb_text)
    __asm___12_nrf_atfifo_c_51f461e1__nrf_atfifo_wspace_close 0x0002724d   Thumb Code    18  nrf_atfifo.o(.emb_text)
    __asm___12_nrf_atfifo_c_51f461e1__nrf_atfifo_rspace_req 0x0002725f   Thumb Code    58  nrf_atfifo.o(.emb_text)
    __asm___12_nrf_atfifo_c_51f461e1__nrf_atfifo_rspace_close 0x00027299   Thumb Code    18  nrf_atfifo.o(.emb_text)
    __asm___12_nrf_atfifo_c_51f461e1__nrf_atfifo_space_clear 0x000272ab   Thumb Code    50  nrf_atfifo.o(.emb_text)
    __asm___12_nrf_atomic_c_85ca2469__nrf_atomic_internal_mov 0x000272dd   Thumb Code    24  nrf_atomic.o(.emb_text)
    __asm___12_nrf_atomic_c_85ca2469__nrf_atomic_internal_orr 0x000272f5   Thumb Code    26  nrf_atomic.o(.emb_text)
    __asm___12_nrf_atomic_c_85ca2469__nrf_atomic_internal_and 0x0002730f   Thumb Code    26  nrf_atomic.o(.emb_text)
    __asm___12_nrf_atomic_c_85ca2469__nrf_atomic_internal_eor 0x00027329   Thumb Code    26  nrf_atomic.o(.emb_text)
    __asm___12_nrf_atomic_c_85ca2469__nrf_atomic_internal_add 0x00027343   Thumb Code    26  nrf_atomic.o(.emb_text)
    __asm___12_nrf_atomic_c_85ca2469__nrf_atomic_internal_sub 0x0002735d   Thumb Code    26  nrf_atomic.o(.emb_text)
    __asm___12_nrf_atomic_c_85ca2469__nrf_atomic_internal_cmp_exch 0x00027377   Thumb Code    42  nrf_atomic.o(.emb_text)
    __asm___12_nrf_atomic_c_85ca2469__nrf_atomic_internal_sub_hs 0x000273a1   Thumb Code    30  nrf_atomic.o(.emb_text)
    Reset_Handler                            0x000273c1   Thumb Code     8  arm_startup_nrf52840.o(.text)
    NMI_Handler                              0x000273c9   Thumb Code     2  arm_startup_nrf52840.o(.text)
    HardFault_Handler                        0x000273cb   Thumb Code     2  arm_startup_nrf52840.o(.text)
    MemoryManagement_Handler                 0x000273cd   Thumb Code     2  arm_startup_nrf52840.o(.text)
    BusFault_Handler                         0x000273cf   Thumb Code     2  arm_startup_nrf52840.o(.text)
    UsageFault_Handler                       0x000273d1   Thumb Code     2  arm_startup_nrf52840.o(.text)
    SVC_Handler                              0x000273d3   Thumb Code     2  arm_startup_nrf52840.o(.text)
    DebugMon_Handler                         0x000273d5   Thumb Code     2  arm_startup_nrf52840.o(.text)
    PendSV_Handler                           0x000273d7   Thumb Code     2  arm_startup_nrf52840.o(.text)
    SysTick_Handler                          0x000273d9   Thumb Code     2  arm_startup_nrf52840.o(.text)
    CCM_AAR_IRQHandler                       0x000273db   Thumb Code     0  arm_startup_nrf52840.o(.text)
    COMP_LPCOMP_IRQHandler                   0x000273db   Thumb Code     0  arm_startup_nrf52840.o(.text)
    CRYPTOCELL_IRQHandler                    0x000273db   Thumb Code     0  arm_startup_nrf52840.o(.text)
    ECB_IRQHandler                           0x000273db   Thumb Code     0  arm_startup_nrf52840.o(.text)
    FPU_IRQHandler                           0x000273db   Thumb Code     0  arm_startup_nrf52840.o(.text)
    I2S_IRQHandler                           0x000273db   Thumb Code     0  arm_startup_nrf52840.o(.text)
    MWU_IRQHandler                           0x000273db   Thumb Code     0  arm_startup_nrf52840.o(.text)
    NFCT_IRQHandler                          0x000273db   Thumb Code     0  arm_startup_nrf52840.o(.text)
    PDM_IRQHandler                           0x000273db   Thumb Code     0  arm_startup_nrf52840.o(.text)
    PWM0_IRQHandler                          0x000273db   Thumb Code     0  arm_startup_nrf52840.o(.text)
    PWM1_IRQHandler                          0x000273db   Thumb Code     0  arm_startup_nrf52840.o(.text)
    PWM2_IRQHandler                          0x000273db   Thumb Code     0  arm_startup_nrf52840.o(.text)
    PWM3_IRQHandler                          0x000273db   Thumb Code     0  arm_startup_nrf52840.o(.text)
    QDEC_IRQHandler                          0x000273db   Thumb Code     0  arm_startup_nrf52840.o(.text)
    QSPI_IRQHandler                          0x000273db   Thumb Code     0  arm_startup_nrf52840.o(.text)
    RADIO_IRQHandler                         0x000273db   Thumb Code     0  arm_startup_nrf52840.o(.text)
    RNG_IRQHandler                           0x000273db   Thumb Code     0  arm_startup_nrf52840.o(.text)
    RTC0_IRQHandler                          0x000273db   Thumb Code     0  arm_startup_nrf52840.o(.text)
    RTC2_IRQHandler                          0x000273db   Thumb Code     0  arm_startup_nrf52840.o(.text)
    SAADC_IRQHandler                         0x000273db   Thumb Code     0  arm_startup_nrf52840.o(.text)
    SPIM0_SPIS0_TWIM0_TWIS0_SPI0_TWI0_IRQHandler 0x000273db   Thumb Code     0  arm_startup_nrf52840.o(.text)
    SPIM1_SPIS1_TWIM1_TWIS1_SPI1_TWI1_IRQHandler 0x000273db   Thumb Code     0  arm_startup_nrf52840.o(.text)
    SPIM2_SPIS2_SPI2_IRQHandler              0x000273db   Thumb Code     0  arm_startup_nrf52840.o(.text)
    SPIM3_IRQHandler                         0x000273db   Thumb Code     0  arm_startup_nrf52840.o(.text)
    SWI0_EGU0_IRQHandler                     0x000273db   Thumb Code     0  arm_startup_nrf52840.o(.text)
    SWI1_EGU1_IRQHandler                     0x000273db   Thumb Code     0  arm_startup_nrf52840.o(.text)
    SWI3_EGU3_IRQHandler                     0x000273db   Thumb Code     0  arm_startup_nrf52840.o(.text)
    SWI4_EGU4_IRQHandler                     0x000273db   Thumb Code     0  arm_startup_nrf52840.o(.text)
    SWI5_EGU5_IRQHandler                     0x000273db   Thumb Code     0  arm_startup_nrf52840.o(.text)
    TEMP_IRQHandler                          0x000273db   Thumb Code     0  arm_startup_nrf52840.o(.text)
    TIMER0_IRQHandler                        0x000273db   Thumb Code     0  arm_startup_nrf52840.o(.text)
    TIMER1_IRQHandler                        0x000273db   Thumb Code     0  arm_startup_nrf52840.o(.text)
    TIMER2_IRQHandler                        0x000273db   Thumb Code     0  arm_startup_nrf52840.o(.text)
    TIMER3_IRQHandler                        0x000273db   Thumb Code     0  arm_startup_nrf52840.o(.text)
    TIMER4_IRQHandler                        0x000273db   Thumb Code     0  arm_startup_nrf52840.o(.text)
    UARTE1_IRQHandler                        0x000273db   Thumb Code     0  arm_startup_nrf52840.o(.text)
    USBD_IRQHandler                          0x000273db   Thumb Code     0  arm_startup_nrf52840.o(.text)
    WDT_IRQHandler                           0x000273db   Thumb Code     0  arm_startup_nrf52840.o(.text)
    __aeabi_uldivmod                         0x000273e5   Thumb Code    98  uldiv.o(.text)
    __aeabi_llsl                             0x00027447   Thumb Code    30  llshl.o(.text)
    _ll_shift_l                              0x00027447   Thumb Code     0  llshl.o(.text)
    __rt_ctype_table                         0x00027465   Thumb Code     4  ctype_o.o(.text)
    __aeabi_memcpy                           0x0002746d   Thumb Code    36  memcpya.o(.text)
    __aeabi_memcpy4                          0x0002746d   Thumb Code     0  memcpya.o(.text)
    __aeabi_memcpy8                          0x0002746d   Thumb Code     0  memcpya.o(.text)
    __aeabi_memset                           0x00027491   Thumb Code    14  memseta.o(.text)
    __aeabi_memset4                          0x00027491   Thumb Code     0  memseta.o(.text)
    __aeabi_memset8                          0x00027491   Thumb Code     0  memseta.o(.text)
    __aeabi_memclr                           0x0002749f   Thumb Code     4  memseta.o(.text)
    __aeabi_memclr4                          0x0002749f   Thumb Code     0  memseta.o(.text)
    __aeabi_memclr8                          0x0002749f   Thumb Code     0  memseta.o(.text)
    _memset$wrapper                          0x000274a3   Thumb Code    18  memseta.o(.text)
    strlen                                   0x000274b5   Thumb Code    14  strlen.o(.text)
    __aeabi_llsr                             0x000274c3   Thumb Code    32  llushr.o(.text)
    _ll_ushift_r                             0x000274c3   Thumb Code     0  llushr.o(.text)
    __scatterload                            0x000274e5   Thumb Code    28  init.o(.text)
    __scatterload_rt2                        0x000274e5   Thumb Code     0  init.o(.text)
    GPIOTE_IRQHandler                        0x00027509   Thumb Code   156  nrfx_gpiote.o(i.GPIOTE_IRQHandler)
    POWER_CLOCK_IRQHandler                   0x000275ad   Thumb Code    82  nrfx_clock.o(i.POWER_CLOCK_IRQHandler)
    RTC1_IRQHandler                          0x00027605   Thumb Code    12  drv_rtc.o(i.RTC1_IRQHandler)
    SWI2_EGU2_IRQHandler                     0x00027615   Thumb Code     4  nrf_sdh.o(i.SWI2_EGU2_IRQHandler)
    SystemInit                               0x00027619   Thumb Code   406  system_nrf52840.o(i.SystemInit)
    UARTE0_UART0_IRQHandler                  0x000277ed   Thumb Code     6  nrfx_prs.o(i.UARTE0_UART0_IRQHandler)
    __scatterload_copy                       0x000277f9   Thumb Code    14  handlers.o(i.__scatterload_copy)
    __scatterload_null                       0x00027807   Thumb Code     2  handlers.o(i.__scatterload_null)
    __scatterload_zeroinit                   0x00027809   Thumb Code    14  handlers.o(i.__scatterload_zeroinit)
    app_button_enable                        0x000278ed   Thumb Code    32  app_button.o(i.app_button_enable)
    app_button_init                          0x00027911   Thumb Code   106  app_button.o(i.app_button_init)
    app_error_fault_handler                  0x00027991   Thumb Code    86  app_error_weak.o(i.app_error_fault_handler)
    app_error_handler_bare                   0x00027a15   Thumb Code    22  app_error.o(i.app_error_handler_bare)
    app_timer_cnt_get                        0x00027a2d   Thumb Code     6  app_timer2.o(i.app_timer_cnt_get)
    app_timer_create                         0x00027a39   Thumb Code    22  app_timer2.o(i.app_timer_create)
    app_timer_init                           0x00027a51   Thumb Code    70  app_timer2.o(i.app_timer_init)
    app_timer_start                          0x00027aad   Thumb Code    48  app_timer2.o(i.app_timer_start)
    app_timer_stop                           0x00027add   Thumb Code    12  app_timer2.o(i.app_timer_stop)
    app_util_critical_region_enter           0x00027ae9   Thumb Code    64  app_util_platform.o(i.app_util_critical_region_enter)
    app_util_critical_region_exit            0x00027b31   Thumb Code    46  app_util_platform.o(i.app_util_critical_region_exit)
    ble_advdata_encode                       0x00027c51   Thumb Code   386  ble_advdata.o(i.ble_advdata_encode)
    bsp_board_init                           0x00027e35   Thumb Code    80  boards.o(i.bsp_board_init)
    bsp_board_led_invert                     0x00027e89   Thumb Code    40  boards.o(i.bsp_board_led_invert)
    bsp_board_led_off                        0x00027eb5   Thumb Code    10  boards.o(i.bsp_board_led_off)
    bsp_board_led_on                         0x00027ec5   Thumb Code    10  boards.o(i.bsp_board_led_on)
    bsp_board_led_state_get                  0x00027ed5   Thumb Code    36  boards.o(i.bsp_board_led_state_get)
    bsp_board_leds_off                       0x00027efd   Thumb Code    18  boards.o(i.bsp_board_leds_off)
    bsp_board_leds_on                        0x00027f0f   Thumb Code    18  boards.o(i.bsp_board_leds_on)
    bsp_board_pin_to_button_idx              0x00027f21   Thumb Code    30  boards.o(i.bsp_board_pin_to_button_idx)
    bsp_event_to_button_action_assign        0x00027fd5   Thumb Code    64  bsp.o(i.bsp_event_to_button_action_assign)
    bsp_indication_set                       0x00028019   Thumb Code    20  bsp.o(i.bsp_indication_set)
    bsp_init                                 0x00028031   Thumb Code   128  bsp.o(i.bsp_init)
    buffer_is_empty                          0x00028351   Thumb Code    18  nrf_log_frontend.o(i.buffer_is_empty)
    drv_rtc_compare_disable                  0x0002854d   Thumb Code    20  drv_rtc.o(i.drv_rtc_compare_disable)
    drv_rtc_compare_pending                  0x00028561   Thumb Code    14  drv_rtc.o(i.drv_rtc_compare_pending)
    drv_rtc_compare_set                      0x0002856f   Thumb Code    80  drv_rtc.o(i.drv_rtc_compare_set)
    drv_rtc_counter_get                      0x000285bf   Thumb Code     8  drv_rtc.o(i.drv_rtc_counter_get)
    drv_rtc_init                             0x000285c9   Thumb Code   148  drv_rtc.o(i.drv_rtc_init)
    drv_rtc_irq_trigger                      0x000286a1   Thumb Code    30  drv_rtc.o(i.drv_rtc_irq_trigger)
    drv_rtc_overflow_enable                  0x000286bf   Thumb Code     8  drv_rtc.o(i.drv_rtc_overflow_enable)
    drv_rtc_overflow_pending                 0x000286c7   Thumb Code     8  drv_rtc.o(i.drv_rtc_overflow_pending)
    drv_rtc_start                            0x000286cf   Thumb Code     8  drv_rtc.o(i.drv_rtc_start)
    drv_rtc_stop                             0x000286d7   Thumb Code     8  drv_rtc.o(i.drv_rtc_stop)
    drv_rtc_windowed_compare_set             0x000286df   Thumb Code   222  drv_rtc.o(i.drv_rtc_windowed_compare_set)
    evt_handle                               0x000287d1   Thumb Code   216  app_button.o(i.evt_handle)
    main                                     0x00028b81   Thumb Code   160  main.o(i.main)
    nrf_atfifo_init                          0x00028dff   Thumb Code    38  nrf_atfifo.o(i.nrf_atfifo_init)
    nrf_atfifo_item_alloc                    0x00028e25   Thumb Code    22  nrf_atfifo.o(i.nrf_atfifo_item_alloc)
    nrf_atfifo_item_free                     0x00028e3b   Thumb Code    22  nrf_atfifo.o(i.nrf_atfifo_item_free)
    nrf_atfifo_item_get                      0x00028e51   Thumb Code    22  nrf_atfifo.o(i.nrf_atfifo_item_get)
    nrf_atfifo_item_put                      0x00028e67   Thumb Code    22  nrf_atfifo.o(i.nrf_atfifo_item_put)
    nrf_atomic_flag_clear_fetch              0x00028e7d   Thumb Code     6  nrf_atomic.o(i.nrf_atomic_flag_clear_fetch)
    nrf_atomic_flag_set                      0x00028e83   Thumb Code     6  nrf_atomic.o(i.nrf_atomic_flag_set)
    nrf_atomic_u32_add                       0x00028e89   Thumb Code    12  nrf_atomic.o(i.nrf_atomic_u32_add)
    nrf_atomic_u32_fetch_and                 0x00028e95   Thumb Code    10  nrf_atomic.o(i.nrf_atomic_u32_fetch_and)
    nrf_atomic_u32_fetch_store               0x00028e9f   Thumb Code    10  nrf_atomic.o(i.nrf_atomic_u32_fetch_store)
    nrf_atomic_u32_or                        0x00028ea9   Thumb Code    12  nrf_atomic.o(i.nrf_atomic_u32_or)
    nrf_atomic_u32_sub                       0x00028eb5   Thumb Code    12  nrf_atomic.o(i.nrf_atomic_u32_sub)
    nrf_balloc_alloc                         0x00028ec1   Thumb Code    68  nrf_balloc.o(i.nrf_balloc_alloc)
    nrf_balloc_free                          0x00028f05   Thumb Code    48  nrf_balloc.o(i.nrf_balloc_free)
    nrf_balloc_init                          0x00028f35   Thumb Code    48  nrf_balloc.o(i.nrf_balloc_init)
    nrf_drv_clock_init                       0x00028f95   Thumb Code    56  nrf_drv_clock.o(i.nrf_drv_clock_init)
    nrf_drv_clock_lfclk_release              0x00028fd5   Thumb Code    48  nrf_drv_clock.o(i.nrf_drv_clock_lfclk_release)
    nrf_drv_uart_init                        0x00029009   Thumb Code    90  nrf_drv_uart.o(i.nrf_drv_uart_init)
    nrf_fprintf                              0x00029071   Thumb Code    26  nrf_fprintf.o(i.nrf_fprintf)
    nrf_fprintf_buffer_flush                 0x0002908b   Thumb Code    24  nrf_fprintf.o(i.nrf_fprintf_buffer_flush)
    nrf_fprintf_fmt                          0x000290a3   Thumb Code   474  nrf_fprintf_format.o(i.nrf_fprintf_fmt)
    nrf_log_backend_add                      0x00029539   Thumb Code    86  nrf_log_frontend.o(i.nrf_log_backend_add)
    nrf_log_backend_serial_put               0x00029595   Thumb Code   200  nrf_log_backend_serial.o(i.nrf_log_backend_serial_put)
    nrf_log_backend_uart_init                0x0002965f   Thumb Code     6  nrf_log_backend_uart.o(i.nrf_log_backend_uart_init)
    nrf_log_color_id_get                     0x000296a9   Thumb Code    42  nrf_log_frontend.o(i.nrf_log_color_id_get)
    nrf_log_default_backends_init            0x000296d9   Thumb Code    24  nrf_log_default_backends.o(i.nrf_log_default_backends_init)
    nrf_log_frontend_dequeue                 0x000296f5   Thumb Code   528  nrf_log_frontend.o(i.nrf_log_frontend_dequeue)
    nrf_log_frontend_std_0                   0x0002992d   Thumb Code     8  nrf_log_frontend.o(i.nrf_log_frontend_std_0)
    nrf_log_frontend_std_1                   0x00029935   Thumb Code    14  nrf_log_frontend.o(i.nrf_log_frontend_std_1)
    nrf_log_frontend_std_2                   0x00029943   Thumb Code    16  nrf_log_frontend.o(i.nrf_log_frontend_std_2)
    nrf_log_hexdump_entry_process            0x00029955   Thumb Code   150  nrf_log_str_formatter.o(i.nrf_log_hexdump_entry_process)
    nrf_log_init                             0x00029a05   Thumb Code    28  nrf_log_frontend.o(i.nrf_log_init)
    nrf_log_module_cnt_get                   0x00029a2d   Thumb Code    10  nrf_log_frontend.o(i.nrf_log_module_cnt_get)
    nrf_log_module_name_get                  0x00029a41   Thumb Code    24  nrf_log_frontend.o(i.nrf_log_module_name_get)
    nrf_log_panic                            0x00029a5d   Thumb Code    36  nrf_log_frontend.o(i.nrf_log_panic)
    nrf_log_std_entry_process                0x00029a85   Thumb Code   182  nrf_log_str_formatter.o(i.nrf_log_std_entry_process)
    nrf_memobj_alloc                         0x00029b3b   Thumb Code    96  nrf_memobj.o(i.nrf_memobj_alloc)
    nrf_memobj_free                          0x00029b9b   Thumb Code    50  nrf_memobj.o(i.nrf_memobj_free)
    nrf_memobj_get                           0x00029bcd   Thumb Code     8  nrf_memobj.o(i.nrf_memobj_get)
    nrf_memobj_pool_init                     0x00029bd5   Thumb Code     4  nrf_memobj.o(i.nrf_memobj_pool_init)
    nrf_memobj_put                           0x00029bd9   Thumb Code    30  nrf_memobj.o(i.nrf_memobj_put)
    nrf_memobj_read                          0x00029bf7   Thumb Code    16  nrf_memobj.o(i.nrf_memobj_read)
    nrf_memobj_write                         0x00029c07   Thumb Code    16  nrf_memobj.o(i.nrf_memobj_write)
    nrf_pwr_mgmt_init                        0x00029c19   Thumb Code    28  nrf_pwr_mgmt.o(i.nrf_pwr_mgmt_init)
    nrf_pwr_mgmt_run                         0x00029c41   Thumb Code    64  nrf_pwr_mgmt.o(i.nrf_pwr_mgmt_run)
    nrf_ringbuf_init                         0x00029c85   Thumb Code    28  nrf_ringbuf.o(i.nrf_ringbuf_init)
    nrf_sdh_ble_app_ram_start_get            0x00029cad   Thumb Code    16  nrf_sdh_ble.o(i.nrf_sdh_ble_app_ram_start_get)
    nrf_sdh_ble_default_cfg_set              0x00029cc1   Thumb Code   224  nrf_sdh_ble.o(i.nrf_sdh_ble_default_cfg_set)
    nrf_sdh_ble_enable                       0x00029dbd   Thumb Code   116  nrf_sdh_ble.o(i.nrf_sdh_ble_enable)
    nrf_sdh_enable_request                   0x00029f49   Thumb Code   102  nrf_sdh.o(i.nrf_sdh_enable_request)
    nrf_sdh_evts_poll                        0x00029fbd   Thumb Code    32  nrf_sdh.o(i.nrf_sdh_evts_poll)
    nrf_sdh_is_enabled                       0x00029fe1   Thumb Code     6  nrf_sdh.o(i.nrf_sdh_is_enabled)
    nrf_section_iter_init                    0x0002a029   Thumb Code    10  nrf_section_iter.o(i.nrf_section_iter_init)
    nrf_section_iter_next                    0x0002a057   Thumb Code    32  nrf_section_iter.o(i.nrf_section_iter_next)
    nrf_sortlist_add                         0x0002a077   Thumb Code    34  nrf_sortlist.o(i.nrf_sortlist_add)
    nrf_sortlist_peek                        0x0002a099   Thumb Code     6  nrf_sortlist.o(i.nrf_sortlist_peek)
    nrf_sortlist_pop                         0x0002a09f   Thumb Code    14  nrf_sortlist.o(i.nrf_sortlist_pop)
    nrf_sortlist_remove                      0x0002a0ad   Thumb Code    30  nrf_sortlist.o(i.nrf_sortlist_remove)
    nrf_strerror_find                        0x0002a0cd   Thumb Code    52  nrf_strerror.o(i.nrf_strerror_find)
    nrf_strerror_get                         0x0002a105   Thumb Code    14  nrf_strerror.o(i.nrf_strerror_get)
    nrfx_clock_enable                        0x0002a161   Thumb Code    34  nrfx_clock.o(i.nrfx_clock_enable)
    nrfx_clock_init                          0x0002a18d   Thumb Code    26  nrfx_clock.o(i.nrfx_clock_init)
    nrfx_clock_lfclk_stop                    0x0002a1ad   Thumb Code    38  nrfx_clock.o(i.nrfx_clock_lfclk_stop)
    nrfx_gpiote_in_event_enable              0x0002a1ed   Thumb Code   144  nrfx_gpiote.o(i.nrfx_gpiote_in_event_enable)
    nrfx_gpiote_in_init                      0x0002a285   Thumb Code   196  nrfx_gpiote.o(i.nrfx_gpiote_in_init)
    nrfx_gpiote_in_is_set                    0x0002a355   Thumb Code    14  nrfx_gpiote.o(i.nrfx_gpiote_in_is_set)
    nrfx_gpiote_init                         0x0002a365   Thumb Code   108  nrfx_gpiote.o(i.nrfx_gpiote_init)
    nrfx_gpiote_is_init                      0x0002a3dd   Thumb Code    14  nrfx_gpiote.o(i.nrfx_gpiote_is_init)
    nrfx_prs_acquire                         0x0002a401   Thumb Code    58  nrfx_prs.o(i.nrfx_prs_acquire)
    nrfx_prs_release                         0x0002a43b   Thumb Code    18  nrfx_prs.o(i.nrfx_prs_release)
    nrfx_uart_0_irq_handler                  0x0002a44d   Thumb Code     8  nrfx_uart.o(i.nrfx_uart_0_irq_handler)
    nrfx_uart_init                           0x0002a45d   Thumb Code   200  nrfx_uart.o(i.nrfx_uart_init)
    nrfx_uart_tx                             0x0002a531   Thumb Code   162  nrfx_uart.o(i.nrfx_uart_tx)
    nrfx_uart_tx_in_progress                 0x0002a5d9   Thumb Code    26  nrfx_uart.o(i.nrfx_uart_tx_in_progress)
    nrfx_uart_uninit                         0x0002a5f9   Thumb Code   182  nrfx_uart.o(i.nrfx_uart_uninit)
    nrfx_uarte_0_irq_handler                 0x0002a6b9   Thumb Code     8  nrfx_uarte.o(i.nrfx_uarte_0_irq_handler)
    nrfx_uarte_init                          0x0002a6c9   Thumb Code   100  nrfx_uarte.o(i.nrfx_uarte_init)
    nrfx_uarte_tx                            0x0002a735   Thumb Code   166  nrfx_uarte.o(i.nrfx_uarte_tx)
    nrfx_uarte_tx_in_progress                0x0002a7e1   Thumb Code    22  nrfx_uarte.o(i.nrfx_uarte_tx_in_progress)
    nrfx_uarte_uninit                        0x0002a7fd   Thumb Code   254  nrfx_uarte.o(i.nrfx_uarte_uninit)
    nrf_log_backend_uart_api                 0x0002b768   Data          12  nrf_log_backend_uart.o(.constdata)
    m_ram_start                              0x0002b818   Data           4  nrf_sdh_ble.o(.constdata)
    __ctype_table                            0x0002b844   Data         129  ctype_o.o(.constdata)
    Region$$Table$$Base                      0x0002bf3c   Number         0  anon$$obj.o(Region$$Table)
    Region$$Table$$Limit                     0x0002bf5c   Number         0  anon$$obj.o(Region$$Table)
    log_const_data$$Base                     0x0002bf6c   Number         0  nrf_drv_clock.o(log_const_data)
    m_nrf_log_clock_logs_data_const          0x0002bf6c   Data           8  nrf_drv_clock.o(log_const_data)
    m_nrf_log_CLOCK_logs_data_const          0x0002bf74   Data           8  nrfx_clock.o(log_const_data)
    m_nrf_log_GPIOTE_logs_data_const         0x0002bf7c   Data           8  nrfx_gpiote.o(log_const_data)
    m_nrf_log_PRS_logs_data_const            0x0002bf84   Data           8  nrfx_prs.o(log_const_data)
    m_nrf_log_UART_logs_data_const           0x0002bf8c   Data           8  nrfx_uart.o(log_const_data)
    m_nrf_log_UARTE_logs_data_const          0x0002bf94   Data           8  nrfx_uarte.o(log_const_data)
    m_nrf_log_app_button_logs_data_const     0x0002bf9c   Data           8  app_button.o(log_const_data)
    m_nrf_log_app_timer_logs_data_const      0x0002bfa4   Data           8  app_timer2.o(log_const_data)
    m_nrf_log_pwr_mgmt_logs_data_const       0x0002bfac   Data           8  nrf_pwr_mgmt.o(log_const_data)
    m_nrf_log_sortlist_logs_data_const       0x0002bfb4   Data           8  nrf_sortlist.o(log_const_data)
    m_nrf_log_app_logs_data_const            0x0002bfbc   Data           8  nrf_log_frontend.o(log_const_data)
    m_nrf_log_nrf_sdh_logs_data_const        0x0002bfc4   Data           8  nrf_sdh.o(log_const_data)
    m_nrf_log_nrf_sdh_ble_logs_data_const    0x0002bfcc   Data           8  nrf_sdh_ble.o(log_const_data)
    m_nrf_log_nrf_sdh_soc_logs_data_const    0x0002bfd4   Data           8  nrf_sdh_soc.o(log_const_data)
    log_const_data$$Limit                    0x0002bfdc   Number         0  nrf_sdh_soc.o(log_const_data)
    log_mempool                              0x0002bfdc   Data          20  nrf_log_frontend.o(nrf_balloc)
    sdh_soc_observers0$$Base                 0x0002bff0   Number         0  nrf_drv_clock.o(sdh_soc_observers0)
    sdh_soc_observers0$$Limit                0x0002bff8   Number         0  nrf_drv_clock.o(sdh_soc_observers0)
    sdh_stack_observers0$$Base               0x0002bff8   Number         0  nrf_sdh_ble.o(sdh_stack_observers0)
    sdh_stack_observers0$$Limit              0x0002c008   Number         0  nrf_sdh_soc.o(sdh_stack_observers0)
    sdh_state_observers0$$Base               0x0002c008   Number         0  nrf_drv_clock.o(sdh_state_observers0)
    sdh_state_observers0$$Limit              0x0002c010   Number         0  nrf_drv_clock.o(sdh_state_observers0)
    Image$$RW_IRAM1$$Base                    0x200018d8   Number         0  anon$$obj.o ABSOLUTE
    nrf_drv_uart_use_easy_dma                0x200018fc   Data           2  nrf_drv_uart.o(.data)
    m_uart                                   0x20001974   Data          20  nrf_log_backend_uart.o(.data)
    SystemCoreClock                          0x200019e8   Data           4  system_nrf52840.o(.data)
    nrf_nvic_state                           0x20001c10   Data          12  app_util_platform.o(.bss)
    __initial_sp                             0x200041e0   Data           0  arm_startup_nrf52840.o(STACK)



==============================================================================

Memory Map of the image

  Image Entry point : 0x00027201

  Load Region LR_IROM1 (Base: 0x00027000, Size: 0x00005124, Max: 0x000d9000, ABSOLUTE)

    Execution Region ER_IROM1 (Exec base: 0x00027000, Load base: 0x00027000, Size: 0x00005010, Max: 0x000d9000, ABSOLUTE)

    Exec Addr    Load Addr    Size         Type   Attr      Idx    E Section Name        Object

    0x00027000   0x00027000   0x00000200   Data   RO         4333    RESET               arm_startup_nrf52840.o
    0x00027200   0x00027200   0x00000000   Code   RO         4389  * .ARM.Collect$$$$00000000  mc_w.l(entry.o)
    0x00027200   0x00027200   0x00000004   Code   RO         4443    .ARM.Collect$$$$00000001  mc_w.l(entry2.o)
    0x00027204   0x00027204   0x00000004   Code   RO         4446    .ARM.Collect$$$$00000004  mc_w.l(entry5.o)
    0x00027208   0x00027208   0x00000000   Code   RO         4448    .ARM.Collect$$$$00000008  mc_w.l(entry7b.o)
    0x00027208   0x00027208   0x00000000   Code   RO         4450    .ARM.Collect$$$$0000000A  mc_w.l(entry8b.o)
    0x00027208   0x00027208   0x00000008   Code   RO         4451    .ARM.Collect$$$$0000000B  mc_w.l(entry9a.o)
    0x00027210   0x00027210   0x00000000   Code   RO         4453    .ARM.Collect$$$$0000000D  mc_w.l(entry10a.o)
    0x00027210   0x00027210   0x00000000   Code   RO         4455    .ARM.Collect$$$$0000000F  mc_w.l(entry11a.o)
    0x00027210   0x00027210   0x00000004   Code   RO         4444    .ARM.Collect$$$$00002712  mc_w.l(entry2.o)
    0x00027214   0x00027214   0x000000c8   Code   RO         2690    .emb_text           nrf_atfifo.o
    0x000272dc   0x000272dc   0x000000e2   Code   RO         2760    .emb_text           nrf_atomic.o
    0x000273be   0x000273be   0x00000002   PAD
    0x000273c0   0x000273c0   0x00000024   Code   RO         4334    .text               arm_startup_nrf52840.o
    0x000273e4   0x000273e4   0x00000062   Code   RO         4397    .text               mc_w.l(uldiv.o)
    0x00027446   0x00027446   0x0000001e   Code   RO         4399    .text               mc_w.l(llshl.o)
    0x00027464   0x00027464   0x00000008   Code   RO         4401    .text               mc_w.l(ctype_o.o)
    0x0002746c   0x0002746c   0x00000024   Code   RO         4429    .text               mc_w.l(memcpya.o)
    0x00027490   0x00027490   0x00000024   Code   RO         4431    .text               mc_w.l(memseta.o)
    0x000274b4   0x000274b4   0x0000000e   Code   RO         4433    .text               mc_w.l(strlen.o)
    0x000274c2   0x000274c2   0x00000020   Code   RO         4458    .text               mc_w.l(llushr.o)
    0x000274e2   0x000274e2   0x00000002   PAD
    0x000274e4   0x000274e4   0x00000024   Code   RO         4461    .text               mc_w.l(init.o)
    0x00027508   0x00027508   0x000000a4   Code   RO         1259    i.GPIOTE_IRQHandler  nrfx_gpiote.o
    0x000275ac   0x000275ac   0x00000058   Code   RO         1120    i.POWER_CLOCK_IRQHandler  nrfx_clock.o
    0x00027604   0x00027604   0x00000010   Code   RO         2476    i.RTC1_IRQHandler   drv_rtc.o
    0x00027614   0x00027614   0x00000004   Code   RO         4124    i.SWI2_EGU2_IRQHandler  nrf_sdh.o
    0x00027618   0x00027618   0x000001d4   Code   RO         4342    i.SystemInit        system_nrf52840.o
    0x000277ec   0x000277ec   0x0000000c   Code   RO         1584    i.UARTE0_UART0_IRQHandler  nrfx_prs.o
    0x000277f8   0x000277f8   0x0000000e   Code   RO         4465    i.__scatterload_copy  mc_w.l(handlers.o)
    0x00027806   0x00027806   0x00000002   Code   RO         4466    i.__scatterload_null  mc_w.l(handlers.o)
    0x00027808   0x00027808   0x0000000e   Code   RO         4467    i.__scatterload_zeroinit  mc_w.l(handlers.o)
    0x00027816   0x00027816   0x00000002   PAD
    0x00027818   0x00027818   0x00000024   Code   RO         4125    i.__sd_nvic_app_accessible_irq  nrf_sdh.o
    0x0002783c   0x0002783c   0x000000a8   Code   RO            4    i.advertising_init  main.o
    0x000278e4   0x000278e4   0x00000006   Code   RO          411    i.alert_timer_handler  bsp.o
    0x000278ea   0x000278ea   0x00000002   PAD
    0x000278ec   0x000278ec   0x00000024   Code   RO         2007    i.app_button_enable  app_button.o
    0x00027910   0x00027910   0x00000080   Code   RO         2008    i.app_button_init   app_button.o
    0x00027990   0x00027990   0x00000084   Code   RO         2169    i.app_error_fault_handler  app_error_weak.o
    0x00027a14   0x00027a14   0x00000016   Code   RO         2109    i.app_error_handler_bare  app_error.o
    0x00027a2a   0x00027a2a   0x00000002   PAD
    0x00027a2c   0x00027a2c   0x0000000c   Code   RO         2267    i.app_timer_cnt_get  app_timer2.o
    0x00027a38   0x00027a38   0x00000016   Code   RO         2268    i.app_timer_create  app_timer2.o
    0x00027a4e   0x00027a4e   0x00000002   PAD
    0x00027a50   0x00027a50   0x0000005c   Code   RO         2269    i.app_timer_init    app_timer2.o
    0x00027aac   0x00027aac   0x00000030   Code   RO         2272    i.app_timer_start   app_timer2.o
    0x00027adc   0x00027adc   0x0000000c   Code   RO         2273    i.app_timer_stop    app_timer2.o
    0x00027ae8   0x00027ae8   0x00000048   Code   RO         2408    i.app_util_critical_region_enter  app_util_platform.o
    0x00027b30   0x00027b30   0x00000034   Code   RO         2409    i.app_util_critical_region_exit  app_util_platform.o
    0x00027b64   0x00027b64   0x00000076   Code   RO         1638    i.apply_config      nrfx_uart.o
    0x00027bda   0x00027bda   0x00000076   Code   RO         1836    i.apply_config      nrfx_uarte.o
    0x00027c50   0x00027c50   0x00000182   Code   RO          586    i.ble_advdata_encode  ble_advdata.o
    0x00027dd2   0x00027dd2   0x00000060   Code   RO          592    i.ble_device_addr_encode  ble_advdata.o
    0x00027e32   0x00027e32   0x00000002   PAD
    0x00027e34   0x00027e34   0x00000054   Code   RO          305    i.bsp_board_init    boards.o
    0x00027e88   0x00027e88   0x0000002c   Code   RO          307    i.bsp_board_led_invert  boards.o
    0x00027eb4   0x00027eb4   0x00000010   Code   RO          308    i.bsp_board_led_off  boards.o
    0x00027ec4   0x00027ec4   0x00000010   Code   RO          309    i.bsp_board_led_on  boards.o
    0x00027ed4   0x00027ed4   0x00000028   Code   RO          310    i.bsp_board_led_state_get  boards.o
    0x00027efc   0x00027efc   0x00000012   Code   RO          311    i.bsp_board_leds_off  boards.o
    0x00027f0e   0x00027f0e   0x00000012   Code   RO          312    i.bsp_board_leds_on  boards.o
    0x00027f20   0x00027f20   0x00000024   Code   RO          313    i.bsp_board_pin_to_button_idx  boards.o
    0x00027f44   0x00027f44   0x00000090   Code   RO          412    i.bsp_button_event_handler  bsp.o
    0x00027fd4   0x00027fd4   0x00000044   Code   RO          416    i.bsp_event_to_button_action_assign  bsp.o
    0x00028018   0x00028018   0x00000018   Code   RO          417    i.bsp_indication_set  bsp.o
    0x00028030   0x00028030   0x00000094   Code   RO          418    i.bsp_init          bsp.o
    0x000280c4   0x000280c4   0x000001c8   Code   RO          419    i.bsp_led_indication  bsp.o
    0x0002828c   0x0002828c   0x00000094   Code   RO         3523    i.buf_prealloc      nrf_log_frontend.o
    0x00028320   0x00028320   0x0000002e   Code   RO         2975    i.buffer_add        nrf_fprintf_format.o
    0x0002834e   0x0002834e   0x00000002   PAD
    0x00028350   0x00028350   0x00000018   Code   RO         3524    i.buffer_is_empty   nrf_log_frontend.o
    0x00028368   0x00028368   0x00000028   Code   RO         2010    i.button_get        app_button.o
    0x00028390   0x00028390   0x00000008   Code   RO          422    i.button_timer_handler  bsp.o
    0x00028398   0x00028398   0x0000001c   Code   RO         1260    i.channel_free      nrfx_gpiote.o
    0x000283b4   0x000283b4   0x00000048   Code   RO         1261    i.channel_port_alloc  nrfx_gpiote.o
    0x000283fc   0x000283fc   0x00000010   Code   RO         1262    i.channel_port_get  nrfx_gpiote.o
    0x0002840c   0x0002840c   0x00000028   Code   RO          769    i.clock_clk_started_notify  nrf_drv_clock.o
    0x00028434   0x00028434   0x0000001c   Code   RO          770    i.clock_irq_handler  nrf_drv_clock.o
    0x00028450   0x00028450   0x00000018   Code   RO         2275    i.compare_func      app_timer2.o
    0x00028468   0x00028468   0x00000088   Code   RO          593    i.conn_int_encode   ble_advdata.o
    0x000284f0   0x000284f0   0x00000048   Code   RO         2011    i.detection_delay_timeout_handler  app_button.o
    0x00028538   0x00028538   0x00000014   Code   RO         3525    i.dropped_sat16_get  nrf_log_frontend.o
    0x0002854c   0x0002854c   0x00000014   Code   RO         2477    i.drv_rtc_compare_disable  drv_rtc.o
    0x00028560   0x00028560   0x0000000e   Code   RO         2480    i.drv_rtc_compare_pending  drv_rtc.o
    0x0002856e   0x0002856e   0x00000050   Code   RO         2481    i.drv_rtc_compare_set  drv_rtc.o
    0x000285be   0x000285be   0x00000008   Code   RO         2482    i.drv_rtc_counter_get  drv_rtc.o
    0x000285c6   0x000285c6   0x00000002   PAD
    0x000285c8   0x000285c8   0x000000d8   Code   RO         2483    i.drv_rtc_init      drv_rtc.o
    0x000286a0   0x000286a0   0x0000001e   Code   RO         2484    i.drv_rtc_irq_trigger  drv_rtc.o
    0x000286be   0x000286be   0x00000008   Code   RO         2486    i.drv_rtc_overflow_enable  drv_rtc.o
    0x000286c6   0x000286c6   0x00000008   Code   RO         2487    i.drv_rtc_overflow_pending  drv_rtc.o
    0x000286ce   0x000286ce   0x00000008   Code   RO         2488    i.drv_rtc_start     drv_rtc.o
    0x000286d6   0x000286d6   0x00000008   Code   RO         2489    i.drv_rtc_stop      drv_rtc.o
    0x000286de   0x000286de   0x000000de   Code   RO         2494    i.drv_rtc_windowed_compare_set  drv_rtc.o
    0x000287bc   0x000287bc   0x00000012   Code   RO         2495    i.evt_enable        drv_rtc.o
    0x000287ce   0x000287ce   0x00000002   PAD
    0x000287d0   0x000287d0   0x000000e0   Code   RO         2012    i.evt_handle        app_button.o
    0x000288b0   0x000288b0   0x00000014   Code   RO         2496    i.evt_pending       drv_rtc.o
    0x000288c4   0x000288c4   0x00000034   Code   RO         2276    i.get_now           app_timer2.o
    0x000288f8   0x000288f8   0x0000003c   Code   RO         2013    i.gpiote_event_handler  app_button.o
    0x00028934   0x00028934   0x000000a6   Code   RO         2976    i.int_print         nrf_fprintf_format.o
    0x000289da   0x000289da   0x00000002   PAD
    0x000289dc   0x000289dc   0x00000088   Code   RO         1837    i.interrupts_enable  nrfx_uarte.o
    0x00028a64   0x00028a64   0x00000034   Code   RO         3526    i.invalid_packets_omit  nrf_log_frontend.o
    0x00028a98   0x00028a98   0x00000030   Code   RO          423    i.leds_off          bsp.o
    0x00028ac8   0x00028ac8   0x00000014   Code   RO          424    i.leds_timer_handler  bsp.o
    0x00028adc   0x00028adc   0x000000a4   Code   RO         3527    i.log_skip          nrf_log_frontend.o
    0x00028b80   0x00028b80   0x000000c4   Code   RO            6    i.main              main.o
    0x00028c44   0x00028c44   0x00000064   Code   RO          594    i.manuf_specific_data_encode  ble_advdata.o
    0x00028ca8   0x00028ca8   0x0000007e   Code   RO         3015    i.memobj_op         nrf_memobj.o
    0x00028d26   0x00028d26   0x00000002   PAD
    0x00028d28   0x00028d28   0x00000030   Code   RO         3528    i.module_idx_get    nrf_log_frontend.o
    0x00028d58   0x00028d58   0x000000a6   Code   RO          595    i.name_encode       ble_advdata.o
    0x00028dfe   0x00028dfe   0x00000026   Code   RO         2694    i.nrf_atfifo_init   nrf_atfifo.o
    0x00028e24   0x00028e24   0x00000016   Code   RO         2695    i.nrf_atfifo_item_alloc  nrf_atfifo.o
    0x00028e3a   0x00028e3a   0x00000016   Code   RO         2696    i.nrf_atfifo_item_free  nrf_atfifo.o
    0x00028e50   0x00028e50   0x00000016   Code   RO         2697    i.nrf_atfifo_item_get  nrf_atfifo.o
    0x00028e66   0x00028e66   0x00000016   Code   RO         2698    i.nrf_atfifo_item_put  nrf_atfifo.o
    0x00028e7c   0x00028e7c   0x00000006   Code   RO         2762    i.nrf_atomic_flag_clear_fetch  nrf_atomic.o
    0x00028e82   0x00028e82   0x00000006   Code   RO         2763    i.nrf_atomic_flag_set  nrf_atomic.o
    0x00028e88   0x00028e88   0x0000000c   Code   RO         2765    i.nrf_atomic_u32_add  nrf_atomic.o
    0x00028e94   0x00028e94   0x0000000a   Code   RO         2769    i.nrf_atomic_u32_fetch_and  nrf_atomic.o
    0x00028e9e   0x00028e9e   0x0000000a   Code   RO         2771    i.nrf_atomic_u32_fetch_store  nrf_atomic.o
    0x00028ea8   0x00028ea8   0x0000000c   Code   RO         2775    i.nrf_atomic_u32_or  nrf_atomic.o
    0x00028eb4   0x00028eb4   0x0000000c   Code   RO         2777    i.nrf_atomic_u32_sub  nrf_atomic.o
    0x00028ec0   0x00028ec0   0x00000044   Code   RO         2899    i.nrf_balloc_alloc  nrf_balloc.o
    0x00028f04   0x00028f04   0x00000030   Code   RO         2900    i.nrf_balloc_free   nrf_balloc.o
    0x00028f34   0x00028f34   0x00000030   Code   RO         2901    i.nrf_balloc_init   nrf_balloc.o
    0x00028f64   0x00028f64   0x00000010   Code   RO         1263    i.nrf_bitmask_bit_is_set  nrfx_gpiote.o
    0x00028f74   0x00028f74   0x0000000e   Code   RO         1121    i.nrf_clock_event_check  nrfx_clock.o
    0x00028f82   0x00028f82   0x00000010   Code   RO         1122    i.nrf_clock_event_clear  nrfx_clock.o
    0x00028f92   0x00028f92   0x00000002   PAD
    0x00028f94   0x00028f94   0x00000040   Code   RO          777    i.nrf_drv_clock_init  nrf_drv_clock.o
    0x00028fd4   0x00028fd4   0x00000034   Code   RO          781    i.nrf_drv_clock_lfclk_release  nrf_drv_clock.o
    0x00029008   0x00029008   0x00000068   Code   RO          929    i.nrf_drv_uart_init  nrf_drv_uart.o
    0x00029070   0x00029070   0x0000001a   Code   RO         2936    i.nrf_fprintf       nrf_fprintf.o
    0x0002908a   0x0002908a   0x00000018   Code   RO         2937    i.nrf_fprintf_buffer_flush  nrf_fprintf.o
    0x000290a2   0x000290a2   0x000001da   Code   RO         2977    i.nrf_fprintf_fmt   nrf_fprintf_format.o
    0x0002927c   0x0002927c   0x00000032   Code   RO          315    i.nrf_gpio_cfg      boards.o
    0x000292ae   0x000292ae   0x00000032   Code   RO         1264    i.nrf_gpio_cfg      nrfx_gpiote.o
    0x000292e0   0x000292e0   0x00000032   Code   RO         1639    i.nrf_gpio_cfg      nrfx_uart.o
    0x00029312   0x00029312   0x00000032   Code   RO         1838    i.nrf_gpio_cfg      nrfx_uarte.o
    0x00029344   0x00029344   0x00000012   Code   RO         1640    i.nrf_gpio_cfg_default  nrfx_uart.o
    0x00029356   0x00029356   0x00000012   Code   RO         1839    i.nrf_gpio_cfg_default  nrfx_uarte.o
    0x00029368   0x00029368   0x00000012   Code   RO         1641    i.nrf_gpio_cfg_input  nrfx_uart.o
    0x0002937a   0x0002937a   0x00000012   Code   RO         1840    i.nrf_gpio_cfg_input  nrfx_uarte.o
    0x0002938c   0x0002938c   0x00000014   Code   RO         1642    i.nrf_gpio_cfg_output  nrfx_uart.o
    0x000293a0   0x000293a0   0x00000014   Code   RO         1841    i.nrf_gpio_cfg_output  nrfx_uarte.o
    0x000293b4   0x000293b4   0x00000030   Code   RO         1266    i.nrf_gpio_cfg_sense_set  nrfx_gpiote.o
    0x000293e4   0x000293e4   0x00000030   Code   RO         1267    i.nrf_gpio_latches_read_and_clear  nrfx_gpiote.o
    0x00029414   0x00029414   0x0000001c   Code   RO          316    i.nrf_gpio_pin_port_decode  boards.o
    0x00029430   0x00029430   0x0000001c   Code   RO         1269    i.nrf_gpio_pin_port_decode  nrfx_gpiote.o
    0x0002944c   0x0002944c   0x0000001c   Code   RO         1643    i.nrf_gpio_pin_port_decode  nrfx_uart.o
    0x00029468   0x00029468   0x0000001c   Code   RO         1842    i.nrf_gpio_pin_port_decode  nrfx_uarte.o
    0x00029484   0x00029484   0x0000002c   Code   RO         1270    i.nrf_gpio_pin_present_check  nrfx_gpiote.o
    0x000294b0   0x000294b0   0x00000016   Code   RO         1271    i.nrf_gpio_pin_read  nrfx_gpiote.o
    0x000294c6   0x000294c6   0x00000014   Code   RO         1644    i.nrf_gpio_pin_set  nrfx_uart.o
    0x000294da   0x000294da   0x00000014   Code   RO         1843    i.nrf_gpio_pin_set  nrfx_uarte.o
    0x000294ee   0x000294ee   0x00000026   Code   RO          317    i.nrf_gpio_pin_write  boards.o
    0x00029514   0x00029514   0x00000014   Code   RO         1273    i.nrf_gpiote_event_clear  nrfx_gpiote.o
    0x00029528   0x00029528   0x00000010   Code   RO         1274    i.nrf_gpiote_event_is_set  nrfx_gpiote.o
    0x00029538   0x00029538   0x0000005c   Code   RO         3529    i.nrf_log_backend_add  nrf_log_frontend.o
    0x00029594   0x00029594   0x000000c8   Code   RO         3374    i.nrf_log_backend_serial_put  nrf_log_backend_serial.o
    0x0002965c   0x0002965c   0x00000002   Code   RO         3414    i.nrf_log_backend_uart_flush  nrf_log_backend_uart.o
    0x0002965e   0x0002965e   0x00000006   Code   RO         3415    i.nrf_log_backend_uart_init  nrf_log_backend_uart.o
    0x00029664   0x00029664   0x0000002c   Code   RO         3416    i.nrf_log_backend_uart_panic_set  nrf_log_backend_uart.o
    0x00029690   0x00029690   0x00000018   Code   RO         3417    i.nrf_log_backend_uart_put  nrf_log_backend_uart.o
    0x000296a8   0x000296a8   0x00000030   Code   RO         3531    i.nrf_log_color_id_get  nrf_log_frontend.o
    0x000296d8   0x000296d8   0x0000001c   Code   RO         3487    i.nrf_log_default_backends_init  nrf_log_default_backends.o
    0x000296f4   0x000296f4   0x00000238   Code   RO         3532    i.nrf_log_frontend_dequeue  nrf_log_frontend.o
    0x0002992c   0x0002992c   0x00000008   Code   RO         3534    i.nrf_log_frontend_std_0  nrf_log_frontend.o
    0x00029934   0x00029934   0x0000000e   Code   RO         3535    i.nrf_log_frontend_std_1  nrf_log_frontend.o
    0x00029942   0x00029942   0x00000010   Code   RO         3536    i.nrf_log_frontend_std_2  nrf_log_frontend.o
    0x00029952   0x00029952   0x00000002   PAD
    0x00029954   0x00029954   0x000000b0   Code   RO         3710    i.nrf_log_hexdump_entry_process  nrf_log_str_formatter.o
    0x00029a04   0x00029a04   0x00000028   Code   RO         3541    i.nrf_log_init      nrf_log_frontend.o
    0x00029a2c   0x00029a2c   0x00000014   Code   RO         3542    i.nrf_log_module_cnt_get  nrf_log_frontend.o
    0x00029a40   0x00029a40   0x0000001c   Code   RO         3545    i.nrf_log_module_name_get  nrf_log_frontend.o
    0x00029a5c   0x00029a5c   0x00000028   Code   RO         3546    i.nrf_log_panic     nrf_log_frontend.o
    0x00029a84   0x00029a84   0x000000b6   Code   RO         3711    i.nrf_log_std_entry_process  nrf_log_str_formatter.o
    0x00029b3a   0x00029b3a   0x00000060   Code   RO         3016    i.nrf_memobj_alloc  nrf_memobj.o
    0x00029b9a   0x00029b9a   0x00000032   Code   RO         3017    i.nrf_memobj_free   nrf_memobj.o
    0x00029bcc   0x00029bcc   0x00000008   Code   RO         3018    i.nrf_memobj_get    nrf_memobj.o
    0x00029bd4   0x00029bd4   0x00000004   Code   RO         3019    i.nrf_memobj_pool_init  nrf_memobj.o
    0x00029bd8   0x00029bd8   0x0000001e   Code   RO         3020    i.nrf_memobj_put    nrf_memobj.o
    0x00029bf6   0x00029bf6   0x00000010   Code   RO         3021    i.nrf_memobj_read   nrf_memobj.o
    0x00029c06   0x00029c06   0x00000010   Code   RO         3022    i.nrf_memobj_write  nrf_memobj.o
    0x00029c16   0x00029c16   0x00000002   PAD
    0x00029c18   0x00029c18   0x00000028   Code   RO         3094    i.nrf_pwr_mgmt_init  nrf_pwr_mgmt.o
    0x00029c40   0x00029c40   0x00000044   Code   RO         3095    i.nrf_pwr_mgmt_run  nrf_pwr_mgmt.o
    0x00029c84   0x00029c84   0x0000001c   Code   RO         3174    i.nrf_ringbuf_init  nrf_ringbuf.o
    0x00029ca0   0x00029ca0   0x0000000c   Code   RO         2497    i.nrf_rtc_event_clear  drv_rtc.o
    0x00029cac   0x00029cac   0x00000014   Code   RO         4245    i.nrf_sdh_ble_app_ram_start_get  nrf_sdh_ble.o
    0x00029cc0   0x00029cc0   0x000000fc   Code   RO         4246    i.nrf_sdh_ble_default_cfg_set  nrf_sdh_ble.o
    0x00029dbc   0x00029dbc   0x00000130   Code   RO         4247    i.nrf_sdh_ble_enable  nrf_sdh_ble.o
    0x00029eec   0x00029eec   0x0000005c   Code   RO         4248    i.nrf_sdh_ble_evts_poll  nrf_sdh_ble.o
    0x00029f48   0x00029f48   0x00000074   Code   RO         4127    i.nrf_sdh_enable_request  nrf_sdh.o
    0x00029fbc   0x00029fbc   0x00000024   Code   RO         4128    i.nrf_sdh_evts_poll  nrf_sdh.o
    0x00029fe0   0x00029fe0   0x0000000c   Code   RO         4129    i.nrf_sdh_is_enabled  nrf_sdh.o
    0x00029fec   0x00029fec   0x0000003c   Code   RO         4299    i.nrf_sdh_soc_evts_poll  nrf_sdh_soc.o
    0x0002a028   0x0002a028   0x0000000a   Code   RO         3232    i.nrf_section_iter_init  nrf_section_iter.o
    0x0002a032   0x0002a032   0x00000024   Code   RO         3233    i.nrf_section_iter_item_set  nrf_section_iter.o
    0x0002a056   0x0002a056   0x00000020   Code   RO         3234    i.nrf_section_iter_next  nrf_section_iter.o
    0x0002a076   0x0002a076   0x00000022   Code   RO         3267    i.nrf_sortlist_add  nrf_sortlist.o
    0x0002a098   0x0002a098   0x00000006   Code   RO         3269    i.nrf_sortlist_peek  nrf_sortlist.o
    0x0002a09e   0x0002a09e   0x0000000e   Code   RO         3270    i.nrf_sortlist_pop  nrf_sortlist.o
    0x0002a0ac   0x0002a0ac   0x0000001e   Code   RO         3271    i.nrf_sortlist_remove  nrf_sortlist.o
    0x0002a0ca   0x0002a0ca   0x00000002   PAD
    0x0002a0cc   0x0002a0cc   0x00000038   Code   RO         3323    i.nrf_strerror_find  nrf_strerror.o
    0x0002a104   0x0002a104   0x00000014   Code   RO         3324    i.nrf_strerror_get  nrf_strerror.o
    0x0002a118   0x0002a118   0x0000000a   Code   RO         1645    i.nrf_uart_event_check  nrfx_uart.o
    0x0002a122   0x0002a122   0x0000000c   Code   RO         1646    i.nrf_uart_event_clear  nrfx_uart.o
    0x0002a12e   0x0002a12e   0x0000000c   Code   RO         1647    i.nrf_uart_int_enable_check  nrfx_uart.o
    0x0002a13a   0x0002a13a   0x0000000a   Code   RO         1844    i.nrf_uarte_event_check  nrfx_uarte.o
    0x0002a144   0x0002a144   0x0000000c   Code   RO         1845    i.nrf_uarte_event_clear  nrfx_uarte.o
    0x0002a150   0x0002a150   0x00000010   Code   RO          784    i.nrf_wdt_started   nrf_drv_clock.o
    0x0002a160   0x0002a160   0x0000002c   Code   RO         1127    i.nrfx_clock_enable  nrfx_clock.o
    0x0002a18c   0x0002a18c   0x00000020   Code   RO         1130    i.nrfx_clock_init   nrfx_clock.o
    0x0002a1ac   0x0002a1ac   0x00000030   Code   RO         1133    i.nrfx_clock_lfclk_stop  nrfx_clock.o
    0x0002a1dc   0x0002a1dc   0x00000010   Code   RO         2498    i.nrfx_coredep_delay_us  drv_rtc.o
    0x0002a1ec   0x0002a1ec   0x00000098   Code   RO         1280    i.nrfx_gpiote_in_event_enable  nrfx_gpiote.o
    0x0002a284   0x0002a284   0x000000d0   Code   RO         1282    i.nrfx_gpiote_in_init  nrfx_gpiote.o
    0x0002a354   0x0002a354   0x0000000e   Code   RO         1283    i.nrfx_gpiote_in_is_set  nrfx_gpiote.o
    0x0002a362   0x0002a362   0x00000002   PAD
    0x0002a364   0x0002a364   0x00000078   Code   RO         1285    i.nrfx_gpiote_init  nrfx_gpiote.o
    0x0002a3dc   0x0002a3dc   0x00000014   Code   RO         1286    i.nrfx_gpiote_is_init  nrfx_gpiote.o
    0x0002a3f0   0x0002a3f0   0x00000010   Code   RO         1846    i.nrfx_is_in_ram    nrfx_uarte.o
    0x0002a400   0x0002a400   0x0000003a   Code   RO         1585    i.nrfx_prs_acquire  nrfx_prs.o
    0x0002a43a   0x0002a43a   0x00000012   Code   RO         1586    i.nrfx_prs_release  nrfx_prs.o
    0x0002a44c   0x0002a44c   0x00000010   Code   RO         1648    i.nrfx_uart_0_irq_handler  nrfx_uart.o
    0x0002a45c   0x0002a45c   0x000000d4   Code   RO         1650    i.nrfx_uart_init    nrfx_uart.o
    0x0002a530   0x0002a530   0x000000a8   Code   RO         1656    i.nrfx_uart_tx      nrfx_uart.o
    0x0002a5d8   0x0002a5d8   0x00000020   Code   RO         1658    i.nrfx_uart_tx_in_progress  nrfx_uart.o
    0x0002a5f8   0x0002a5f8   0x000000c0   Code   RO         1659    i.nrfx_uart_uninit  nrfx_uart.o
    0x0002a6b8   0x0002a6b8   0x00000010   Code   RO         1847    i.nrfx_uarte_0_irq_handler  nrfx_uarte.o
    0x0002a6c8   0x0002a6c8   0x0000006c   Code   RO         1849    i.nrfx_uarte_init   nrfx_uarte.o
    0x0002a734   0x0002a734   0x000000ac   Code   RO         1853    i.nrfx_uarte_tx     nrfx_uarte.o
    0x0002a7e0   0x0002a7e0   0x0000001c   Code   RO         1855    i.nrfx_uarte_tx_in_progress  nrfx_uarte.o
    0x0002a7fc   0x0002a7fc   0x00000108   Code   RO         1856    i.nrfx_uarte_uninit  nrfx_uarte.o
    0x0002a904   0x0002a904   0x0000001c   Code   RO         1304    i.pin_configured_set  nrfx_gpiote.o
    0x0002a920   0x0002a920   0x00000018   Code   RO         1305    i.pin_in_use_by_port  nrfx_gpiote.o
    0x0002a938   0x0002a938   0x00000018   Code   RO         1306    i.pin_in_use_by_te  nrfx_gpiote.o
    0x0002a950   0x0002a950   0x000000d0   Code   RO         1307    i.port_event_handle  nrfx_gpiote.o
    0x0002aa20   0x0002aa20   0x00000010   Code   RO         1308    i.port_handler_polarity_get  nrfx_gpiote.o
    0x0002aa30   0x0002aa30   0x0000003c   Code   RO         3713    i.postfix_process   nrf_log_str_formatter.o
    0x0002aa6c   0x0002aa6c   0x00000098   Code   RO         3714    i.prefix_process    nrf_log_str_formatter.o
    0x0002ab04   0x0002ab04   0x00000018   Code   RO         1587    i.prs_box_get       nrfx_prs.o
    0x0002ab1c   0x0002ab1c   0x0000005c   Code   RO         2277    i.rtc_irq           app_timer2.o
    0x0002ab78   0x0002ab78   0x00000064   Code   RO         2278    i.rtc_schedule      app_timer2.o
    0x0002abdc   0x0002abdc   0x00000074   Code   RO         2279    i.rtc_update        app_timer2.o
    0x0002ac50   0x0002ac50   0x00000032   Code   RO         1660    i.rx_byte           nrfx_uart.o
    0x0002ac82   0x0002ac82   0x00000016   Code   RO         1661    i.rx_done_event     nrfx_uart.o
    0x0002ac98   0x0002ac98   0x00000016   Code   RO         1857    i.rx_done_event     nrfx_uarte.o
    0x0002acae   0x0002acae   0x00000002   PAD
    0x0002acb0   0x0002acb0   0x00000058   Code   RO          785    i.sd_state_evt_handler  nrf_drv_clock.o
    0x0002ad08   0x0002ad08   0x00000030   Code   RO         4134    i.sdh_request_observer_notify  nrf_sdh.o
    0x0002ad38   0x0002ad38   0x0000002c   Code   RO         4135    i.sdh_state_observer_notify  nrf_sdh.o
    0x0002ad64   0x0002ad64   0x00000040   Code   RO         3418    i.serial_tx         nrf_log_backend_uart.o
    0x0002ada4   0x0002ada4   0x00000088   Code   RO          596    i.service_data_encode  ble_advdata.o
    0x0002ae2c   0x0002ae2c   0x00000018   Code   RO          786    i.soc_evt_handler   nrf_drv_clock.o
    0x0002ae44   0x0002ae44   0x00000058   Code   RO         4137    i.softdevices_evt_irq_enable  nrf_sdh.o
    0x0002ae9c   0x0002ae9c   0x0000000c   Code   RO         2280    i.sortlist_pop      app_timer2.o
    0x0002aea8   0x0002aea8   0x00000030   Code   RO         2014    i.state_set         app_button.o
    0x0002aed8   0x0002aed8   0x00000094   Code   RO         3548    i.std_n             nrf_log_frontend.o
    0x0002af6c   0x0002af6c   0x00000058   Code   RO         2281    i.timer_expire      app_timer2.o
    0x0002afc4   0x0002afc4   0x00000078   Code   RO         2282    i.timer_req_process  app_timer2.o
    0x0002b03c   0x0002b03c   0x00000038   Code   RO         2283    i.timer_req_schedule  app_timer2.o
    0x0002b074   0x0002b074   0x00000018   Code   RO         2015    i.timer_start       app_button.o
    0x0002b08c   0x0002b08c   0x00000020   Code   RO         1663    i.tx_byte           nrfx_uart.o
    0x0002b0ac   0x0002b0ac   0x0000001a   Code   RO         1664    i.tx_done_event     nrfx_uart.o
    0x0002b0c6   0x0002b0c6   0x0000001a   Code   RO         1858    i.tx_done_event     nrfx_uarte.o
    0x0002b0e0   0x0002b0e0   0x00000030   Code   RO          930    i.uart_evt_handler  nrf_drv_uart.o
    0x0002b110   0x0002b110   0x0000000c   Code   RO         3419    i.uart_evt_handler  nrf_log_backend_uart.o
    0x0002b11c   0x0002b11c   0x00000050   Code   RO         3420    i.uart_init         nrf_log_backend_uart.o
    0x0002b16c   0x0002b16c   0x0000012a   Code   RO         1665    i.uart_irq_handler  nrfx_uart.o
    0x0002b296   0x0002b296   0x00000002   PAD
    0x0002b298   0x0002b298   0x00000030   Code   RO          931    i.uarte_evt_handler  nrf_drv_uart.o
    0x0002b2c8   0x0002b2c8   0x00000112   Code   RO         1859    i.uarte_irq_handler  nrfx_uarte.o
    0x0002b3da   0x0002b3da   0x0000000a   Code   RO          597    i.uint16_encode     ble_advdata.o
    0x0002b3e4   0x0002b3e4   0x000000b4   Code   RO         2978    i.unsigned_print    nrf_fprintf_format.o
    0x0002b498   0x0002b498   0x00000020   Code   RO         2016    i.usr_event         app_button.o
    0x0002b4b8   0x0002b4b8   0x00000030   Code   RO          598    i.uuid_list_encode  ble_advdata.o
    0x0002b4e8   0x0002b4e8   0x0000009e   Code   RO          599    i.uuid_list_sized_encode  ble_advdata.o
    0x0002b586   0x0002b586   0x00000008   Data   RO          318    .constdata          boards.o
    0x0002b58e   0x0002b58e   0x00000002   PAD
    0x0002b590   0x0002b590   0x0000002c   Data   RO          430    .constdata          bsp.o
    0x0002b5bc   0x0002b5bc   0x00000008   Data   RO         1310    .constdata          nrfx_gpiote.o
    0x0002b5c4   0x0002b5c4   0x00000004   Data   RO         1668    .constdata          nrfx_uart.o
    0x0002b5c8   0x0002b5c8   0x00000004   Data   RO         1862    .constdata          nrfx_uarte.o
    0x0002b5cc   0x0002b5cc   0x00000008   Data   RO         2019    .constdata          app_button.o
    0x0002b5d4   0x0002b5d4   0x00000014   Data   RO         2286    .constdata          app_timer2.o
    0x0002b5e8   0x0002b5e8   0x00000008   PAD
    0x0002b5f0   0x0002b5f0   0x00000006   Data   RO         2499    .constdata          drv_rtc.o
    0x0002b5f6   0x0002b5f6   0x00000010   Data   RO         2979    .constdata          nrf_fprintf_format.o
    0x0002b606   0x0002b606   0x00000002   PAD
    0x0002b608   0x0002b608   0x00000018   Data   RO         3099    .constdata          nrf_pwr_mgmt.o
    0x0002b620   0x0002b620   0x0000000c   Data   RO         3100    .constdata          nrf_pwr_mgmt.o
    0x0002b62c   0x0002b62c   0x0000013c   Data   RO         3325    .constdata          nrf_strerror.o
    0x0002b768   0x0002b768   0x0000000c   Data   RO         3422    .constdata          nrf_log_backend_uart.o
    0x0002b774   0x0002b774   0x00000020   Data   RO         3423    .constdata          nrf_log_backend_uart.o
    0x0002b794   0x0002b794   0x0000000c   Data   RO         3553    .constdata          nrf_log_frontend.o
    0x0002b7a0   0x0002b7a0   0x00000010   Data   RO         4138    .constdata          nrf_sdh.o
    0x0002b7b0   0x0002b7b0   0x00000028   Data   RO         4139    .constdata          nrf_sdh.o
    0x0002b7d8   0x0002b7d8   0x00000010   Data   RO         4140    .constdata          nrf_sdh.o
    0x0002b7e8   0x0002b7e8   0x00000010   Data   RO         4141    .constdata          nrf_sdh.o
    0x0002b7f8   0x0002b7f8   0x00000020   Data   RO         4249    .constdata          nrf_sdh_ble.o
    0x0002b818   0x0002b818   0x00000010   Data   RO         4250    .constdata          nrf_sdh_ble.o
    0x0002b828   0x0002b828   0x00000010   Data   RO         4300    .constdata          nrf_sdh_soc.o
    0x0002b838   0x0002b838   0x0000000c   Data   RO         4301    .constdata          nrf_sdh_soc.o
    0x0002b844   0x0002b844   0x00000081   Data   RO         4402    .constdata          mc_w.l(ctype_o.o)
    0x0002b8c5   0x0002b8c5   0x00000003   PAD
    0x0002b8c8   0x0002b8c8   0x00000004   Data   RO         4403    .constdata          mc_w.l(ctype_o.o)
    0x0002b8cc   0x0002b8cc   0x000003eb   Data   RO         3326    .conststring        nrf_strerror.o
    0x0002bcb7   0x0002bcb7   0x00000001   PAD
    0x0002bcb8   0x0002bcb8   0x00000066   Data   RO         3715    .conststring        nrf_log_str_formatter.o
    0x0002bd1e   0x0002bd1e   0x00000002   PAD
    0x0002bd20   0x0002bd20   0x00000188   Data   RO         4251    .conststring        nrf_sdh_ble.o
    0x0002bea8   0x0002bea8   0x00000006   Data   RO          792    .conststrlit        nrf_drv_clock.o
    0x0002beae   0x0002beae   0x00000002   PAD
    0x0002beb0   0x0002beb0   0x00000006   Data   RO         1137    .conststrlit        nrfx_clock.o
    0x0002beb6   0x0002beb6   0x00000002   PAD
    0x0002beb8   0x0002beb8   0x00000007   Data   RO         1314    .conststrlit        nrfx_gpiote.o
    0x0002bebf   0x0002bebf   0x00000001   PAD
    0x0002bec0   0x0002bec0   0x00000004   Data   RO         1589    .conststrlit        nrfx_prs.o
    0x0002bec4   0x0002bec4   0x00000005   Data   RO         1671    .conststrlit        nrfx_uart.o
    0x0002bec9   0x0002bec9   0x00000003   PAD
    0x0002becc   0x0002becc   0x00000006   Data   RO         1865    .conststrlit        nrfx_uarte.o
    0x0002bed2   0x0002bed2   0x00000002   PAD
    0x0002bed4   0x0002bed4   0x0000000b   Data   RO         2020    .conststrlit        app_button.o
    0x0002bedf   0x0002bedf   0x00000001   PAD
    0x0002bee0   0x0002bee0   0x0000000a   Data   RO         2287    .conststrlit        app_timer2.o
    0x0002beea   0x0002beea   0x00000002   PAD
    0x0002beec   0x0002beec   0x00000009   Data   RO         3101    .conststrlit        nrf_pwr_mgmt.o
    0x0002bef5   0x0002bef5   0x00000003   PAD
    0x0002bef8   0x0002bef8   0x00000009   Data   RO         3272    .conststrlit        nrf_sortlist.o
    0x0002bf01   0x0002bf01   0x00000003   PAD
    0x0002bf04   0x0002bf04   0x00000011   Data   RO         3488    .conststrlit        nrf_log_default_backends.o
    0x0002bf15   0x0002bf15   0x00000003   PAD
    0x0002bf18   0x0002bf18   0x00000004   Data   RO         3554    .conststrlit        nrf_log_frontend.o
    0x0002bf1c   0x0002bf1c   0x00000008   Data   RO         4142    .conststrlit        nrf_sdh.o
    0x0002bf24   0x0002bf24   0x0000000c   Data   RO         4252    .conststrlit        nrf_sdh_ble.o
    0x0002bf30   0x0002bf30   0x0000000c   Data   RO         4302    .conststrlit        nrf_sdh_soc.o
    0x0002bf3c   0x0002bf3c   0x00000020   Data   RO         4463    Region$$Table       anon$$obj.o
    0x0002bf5c   0x0002bf5c   0x00000010   Data   RO         3490    log_backends        nrf_log_default_backends.o
    0x0002bf6c   0x0002bf6c   0x00000008   Data   RO          793    log_const_data      nrf_drv_clock.o
    0x0002bf74   0x0002bf74   0x00000008   Data   RO         1139    log_const_data      nrfx_clock.o
    0x0002bf7c   0x0002bf7c   0x00000008   Data   RO         1315    log_const_data      nrfx_gpiote.o
    0x0002bf84   0x0002bf84   0x00000008   Data   RO         1591    log_const_data      nrfx_prs.o
    0x0002bf8c   0x0002bf8c   0x00000008   Data   RO         1672    log_const_data      nrfx_uart.o
    0x0002bf94   0x0002bf94   0x00000008   Data   RO         1866    log_const_data      nrfx_uarte.o
    0x0002bf9c   0x0002bf9c   0x00000008   Data   RO         2022    log_const_data      app_button.o
    0x0002bfa4   0x0002bfa4   0x00000008   Data   RO         2290    log_const_data      app_timer2.o
    0x0002bfac   0x0002bfac   0x00000008   Data   RO         3103    log_const_data      nrf_pwr_mgmt.o
    0x0002bfb4   0x0002bfb4   0x00000008   Data   RO         3273    log_const_data      nrf_sortlist.o
    0x0002bfbc   0x0002bfbc   0x00000008   Data   RO         3558    log_const_data      nrf_log_frontend.o
    0x0002bfc4   0x0002bfc4   0x00000008   Data   RO         4144    log_const_data      nrf_sdh.o
    0x0002bfcc   0x0002bfcc   0x00000008   Data   RO         4254    log_const_data      nrf_sdh_ble.o
    0x0002bfd4   0x0002bfd4   0x00000008   Data   RO         4303    log_const_data      nrf_sdh_soc.o
    0x0002bfdc   0x0002bfdc   0x00000014   Data   RO         3559    nrf_balloc          nrf_log_frontend.o
    0x0002bff0   0x0002bff0   0x00000008   Data   RO          794    sdh_soc_observers0  nrf_drv_clock.o
    0x0002bff8   0x0002bff8   0x00000008   Data   RO         4255    sdh_stack_observers0  nrf_sdh_ble.o
    0x0002c000   0x0002c000   0x00000008   Data   RO         4304    sdh_stack_observers0  nrf_sdh_soc.o
    0x0002c008   0x0002c008   0x00000008   Data   RO          795    sdh_state_observers0  nrf_drv_clock.o


    Execution Region RW_IRAM1 (Exec base: 0x200018d8, Load base: 0x0002c010, Size: 0x00002908, Max: 0x0003e728, ABSOLUTE)

    Exec Addr    Load Addr    Size         Type   Attr      Idx    E Section Name        Object

    0x200018d8   0x0002c010   0x00000014   Data   RW            9    .data               main.o
    0x200018ec   0x0002c024   0x00000010   Data   RW          431    .data               bsp.o
    0x200018fc   0x0002c034   0x00000014   Data   RW          932    .data               nrf_drv_uart.o
    0x20001910   0x0002c048   0x00000008   Data   RW         1138    .data               nrfx_clock.o
    0x20001918   0x0002c050   0x00000008   Data   RW         1590    .data               nrfx_prs.o
    0x20001920   0x0002c058   0x00000018   Data   RW         2021    .data               app_button.o
    0x20001938   0x0002c070   0x00000020   Data   RW         2288    .data               app_timer2.o
    0x20001958   0x0002c090   0x00000004   Data   RW         2289    .data               app_timer2.o
    0x2000195c   0x0002c094   0x0000000c   Data   RW         2500    .data               drv_rtc.o
    0x20001968   0x0002c0a0   0x00000008   Data   RW         3102    .data               nrf_pwr_mgmt.o
    0x20001970   0x0002c0a8   0x00000018   Data   RW         3424    .data               nrf_log_backend_uart.o
    0x20001988   0x0002c0c0   0x00000008   Data   RW         3489    .data               nrf_log_default_backends.o
    0x20001990   0x0002c0c8   0x00000004   Data   RW         3555    .data               nrf_log_frontend.o
    0x20001994   0x0002c0cc   0x00000008   Data   RW         3556    .data               nrf_log_frontend.o
    0x2000199c   0x0002c0d4   0x00000008   Data   RW         3557    .data               nrf_log_frontend.o
    0x200019a4   0x0002c0dc   0x00000040   Data   RW         3716    .data               nrf_log_str_formatter.o
    0x200019e4   0x0002c11c   0x00000003   Data   RW         4143    .data               nrf_sdh.o
    0x200019e7   0x0002c11f   0x00000001   Data   RW         4253    .data               nrf_sdh_ble.o
    0x200019e8   0x0002c120   0x00000004   Data   RW         4343    .data               system_nrf52840.o
    0x200019ec        -       0x00000018   Zero   RW            7    .bss                main.o
    0x20001a04        -       0x0000001f   Zero   RW            8    .bss                main.o
    0x20001a23   0x0002c124   0x00000005   PAD
    0x20001a28        -       0x00000020   Zero   RW          426    .bss                bsp.o
    0x20001a48        -       0x00000020   Zero   RW          427    .bss                bsp.o
    0x20001a68        -       0x0000000c   Zero   RW          428    .bss                bsp.o
    0x20001a74   0x0002c124   0x00000004   PAD
    0x20001a78        -       0x00000020   Zero   RW          429    .bss                bsp.o
    0x20001a98        -       0x00000014   Zero   RW          787    .bss                nrf_drv_clock.o
    0x20001aac        -       0x0000006c   Zero   RW         1309    .bss                nrfx_gpiote.o
    0x20001b18        -       0x0000002c   Zero   RW         1666    .bss                nrfx_uart.o
    0x20001b44        -       0x00000024   Zero   RW         1860    .bss                nrfx_uarte.o
    0x20001b68        -       0x00000020   Zero   RW         2017    .bss                app_button.o
    0x20001b88        -       0x00000020   Zero   RW         2018    .bss                app_button.o
    0x20001ba8        -       0x00000010   Zero   RW         2284    .bss                app_timer2.o
    0x20001bb8        -       0x00000058   Zero   RW         2285    .bss                app_timer2.o
    0x20001c10        -       0x0000000c   Zero   RW         2414    .bss                app_util_platform.o
    0x20001c1c        -       0x0000000c   Zero   RW         3098    .bss                nrf_pwr_mgmt.o
    0x20001c28        -       0x00000040   Zero   RW         3421    .bss                nrf_log_backend_uart.o
    0x20001c68        -       0x000000c0   Zero   RW         3549    .bss                nrf_log_frontend.o
    0x20001d28        -       0x00000080   Zero   RW         3550    .bss                nrf_log_frontend.o
    0x20001da8        -       0x00000018   Zero   RW         3551    .bss                nrf_log_frontend.o
    0x20001dc0        -       0x00000420   Zero   RW         3552    .bss                nrf_log_frontend.o
    0x200021e0        -       0x00002000   Zero   RW         4331    STACK               arm_startup_nrf52840.o


==============================================================================

Image component sizes


      Code (inc. data)   RO Data    RW Data    ZI Data      Debug   Object Name

       664         66         27         24         64      17586   app_button.o
        22          0          0          0          0       2473   app_error.o
       132         46          0          0          0      34033   app_error_weak.o
       846         88         38         36        104      16361   app_timer2.o
       124         14          0          0         12      10522   app_util_platform.o
        36          8        512          0       8192        920   arm_startup_nrf52840.o
      1236          0          0          0          0      51775   ble_advdata.o
       388         36          8          0          0      12736   boards.o
       922         84         44         16        108      13452   bsp.o
       704         76          6         12          0      48269   drv_rtc.o
       364         64          0         20         55     159922   main.o
       326          0          0          0          0       5835   nrf_atfifo.o
       294          0          0          0          0       7727   nrf_atomic.o
       164          0          0          0          0       3576   nrf_balloc.o
       312         36         30          0         20      45132   nrf_drv_clock.o
       200         26          0         20          0      17676   nrf_drv_uart.o
        50          0          0          0          0       3473   nrf_fprintf.o
       866          4         16          0          0       6478   nrf_fprintf_format.o
       200          0          0          0          0      11521   nrf_log_backend_serial.o
       232         44         44         24         64      15726   nrf_log_backend_uart.o
        28          4         33          8          0       3297   nrf_log_default_backends.o
      1478        128         44         20       1400      29506   nrf_log_frontend.o
       570        108        102         64          0       5568   nrf_log_str_formatter.o
       346          0          0          0          0       9439   nrf_memobj.o
       108         16         53          8         12      42430   nrf_pwr_mgmt.o
        28          0          0          0          0       2327   nrf_ringbuf.o
       384         46        104          3          0      42535   nrf_sdh.o
       668        230        468          1          0       5773   nrf_sdh_ble.o
        60          4         56          0          0       2424   nrf_sdh_soc.o
        78          0          0          0          0       2724   nrf_section_iter.o
        84          0         17          0          0       4021   nrf_sortlist.o
        76         10       1319          0          0       2683   nrf_strerror.o
       242         32         14          8          0      46784   nrfx_clock.o
      1386        108         23          0        108      66289   nrfx_gpiote.o
       112         16         12          8          0       4408   nrfx_prs.o
      1354         48         17          0         44      31173   nrfx_uart.o
      1356         48         18          0         36      26643   nrfx_uarte.o
       468         62          0          4          0      12679   system_nrf52840.o

    ----------------------------------------------------------------------
     16942       1452       3074        276      10228     825896   Object Totals
         0          0         32          0          0          0   (incl. Generated)
        34          0         37          0          9          0   (incl. Padding)

    ----------------------------------------------------------------------

      Code (inc. data)   RO Data    RW Data    ZI Data      Debug   Library Member Name

         8          4        133          0          0         68   ctype_o.o
         0          0          0          0          0          0   entry.o
         0          0          0          0          0          0   entry10a.o
         0          0          0          0          0          0   entry11a.o
         8          4          0          0          0          0   entry2.o
         4          0          0          0          0          0   entry5.o
         0          0          0          0          0          0   entry7b.o
         0          0          0          0          0          0   entry8b.o
         8          4          0          0          0          0   entry9a.o
        30          0          0          0          0          0   handlers.o
        36          8          0          0          0         68   init.o
        30          0          0          0          0         68   llshl.o
        32          0          0          0          0         68   llushr.o
        36          0          0          0          0         68   memcpya.o
        36          0          0          0          0        108   memseta.o
        14          0          0          0          0         68   strlen.o
        98          0          0          0          0         92   uldiv.o

    ----------------------------------------------------------------------
       344         20        136          0          0        608   Library Totals
         4          0          3          0          0          0   (incl. Padding)

    ----------------------------------------------------------------------

      Code (inc. data)   RO Data    RW Data    ZI Data      Debug   Library Name

       340         20        133          0          0        608   mc_w.l

    ----------------------------------------------------------------------
       344         20        136          0          0        608   Library Totals

    ----------------------------------------------------------------------

==============================================================================


      Code (inc. data)   RO Data    RW Data    ZI Data      Debug   

     17286       1472       3210        276      10228     802852   Grand Totals
     17286       1472       3210        276      10228     802852   ELF Image Totals
     17286       1472       3210        276          0          0   ROM Totals

==============================================================================

    Total RO  Size (Code + RO Data)                20496 (  20.02kB)
    Total RW  Size (RW Data + ZI Data)             10504 (  10.26kB)
    Total ROM Size (Code + RO Data + RW Data)      20772 (  20.29kB)

==============================================================================

