Component: ARM Compiler 5.06 update 6 (build 750) Tool: armlink [4d35ed]

==============================================================================

Section Cross References

    main.o(i.assert_nrf_callback) refers to app_error_handler_keil.o(.emb_text) for app_error_handler
    main.o(i.ble_evt_handler) refers to nrf_log_frontend.o(i.nrf_log_frontend_std_0) for nrf_log_frontend_std_0
    main.o(i.ble_evt_handler) refers to bsp.o(i.bsp_indication_set) for bsp_indication_set
    main.o(i.ble_evt_handler) refers to app_error.o(i.app_error_handler_bare) for app_error_handler_bare
    main.o(i.ble_evt_handler) refers to nrf_ble_qwr.o(i.nrf_ble_qwr_conn_handle_assign) for nrf_ble_qwr_conn_handle_assign
    main.o(i.ble_evt_handler) refers to main.o(.data) for .data
    main.o(i.ble_evt_handler) refers to nrf_log_frontend.o(log_const_data) for m_nrf_log_app_logs_data_const
    main.o(i.ble_evt_handler) refers to main.o(.bss) for .bss
    main.o(i.bsp_event_handler) refers to main.o(i.sleep_mode_enter) for sleep_mode_enter
    main.o(i.bsp_event_handler) refers to app_error.o(i.app_error_handler_bare) for app_error_handler_bare
    main.o(i.bsp_event_handler) refers to ble_advertising.o(i.ble_advertising_restart_without_whitelist) for ble_advertising_restart_without_whitelist
    main.o(i.bsp_event_handler) refers to main.o(.data) for .data
    main.o(i.bsp_event_handler) refers to main.o(.bss) for .bss
    main.o(i.conn_params_error_handler) refers to app_error.o(i.app_error_handler_bare) for app_error_handler_bare
    main.o(i.gatt_evt_handler) refers to nrf_log_frontend.o(i.nrf_log_frontend_std_2) for nrf_log_frontend_std_2
    main.o(i.gatt_evt_handler) refers to main.o(.data) for .data
    main.o(i.gatt_evt_handler) refers to nrf_log_frontend.o(log_const_data) for m_nrf_log_app_logs_data_const
    main.o(i.gatt_init) refers to nrf_ble_gatt.o(i.nrf_ble_gatt_init) for nrf_ble_gatt_init
    main.o(i.gatt_init) refers to app_error.o(i.app_error_handler_bare) for app_error_handler_bare
    main.o(i.gatt_init) refers to nrf_ble_gatt.o(i.nrf_ble_gatt_att_mtu_periph_set) for nrf_ble_gatt_att_mtu_periph_set
    main.o(i.gatt_init) refers to main.o(i.gatt_evt_handler) for gatt_evt_handler
    main.o(i.gatt_init) refers to main.o(.bss) for .bss
    main.o(i.main) refers to memcpya.o(.text) for __aeabi_memcpy4
    main.o(i.main) refers to app_uart_fifo.o(i.app_uart_init) for app_uart_init
    main.o(i.main) refers to app_error.o(i.app_error_handler_bare) for app_error_handler_bare
    main.o(i.main) refers to nrf_log_frontend.o(i.nrf_log_init) for nrf_log_init
    main.o(i.main) refers to nrf_log_default_backends.o(i.nrf_log_default_backends_init) for nrf_log_default_backends_init
    main.o(i.main) refers to app_timer2.o(i.app_timer_init) for app_timer_init
    main.o(i.main) refers to bsp.o(i.bsp_init) for bsp_init
    main.o(i.main) refers to bsp_btn_ble.o(i.bsp_btn_ble_init) for bsp_btn_ble_init
    main.o(i.main) refers to nrf_pwr_mgmt.o(i.nrf_pwr_mgmt_init) for nrf_pwr_mgmt_init
    main.o(i.main) refers to nrf_sdh.o(i.nrf_sdh_enable_request) for nrf_sdh_enable_request
    main.o(i.main) refers to nrf_sdh_ble.o(i.nrf_sdh_ble_default_cfg_set) for nrf_sdh_ble_default_cfg_set
    main.o(i.main) refers to nrf_sdh_ble.o(i.nrf_sdh_ble_enable) for nrf_sdh_ble_enable
    main.o(i.main) refers to main.o(i.gatt_init) for gatt_init
    main.o(i.main) refers to nrf_ble_qwr.o(i.nrf_ble_qwr_init) for nrf_ble_qwr_init
    main.o(i.main) refers to ble_nus.o(i.ble_nus_init) for ble_nus_init
    main.o(i.main) refers to memseta.o(.text) for __aeabi_memclr4
    main.o(i.main) refers to ble_advertising.o(i.ble_advertising_init) for ble_advertising_init
    main.o(i.main) refers to ble_advertising.o(i.ble_advertising_conn_cfg_tag_set) for ble_advertising_conn_cfg_tag_set
    main.o(i.main) refers to ble_conn_params.o(i.ble_conn_params_init) for ble_conn_params_init
    main.o(i.main) refers to printfb.o(i.__0printf$bare) for __2printf
    main.o(i.main) refers to nrf_log_frontend.o(i.nrf_log_frontend_std_0) for nrf_log_frontend_std_0
    main.o(i.main) refers to ble_advertising.o(i.ble_advertising_start) for ble_advertising_start
    main.o(i.main) refers to nrf_log_frontend.o(i.nrf_log_frontend_dequeue) for nrf_log_frontend_dequeue
    main.o(i.main) refers to nrf_pwr_mgmt.o(i.nrf_pwr_mgmt_run) for nrf_pwr_mgmt_run
    main.o(i.main) refers to main.o(.constdata) for .constdata
    main.o(i.main) refers to main.o(.bss) for .bss
    main.o(i.main) refers to main.o(i.uart_event_handle) for uart_event_handle
    main.o(i.main) refers to main.o(i.bsp_event_handler) for bsp_event_handler
    main.o(i.main) refers to main.o(i.nrf_qwr_error_handler) for nrf_qwr_error_handler
    main.o(i.main) refers to main.o(i.nus_data_handler) for nus_data_handler
    main.o(i.main) refers to main.o(.data) for .data
    main.o(i.main) refers to main.o(i.on_adv_evt) for on_adv_evt
[...]
    __rt_final_cpp                           0x00027211   Thumb Code     0  entry10a.o(.ARM.Collect$$$$0000000D)
    __rt_final_exit                          0x00027211   Thumb Code     0  entry11a.o(.ARM.Collect$$$$0000000F)
    __asm___12_nrf_atfifo_c_51f461e1__nrf_atfifo_wspace_req 0x00027215   Thumb Code    56  nrf_atfifo.o(.emb_text)
    __asm___12_nrf_atfifo_c_51f461e1__nrf_atfifo_wspace_close 0x0002724d   Thumb Code    18  nrf_atfifo.o(.emb_text)
    __asm___12_nrf_atfifo_c_51f461e1__nrf_atfifo_rspace_req 0x0002725f   Thumb Code    58  nrf_atfifo.o(.emb_text)
    __asm___12_nrf_atfifo_c_51f461e1__nrf_atfifo_rspace_close 0x00027299   Thumb Code    18  nrf_atfifo.o(.emb_text)
    __asm___12_nrf_atfifo_c_51f461e1__nrf_atfifo_space_clear 0x000272ab   Thumb Code    50  nrf_atfifo.o(.emb_text)
    __asm___12_nrf_atomic_c_85ca2469__nrf_atomic_internal_mov 0x000272dd   Thumb Code    24  nrf_atomic.o(.emb_text)
    __asm___12_nrf_atomic_c_85ca2469__nrf_atomic_internal_orr 0x000272f5   Thumb Code    26  nrf_atomic.o(.emb_text)
    __asm___12_nrf_atomic_c_85ca2469__nrf_atomic_internal_and 0x0002730f   Thumb Code    26  nrf_atomic.o(.emb_text)
    __asm___12_nrf_atomic_c_85ca2469__nrf_atomic_internal_eor 0x00027329   Thumb Code    26  nrf_atomic.o(.emb_text)
    __asm___12_nrf_atomic_c_85ca2469__nrf_atomic_internal_add 0x00027343   Thumb Code    26  nrf_atomic.o(.emb_text)
    __asm___12_nrf_atomic_c_85ca2469__nrf_atomic_internal_sub 0x0002735d   Thumb Code    26  nrf_atomic.o(.emb_text)
    __asm___12_nrf_atomic_c_85ca2469__nrf_atomic_internal_cmp_exch 0x00027377   Thumb Code    42  nrf_atomic.o(.emb_text)
    __asm___12_nrf_atomic_c_85ca2469__nrf_atomic_internal_sub_hs 0x000273a1   Thumb Code    30  nrf_atomic.o(.emb_text)
    Reset_Handler                            0x000273c1   Thumb Code     8  arm_startup_nrf52840.o(.text)
    NMI_Handler                              0x000273c9   Thumb Code     2  arm_startup_nrf52840.o(.text)
    HardFault_Handler                        0x000273cb   Thumb Code     2  arm_startup_nrf52840.o(.text)
    MemoryManagement_Handler                 0x000273cd   Thumb Code     2  arm_startup_nrf52840.o(.text)
    BusFault_Handler                         0x000273cf   Thumb Code     2  arm_startup_nrf52840.o(.text)
    UsageFault_Handler                       0x000273d1   Thumb Code     2  arm_startup_nrf52840.o(.text)
    SVC_Handler                              0x000273d3   Thumb Code     2  arm_startup_nrf52840.o(.text)
    DebugMon_Handler                         0x000273d5   Thumb Code     2  arm_startup_nrf52840.o(.text)
    PendSV_Handler                           0x000273d7   Thumb Code     2  arm_startup_nrf52840.o(.text)
    SysTick_Handler                          0x000273d9   Thumb Code     2  arm_startup_nrf52840.o(.text)
    CCM_AAR_IRQHandler                       0x000273db   Thumb Code     0  arm_startup_nrf52840.o(.text)
    COMP_LPCOMP_IRQHandler                   0x000273db   Thumb Code     0  arm_startup_nrf52840.o(.text)
    CRYPTOCELL_IRQHandler                    0x000273db   Thumb Code     0  arm_startup_nrf52840.o(.text)
    ECB_IRQHandler                           0x000273db   Thumb Code     0  arm_startup_nrf52840.o(.text)
    FPU_IRQHandler                           0x000273db   Thumb Code     0  arm_startup_nrf52840.o(.text)
    I2S_IRQHandler                           0x000273db   Thumb Code     0  arm_startup_nrf52840.o(.text)
    MWU_IRQHandler                           0x000273db   Thumb Code     0  arm_startup_nrf52840.o(.text)
    NFCT_IRQHandler                          0x000273db   Thumb Code     0  arm_startup_nrf52840.o(.text)
    PDM_IRQHandler                           0x000273db   Thumb Code     0  arm_startup_nrf52840.o(.text)
    PWM0_IRQHandler                          0x000273db   Thumb Code     0  arm_startup_nrf52840.o(.text)
    PWM1_IRQHandler                          0x000273db   Thumb Code     0  arm_startup_nrf52840.o(.text)
    PWM2_IRQHandler                          0x000273db   Thumb Code     0  arm_startup_nrf52840.o(.text)
    PWM3_IRQHandler                          0x000273db   Thumb Code     0  arm_startup_nrf52840.o(.text)
    QDEC_IRQHandler                          0x000273db   Thumb Code     0  arm_startup_nrf52840.o(.text)
    QSPI_IRQHandler                          0x000273db   Thumb Code     0  arm_startup_nrf52840.o(.text)
    RADIO_IRQHandler                         0x000273db   Thumb Code     0  arm_startup_nrf52840.o(.text)
    RNG_IRQHandler                           0x000273db   Thumb Code     0  arm_startup_nrf52840.o(.text)
    RTC0_IRQHandler                          0x000273db   Thumb Code     0  arm_startup_nrf52840.o(.text)
    RTC2_IRQHandler                          0x000273db   Thumb Code     0  arm_startup_nrf52840.o(.text)
    SAADC_IRQHandler                         0x000273db   Thumb Code     0  arm_startup_nrf52840.o(.text)
    SPIM0_SPIS0_TWIM0_TWIS0_SPI0_TWI0_IRQHandler 0x000273db   Thumb Code     0  arm_startup_nrf52840.o(.text)
    SPIM1_SPIS1_TWIM1_TWIS1_SPI1_TWI1_IRQHandler 0x000273db   Thumb Code     0  arm_startup_nrf52840.o(.text)
    SPIM2_SPIS2_SPI2_IRQHandler              0x000273db   Thumb Code     0  arm_startup_nrf52840.o(.text)
    SPIM3_IRQHandler                         0x000273db   Thumb Code     0  arm_startup_nrf52840.o(.text)
    SWI0_EGU0_IRQHandler                     0x000273db   Thumb Code     0  arm_startup_nrf52840.o(.text)
    SWI1_EGU1_IRQHandler                     0x000273db   Thumb Code     0  arm_startup_nrf52840.o(.text)
    SWI3_EGU3_IRQHandler                     0x000273db   Thumb Code     0  arm_startup_nrf52840.o(.text)
    SWI4_EGU4_IRQHandler                     0x000273db   Thumb Code     0  arm_startup_nrf52840.o(.text)
    SWI5_EGU5_IRQHandler                     0x000273db   Thumb Code     0  arm_startup_nrf52840.o(.text)
    TEMP_IRQHandler                          0x000273db   Thumb Code     0  arm_startup_nrf52840.o(.text)
    TIMER0_IRQHandler                        0x000273db   Thumb Code     0  arm_startup_nrf52840.o(.text)
    TIMER1_IRQHandler                        0x000273db   Thumb Code     0  arm_startup_nrf52840.o(.text)
    TIMER2_IRQHandler                        0x000273db   Thumb Code     0  arm_startup_nrf52840.o(.text)
    TIMER3_IRQHandler                        0x000273db   Thumb Code     0  arm_startup_nrf52840.o(.text)
    TIMER4_IRQHandler                        0x000273db   Thumb Code     0  arm_startup_nrf52840.o(.text)
    UARTE1_IRQHandler                        0x000273db   Thumb Code     0  arm_startup_nrf52840.o(.text)
    USBD_IRQHandler                          0x000273db   Thumb Code     0  arm_startup_nrf52840.o(.text)
    WDT_IRQHandler                           0x000273db   Thumb Code     0  arm_startup_nrf52840.o(.text)
    __aeabi_uldivmod                         0x000273e5   Thumb Code    98  uldiv.o(.text)
    __aeabi_llsl                             0x00027447   Thumb Code    30  llshl.o(.text)
    _ll_shift_l                              0x00027447   Thumb Code     0  llshl.o(.text)
    __rt_ctype_table                         0x00027465   Thumb Code     4  ctype_o.o(.text)
    __aeabi_memcpy                           0x0002746d   Thumb Code    36  memcpya.o(.text)
    __aeabi_memcpy4                          0x0002746d   Thumb Code     0  memcpya.o(.text)
    __aeabi_memcpy8                          0x0002746d   Thumb Code     0  memcpya.o(.text)
    __aeabi_memset                           0x00027491   Thumb Code    14  memseta.o(.text)
    __aeabi_memset4                          0x00027491   Thumb Code     0  memseta.o(.text)
    __aeabi_memset8                          0x00027491   Thumb Code     0  memseta.o(.text)
    __aeabi_memclr                           0x0002749f   Thumb Code     4  memseta.o(.text)
    __aeabi_memclr4                          0x0002749f   Thumb Code     0  memseta.o(.text)
    __aeabi_memclr8                          0x0002749f   Thumb Code     0  memseta.o(.text)
    _memset$wrapper                          0x000274a3   Thumb Code    18  memseta.o(.text)
    strlen                                   0x000274b5   Thumb Code    14  strlen.o(.text)
    strcpy                                   0x000274c3   Thumb Code    18  strcpy.o(.text)
    __aeabi_llsr                             0x000274d5   Thumb Code    32  llushr.o(.text)
    _ll_ushift_r                             0x000274d5   Thumb Code     0  llushr.o(.text)
    __scatterload                            0x000274f5   Thumb Code    28  init.o(.text)
    __scatterload_rt2                        0x000274f5   Thumb Code     0  init.o(.text)
    __decompress                             0x00027519   Thumb Code     0  __dczerorl2.o(.text)
    __decompress1                            0x00027519   Thumb Code    86  __dczerorl2.o(.text)
    GPIOTE_IRQHandler                        0x00027571   Thumb Code   156  nrfx_gpiote.o(i.GPIOTE_IRQHandler)
    POWER_CLOCK_IRQHandler                   0x00027615   Thumb Code    82  nrfx_clock.o(i.POWER_CLOCK_IRQHandler)
    RTC1_IRQHandler                          0x0002766d   Thumb Code    12  drv_rtc.o(i.RTC1_IRQHandler)
    SEGGER_RTT_Init                          0x0002767d   Thumb Code     4  segger_rtt.o(i.SEGGER_RTT_Init)
    SEGGER_RTT_WriteNoLock                   0x00027681   Thumb Code    86  segger_rtt.o(i.SEGGER_RTT_WriteNoLock)
    SWI2_EGU2_IRQHandler                     0x000276dd   Thumb Code     4  nrf_sdh.o(i.SWI2_EGU2_IRQHandler)
    SystemInit                               0x000276e1   Thumb Code   406  system_nrf52840.o(i.SystemInit)
    UARTE0_UART0_IRQHandler                  0x000278b5   Thumb Code     6  nrfx_prs.o(i.UARTE0_UART0_IRQHandler)
    __0printf$bare                           0x000279dd   Thumb Code     8  printfb.o(i.__0printf$bare)
    __1printf$bare                           0x000279dd   Thumb Code     0  printfb.o(i.__0printf$bare)
    __2printf                                0x000279dd   Thumb Code     0  printfb.o(i.__0printf$bare)
    __scatterload_copy                       0x000279ed   Thumb Code    14  handlers.o(i.__scatterload_copy)
    __scatterload_null                       0x000279fb   Thumb Code     2  handlers.o(i.__scatterload_null)
    __scatterload_zeroinit                   0x000279fd   Thumb Code    14  handlers.o(i.__scatterload_zeroinit)
    app_button_enable                        0x00027aa1   Thumb Code    32  app_button.o(i.app_button_enable)
    app_button_init                          0x00027ac5   Thumb Code   106  app_button.o(i.app_button_init)
    app_error_fault_handler                  0x00027b45   Thumb Code    86  app_error_weak.o(i.app_error_fault_handler)
    app_error_handler_bare                   0x00027bc9   Thumb Code    22  app_error.o(i.app_error_handler_bare)
    app_fifo_get                             0x00027bdf   Thumb Code    22  app_fifo.o(i.app_fifo_get)
    app_fifo_init                            0x00027bf5   Thumb Code    32  app_fifo.o(i.app_fifo_init)
    app_fifo_put                             0x00027c15   Thumb Code    26  app_fifo.o(i.app_fifo_put)
    app_timer_cnt_get                        0x00027c31   Thumb Code     6  app_timer2.o(i.app_timer_cnt_get)
    app_timer_create                         0x00027c3d   Thumb Code    22  app_timer2.o(i.app_timer_create)
    app_timer_init                           0x00027c55   Thumb Code    70  app_timer2.o(i.app_timer_init)
    app_timer_start                          0x00027cb1   Thumb Code    48  app_timer2.o(i.app_timer_start)
    app_timer_stop                           0x00027ce1   Thumb Code    12  app_timer2.o(i.app_timer_stop)
    app_uart_get                             0x00027ced   Thumb Code    42  app_uart_fifo.o(i.app_uart_get)
    app_uart_init                            0x00027d21   Thumb Code   148  app_uart_fifo.o(i.app_uart_init)
    app_uart_put                             0x00027dc5   Thumb Code    70  app_uart_fifo.o(i.app_uart_put)
    app_util_critical_region_enter           0x00027e19   Thumb Code    64  app_util_platform.o(i.app_util_critical_region_enter)
    app_util_critical_region_exit            0x00027e61   Thumb Code    46  app_util_platform.o(i.app_util_critical_region_exit)
    blcm_link_ctx_get                        0x00027f81   Thumb Code    72  ble_link_ctx_manager.o(i.blcm_link_ctx_get)
    ble_advdata_encode                       0x00027fc9   Thumb Code   386  ble_advdata.o(i.ble_advdata_encode)
    ble_advdata_parse                        0x0002814b   Thumb Code    32  ble_advdata.o(i.ble_advdata_parse)
    ble_advdata_search                       0x0002816b   Thumb Code    70  ble_advdata.o(i.ble_advdata_search)
    ble_advertising_conn_cfg_tag_set         0x000281b1   Thumb Code     6  ble_advertising.o(i.ble_advertising_conn_cfg_tag_set)
    ble_advertising_init                     0x000281b7   Thumb Code   232  ble_advertising.o(i.ble_advertising_init)
    ble_advertising_on_ble_evt               0x0002829f   Thumb Code   106  ble_advertising.o(i.ble_advertising_on_ble_evt)
    ble_advertising_restart_without_whitelist 0x00028309   Thumb Code    58  ble_advertising.o(i.ble_advertising_restart_without_whitelist)
    ble_advertising_start                    0x00028343   Thumb Code   560  ble_advertising.o(i.ble_advertising_start)
    ble_conn_params_init                     0x00028575   Thumb Code    90  ble_conn_params.o(i.ble_conn_params_init)
    ble_conn_state_conn_idx                  0x000285dd   Thumb Code    18  ble_conn_state.o(i.ble_conn_state_conn_idx)
    ble_conn_state_valid                     0x000285f1   Thumb Code    16  ble_conn_state.o(i.ble_conn_state_valid)
    ble_nus_data_send                        0x000289c5   Thumb Code   102  ble_nus.o(i.ble_nus_data_send)
    ble_nus_init                             0x00028a2d   Thumb Code   206  ble_nus.o(i.ble_nus_init)
    ble_nus_on_ble_evt                       0x00028b01   Thumb Code   118  ble_nus.o(i.ble_nus_on_ble_evt)
    ble_srv_is_notification_enabled          0x00028b77   Thumb Code     8  ble_srv_common.o(i.ble_srv_is_notification_enabled)
    bsp_board_button_idx_to_pin              0x00028b81   Thumb Code     6  boards.o(i.bsp_board_button_idx_to_pin)
    bsp_board_button_state_get               0x00028b8d   Thumb Code    36  boards.o(i.bsp_board_button_state_get)
    bsp_board_init                           0x00028bb5   Thumb Code    80  boards.o(i.bsp_board_init)
    bsp_board_led_invert                     0x00028c09   Thumb Code    40  boards.o(i.bsp_board_led_invert)
    bsp_board_led_off                        0x00028c35   Thumb Code    10  boards.o(i.bsp_board_led_off)
    bsp_board_led_on                         0x00028c45   Thumb Code    10  boards.o(i.bsp_board_led_on)
    bsp_board_led_state_get                  0x00028c55   Thumb Code    36  boards.o(i.bsp_board_led_state_get)
    bsp_board_leds_off                       0x00028c7d   Thumb Code    18  boards.o(i.bsp_board_leds_off)
    bsp_board_leds_on                        0x00028c8f   Thumb Code    18  boards.o(i.bsp_board_leds_on)
    bsp_board_pin_to_button_idx              0x00028ca1   Thumb Code    30  boards.o(i.bsp_board_pin_to_button_idx)
    bsp_btn_ble_init                         0x00028cc5   Thumb Code    52  bsp_btn_ble.o(i.bsp_btn_ble_init)
    bsp_btn_ble_sleep_mode_prepare           0x00028cfd   Thumb Code    30  bsp_btn_ble.o(i.bsp_btn_ble_sleep_mode_prepare)
    bsp_button_is_pressed                    0x00028dad   Thumb Code    12  bsp.o(i.bsp_button_is_pressed)
    bsp_event_handler                        0x00028db9   Thumb Code    66  main.o(i.bsp_event_handler)
    bsp_event_to_button_action_assign        0x00028e05   Thumb Code    64  bsp.o(i.bsp_event_to_button_action_assign)
    bsp_indication_set                       0x00028e49   Thumb Code    20  bsp.o(i.bsp_indication_set)
    bsp_init                                 0x00028e61   Thumb Code   128  bsp.o(i.bsp_init)
    bsp_wakeup_button_enable                 0x000290bd   Thumb Code     6  bsp.o(i.bsp_wakeup_button_enable)
    buffer_is_empty                          0x00029189   Thumb Code    18  nrf_log_frontend.o(i.buffer_is_empty)
    characteristic_add                       0x00029245   Thumb Code   400  ble_srv_common.o(i.characteristic_add)
    conn_handle_list_get                     0x00029431   Thumb Code    62  ble_conn_state.o(i.conn_handle_list_get)
    drv_rtc_compare_disable                  0x00029661   Thumb Code    20  drv_rtc.o(i.drv_rtc_compare_disable)
    drv_rtc_compare_pending                  0x00029675   Thumb Code    14  drv_rtc.o(i.drv_rtc_compare_pending)
    drv_rtc_compare_set                      0x00029683   Thumb Code    80  drv_rtc.o(i.drv_rtc_compare_set)
    drv_rtc_counter_get                      0x000296d3   Thumb Code     8  drv_rtc.o(i.drv_rtc_counter_get)
    drv_rtc_init                             0x000296dd   Thumb Code   148  drv_rtc.o(i.drv_rtc_init)
    drv_rtc_irq_trigger                      0x000297b5   Thumb Code    30  drv_rtc.o(i.drv_rtc_irq_trigger)
    drv_rtc_overflow_enable                  0x000297d3   Thumb Code     8  drv_rtc.o(i.drv_rtc_overflow_enable)
    drv_rtc_overflow_pending                 0x000297db   Thumb Code     8  drv_rtc.o(i.drv_rtc_overflow_pending)
    drv_rtc_start                            0x000297e3   Thumb Code     8  drv_rtc.o(i.drv_rtc_start)
    drv_rtc_stop                             0x000297eb   Thumb Code     8  drv_rtc.o(i.drv_rtc_stop)
    drv_rtc_windowed_compare_set             0x000297f3   Thumb Code   222  drv_rtc.o(i.drv_rtc_windowed_compare_set)
    evt_handle                               0x000298e5   Thumb Code   216  app_button.o(i.evt_handle)
    fputc                                    0x00029a31   Thumb Code    14  retarget.o(i.fputc)
    gatt_evt_handler                         0x00029a41   Thumb Code    52  main.o(i.gatt_evt_handler)
    gatt_init                                0x00029a9d   Thumb Code    38  main.o(i.gatt_init)
    main                                     0x00029df9   Thumb Code   456  main.o(i.main)
    nrf_atfifo_init                          0x0002a1ff   Thumb Code    38  nrf_atfifo.o(i.nrf_atfifo_init)
    nrf_atfifo_item_alloc                    0x0002a225   Thumb Code    22  nrf_atfifo.o(i.nrf_atfifo_item_alloc)
    nrf_atfifo_item_free                     0x0002a23b   Thumb Code    22  nrf_atfifo.o(i.nrf_atfifo_item_free)
    nrf_atfifo_item_get                      0x0002a251   Thumb Code    22  nrf_atfifo.o(i.nrf_atfifo_item_get)
    nrf_atfifo_item_put                      0x0002a267   Thumb Code    22  nrf_atfifo.o(i.nrf_atfifo_item_put)
    nrf_atflags_clear                        0x0002a27d   Thumb Code    22  nrf_atflags.o(i.nrf_atflags_clear)
    nrf_atflags_get                          0x0002a293   Thumb Code    22  nrf_atflags.o(i.nrf_atflags_get)
    nrf_atflags_set                          0x0002a2a9   Thumb Code    20  nrf_atflags.o(i.nrf_atflags_set)
    nrf_atomic_flag_clear_fetch              0x0002a2bd   Thumb Code     6  nrf_atomic.o(i.nrf_atomic_flag_clear_fetch)
    nrf_atomic_flag_set                      0x0002a2c3   Thumb Code     6  nrf_atomic.o(i.nrf_atomic_flag_set)
    nrf_atomic_u32_add                       0x0002a2c9   Thumb Code    12  nrf_atomic.o(i.nrf_atomic_u32_add)
    nrf_atomic_u32_and                       0x0002a2d5   Thumb Code    12  nrf_atomic.o(i.nrf_atomic_u32_and)
    nrf_atomic_u32_fetch_and                 0x0002a2e1   Thumb Code    10  nrf_atomic.o(i.nrf_atomic_u32_fetch_and)
    nrf_atomic_u32_fetch_store               0x0002a2eb   Thumb Code    10  nrf_atomic.o(i.nrf_atomic_u32_fetch_store)
    nrf_atomic_u32_or                        0x0002a2f5   Thumb Code    12  nrf_atomic.o(i.nrf_atomic_u32_or)
    nrf_atomic_u32_sub                       0x0002a301   Thumb Code    12  nrf_atomic.o(i.nrf_atomic_u32_sub)
    nrf_balloc_alloc                         0x0002a30d   Thumb Code    68  nrf_balloc.o(i.nrf_balloc_alloc)
    nrf_balloc_free                          0x0002a351   Thumb Code    48  nrf_balloc.o(i.nrf_balloc_free)
    nrf_balloc_init                          0x0002a381   Thumb Code    48  nrf_balloc.o(i.nrf_balloc_init)
    nrf_ble_gatt_att_mtu_periph_set          0x0002a3c1   Thumb Code    24  nrf_ble_gatt.o(i.nrf_ble_gatt_att_mtu_periph_set)
    nrf_ble_gatt_init                        0x0002a3d9   Thumb Code    34  nrf_ble_gatt.o(i.nrf_ble_gatt_init)
    nrf_ble_gatt_on_ble_evt                  0x0002a3fd   Thumb Code   270  nrf_ble_gatt.o(i.nrf_ble_gatt_on_ble_evt)
    nrf_ble_qwr_conn_handle_assign           0x0002a54d   Thumb Code    22  nrf_ble_qwr.o(i.nrf_ble_qwr_conn_handle_assign)
    nrf_ble_qwr_init                         0x0002a563   Thumb Code    36  nrf_ble_qwr.o(i.nrf_ble_qwr_init)
    nrf_ble_qwr_on_ble_evt                   0x0002a587   Thumb Code   182  nrf_ble_qwr.o(i.nrf_ble_qwr_on_ble_evt)
    nrf_drv_clock_init                       0x0002a65d   Thumb Code    56  nrf_drv_clock.o(i.nrf_drv_clock_init)
    nrf_drv_clock_lfclk_release              0x0002a69d   Thumb Code    48  nrf_drv_clock.o(i.nrf_drv_clock_lfclk_release)
    nrf_drv_uart_init                        0x0002a6d1   Thumb Code    90  nrf_drv_uart.o(i.nrf_drv_uart_init)
    nrf_fprintf                              0x0002a779   Thumb Code    26  nrf_fprintf.o(i.nrf_fprintf)
    nrf_fprintf_buffer_flush                 0x0002a793   Thumb Code    24  nrf_fprintf.o(i.nrf_fprintf_buffer_flush)
    nrf_fprintf_fmt                          0x0002a7ab   Thumb Code   474  nrf_fprintf_format.o(i.nrf_fprintf_fmt)
    nrf_log_backend_add                      0x0002ac1d   Thumb Code    86  nrf_log_frontend.o(i.nrf_log_backend_add)
    nrf_log_backend_rtt_init                 0x0002ac7b   Thumb Code     4  nrf_log_backend_rtt.o(i.nrf_log_backend_rtt_init)
    nrf_log_backend_serial_put               0x0002ac99   Thumb Code   200  nrf_log_backend_serial.o(i.nrf_log_backend_serial_put)
    nrf_log_color_id_get                     0x0002ad61   Thumb Code    42  nrf_log_frontend.o(i.nrf_log_color_id_get)
    nrf_log_default_backends_init            0x0002ad91   Thumb Code    24  nrf_log_default_backends.o(i.nrf_log_default_backends_init)
    nrf_log_frontend_dequeue                 0x0002adad   Thumb Code   528  nrf_log_frontend.o(i.nrf_log_frontend_dequeue)
    nrf_log_frontend_std_0                   0x0002afe5   Thumb Code     8  nrf_log_frontend.o(i.nrf_log_frontend_std_0)
    nrf_log_frontend_std_1                   0x0002afed   Thumb Code    14  nrf_log_frontend.o(i.nrf_log_frontend_std_1)
    nrf_log_frontend_std_2                   0x0002affb   Thumb Code    16  nrf_log_frontend.o(i.nrf_log_frontend_std_2)
    nrf_log_hexdump_entry_process            0x0002b00d   Thumb Code   150  nrf_log_str_formatter.o(i.nrf_log_hexdump_entry_process)
    nrf_log_init                             0x0002b0bd   Thumb Code    28  nrf_log_frontend.o(i.nrf_log_init)
    nrf_log_module_cnt_get                   0x0002b0e5   Thumb Code    10  nrf_log_frontend.o(i.nrf_log_module_cnt_get)
    nrf_log_module_name_get                  0x0002b0f9   Thumb Code    24  nrf_log_frontend.o(i.nrf_log_module_name_get)
    nrf_log_panic                            0x0002b115   Thumb Code    36  nrf_log_frontend.o(i.nrf_log_panic)
    nrf_log_std_entry_process                0x0002b13d   Thumb Code   182  nrf_log_str_formatter.o(i.nrf_log_std_entry_process)
    nrf_memobj_alloc                         0x0002b1f3   Thumb Code    96  nrf_memobj.o(i.nrf_memobj_alloc)
    nrf_memobj_free                          0x0002b253   Thumb Code    50  nrf_memobj.o(i.nrf_memobj_free)
    nrf_memobj_get                           0x0002b285   Thumb Code     8  nrf_memobj.o(i.nrf_memobj_get)
    nrf_memobj_pool_init                     0x0002b28d   Thumb Code     4  nrf_memobj.o(i.nrf_memobj_pool_init)
    nrf_memobj_put                           0x0002b291   Thumb Code    30  nrf_memobj.o(i.nrf_memobj_put)
    nrf_memobj_read                          0x0002b2af   Thumb Code    16  nrf_memobj.o(i.nrf_memobj_read)
    nrf_memobj_write                         0x0002b2bf   Thumb Code    16  nrf_memobj.o(i.nrf_memobj_write)
    nrf_pwr_mgmt_init                        0x0002b2d1   Thumb Code    28  nrf_pwr_mgmt.o(i.nrf_pwr_mgmt_init)
    nrf_pwr_mgmt_run                         0x0002b2f9   Thumb Code    64  nrf_pwr_mgmt.o(i.nrf_pwr_mgmt_run)
    nrf_ringbuf_init                         0x0002b341   Thumb Code    28  nrf_ringbuf.o(i.nrf_ringbuf_init)
    nrf_sdh_ble_app_ram_start_get            0x0002b369   Thumb Code    16  nrf_sdh_ble.o(i.nrf_sdh_ble_app_ram_start_get)
    nrf_sdh_ble_default_cfg_set              0x0002b37d   Thumb Code   272  nrf_sdh_ble.o(i.nrf_sdh_ble_default_cfg_set)
    nrf_sdh_ble_enable                       0x0002b4ad   Thumb Code   116  nrf_sdh_ble.o(i.nrf_sdh_ble_enable)
    nrf_sdh_enable_request                   0x0002b63d   Thumb Code   102  nrf_sdh.o(i.nrf_sdh_enable_request)
    nrf_sdh_evts_poll                        0x0002b6b1   Thumb Code    32  nrf_sdh.o(i.nrf_sdh_evts_poll)
    nrf_sdh_is_enabled                       0x0002b6d5   Thumb Code     6  nrf_sdh.o(i.nrf_sdh_is_enabled)
    nrf_section_iter_init                    0x0002b71d   Thumb Code    10  nrf_section_iter.o(i.nrf_section_iter_init)
    nrf_section_iter_next                    0x0002b74b   Thumb Code    32  nrf_section_iter.o(i.nrf_section_iter_next)
    nrf_sortlist_add                         0x0002b76b   Thumb Code    34  nrf_sortlist.o(i.nrf_sortlist_add)
    nrf_sortlist_peek                        0x0002b78d   Thumb Code     6  nrf_sortlist.o(i.nrf_sortlist_peek)
    nrf_sortlist_pop                         0x0002b793   Thumb Code    14  nrf_sortlist.o(i.nrf_sortlist_pop)
    nrf_sortlist_remove                      0x0002b7a1   Thumb Code    30  nrf_sortlist.o(i.nrf_sortlist_remove)
    nrf_strerror_find                        0x0002b7c1   Thumb Code    52  nrf_strerror.o(i.nrf_strerror_find)
    nrf_strerror_get                         0x0002b7f9   Thumb Code    14  nrf_strerror.o(i.nrf_strerror_get)
    nrfx_clock_enable                        0x0002b855   Thumb Code    34  nrfx_clock.o(i.nrfx_clock_enable)
    nrfx_clock_init                          0x0002b881   Thumb Code    26  nrfx_clock.o(i.nrfx_clock_init)
    nrfx_clock_lfclk_stop                    0x0002b8a1   Thumb Code    38  nrfx_clock.o(i.nrfx_clock_lfclk_stop)
    nrfx_gpiote_in_event_enable              0x0002b8e1   Thumb Code   144  nrfx_gpiote.o(i.nrfx_gpiote_in_event_enable)
    nrfx_gpiote_in_init                      0x0002b979   Thumb Code   196  nrfx_gpiote.o(i.nrfx_gpiote_in_init)
    nrfx_gpiote_in_is_set                    0x0002ba49   Thumb Code    14  nrfx_gpiote.o(i.nrfx_gpiote_in_is_set)
    nrfx_gpiote_init                         0x0002ba59   Thumb Code   108  nrfx_gpiote.o(i.nrfx_gpiote_init)
    nrfx_gpiote_is_init                      0x0002bad1   Thumb Code    14  nrfx_gpiote.o(i.nrfx_gpiote_is_init)
    nrfx_prs_acquire                         0x0002baf5   Thumb Code    58  nrfx_prs.o(i.nrfx_prs_acquire)
    nrfx_uart_0_irq_handler                  0x0002bb31   Thumb Code     8  nrfx_uart.o(i.nrfx_uart_0_irq_handler)
    nrfx_uart_init                           0x0002bb41   Thumb Code   200  nrfx_uart.o(i.nrfx_uart_init)
    nrfx_uart_rx                             0x0002bc15   Thumb Code   230  nrfx_uart.o(i.nrfx_uart_rx)
    nrfx_uart_tx                             0x0002bd01   Thumb Code   162  nrfx_uart.o(i.nrfx_uart_tx)
    nrfx_uart_tx_in_progress                 0x0002bda9   Thumb Code    26  nrfx_uart.o(i.nrfx_uart_tx_in_progress)
    nrfx_uarte_0_irq_handler                 0x0002bdc9   Thumb Code     8  nrfx_uarte.o(i.nrfx_uarte_0_irq_handler)
    nrfx_uarte_init                          0x0002bdd9   Thumb Code   100  nrfx_uarte.o(i.nrfx_uarte_init)
    nrfx_uarte_rx                            0x0002be45   Thumb Code   256  nrfx_uarte.o(i.nrfx_uarte_rx)
    nrfx_uarte_tx                            0x0002bf49   Thumb Code   166  nrfx_uarte.o(i.nrfx_uarte_tx)
    nrfx_uarte_tx_in_progress                0x0002bff5   Thumb Code    22  nrfx_uarte.o(i.nrfx_uarte_tx_in_progress)
    uart_event_handle                        0x0002cbb9   Thumb Code   112  main.o(i.uart_event_handle)
    nrf_log_backend_rtt_api                  0x0002d448   Data          12  nrf_log_backend_rtt.o(.constdata)
    m_ram_start                              0x0002d4ec   Data           4  nrf_sdh_ble.o(.constdata)
    __ctype_table                            0x0002d518   Data         129  ctype_o.o(.constdata)
    Region$$Table$$Base                      0x0002dd10   Number         0  anon$$obj.o(Region$$Table)
    Region$$Table$$Limit                     0x0002dd30   Number         0  anon$$obj.o(Region$$Table)
    log_const_data$$Base                     0x0002dd40   Number         0  nrf_ble_gatt.o(log_const_data)
    m_nrf_log_nrf_ble_gatt_logs_data_const   0x0002dd40   Data           8  nrf_ble_gatt.o(log_const_data)
    m_nrf_log_ble_nus_logs_data_const        0x0002dd48   Data           8  ble_nus.o(log_const_data)
    m_nrf_log_clock_logs_data_const          0x0002dd50   Data           8  nrf_drv_clock.o(log_const_data)
    m_nrf_log_CLOCK_logs_data_const          0x0002dd58   Data           8  nrfx_clock.o(log_const_data)
    m_nrf_log_GPIOTE_logs_data_const         0x0002dd60   Data           8  nrfx_gpiote.o(log_const_data)
    m_nrf_log_PRS_logs_data_const            0x0002dd68   Data           8  nrfx_prs.o(log_const_data)
    m_nrf_log_UART_logs_data_const           0x0002dd70   Data           8  nrfx_uart.o(log_const_data)
    m_nrf_log_UARTE_logs_data_const          0x0002dd78   Data           8  nrfx_uarte.o(log_const_data)
    m_nrf_log_app_button_logs_data_const     0x0002dd80   Data           8  app_button.o(log_const_data)
    m_nrf_log_app_timer_logs_data_const      0x0002dd88   Data           8  app_timer2.o(log_const_data)
    m_nrf_log_pwr_mgmt_logs_data_const       0x0002dd90   Data           8  nrf_pwr_mgmt.o(log_const_data)
    m_nrf_log_sortlist_logs_data_const       0x0002dd98   Data           8  nrf_sortlist.o(log_const_data)
    m_nrf_log_app_logs_data_const            0x0002dda0   Data           8  nrf_log_frontend.o(log_const_data)
    m_nrf_log_nrf_sdh_logs_data_const        0x0002dda8   Data           8  nrf_sdh.o(log_const_data)
    m_nrf_log_nrf_sdh_ble_logs_data_const    0x0002ddb0   Data           8  nrf_sdh_ble.o(log_const_data)
    m_nrf_log_nrf_sdh_soc_logs_data_const    0x0002ddb8   Data           8  nrf_sdh_soc.o(log_const_data)
    log_const_data$$Limit                    0x0002ddc0   Number         0  nrf_sdh_soc.o(log_const_data)
    log_mempool                              0x0002ddc0   Data          20  nrf_log_frontend.o(nrf_balloc)
    sdh_ble_observers0$$Base                 0x0002ddd4   Number         0  ble_conn_state.o(sdh_ble_observers0)
    sdh_ble_observers0$$Limit                0x0002dddc   Number         0  ble_conn_state.o(sdh_ble_observers0)
    sdh_ble_observers1$$Base                 0x0002dddc   Number         0  main.o(sdh_ble_observers1)
    sdh_ble_observers1$$Limit                0x0002ddfc   Number         0  ble_conn_params.o(sdh_ble_observers1)
    sdh_ble_observers2$$Base                 0x0002ddfc   Number         0  main.o(sdh_ble_observers2)
    sdh_ble_observers2$$Limit                0x0002de0c   Number         0  main.o(sdh_ble_observers2)
    sdh_ble_observers3$$Base                 0x0002de0c   Number         0  main.o(sdh_ble_observers3)
    sdh_ble_observers3$$Limit                0x0002de14   Number         0  main.o(sdh_ble_observers3)
    sdh_soc_observers0$$Base                 0x0002de14   Number         0  nrf_drv_clock.o(sdh_soc_observers0)
    sdh_soc_observers0$$Limit                0x0002de1c   Number         0  nrf_drv_clock.o(sdh_soc_observers0)
    sdh_stack_observers0$$Base               0x0002de1c   Number         0  nrf_sdh_ble.o(sdh_stack_observers0)
    sdh_stack_observers0$$Limit              0x0002de2c   Number         0  nrf_sdh_soc.o(sdh_stack_observers0)
    sdh_state_observers0$$Base               0x0002de2c   Number         0  nrf_drv_clock.o(sdh_state_observers0)
    sdh_state_observers0$$Limit              0x0002de34   Number         0  nrf_drv_clock.o(sdh_state_observers0)
    Image$$RW_IRAM1$$Base                    0x20002ae8   Number         0  anon$$obj.o ABSOLUTE
    nrf_drv_uart_use_easy_dma                0x20002b3c   Data           2  nrf_drv_uart.o(.data)
    __stdout                                 0x20002bcc   Data           4  retarget.o(.data)
    SystemCoreClock                          0x20002c34   Data           4  system_nrf52840.o(.data)
    nrf_nvic_state                           0x20003658   Data          12  app_util_platform.o(.bss)
    _SEGGER_RTT                              0x20003c28   Data         120  segger_rtt.o(.bss)
    __initial_sp                             0x20005eb0   Data           0  arm_startup_nrf52840.o(STACK)



==============================================================================

Memory Map of the image

  Image Entry point : 0x00027201

  Load Region LR_IROM1 (Base: 0x00027000, Size: 0x00006f84, Max: 0x000d9000, ABSOLUTE, COMPRESSED[0x00006e90])

    Execution Region ER_IROM1 (Exec base: 0x00027000, Load base: 0x00027000, Size: 0x00006e34, Max: 0x000d9000, ABSOLUTE)

    Exec Addr    Load Addr    Size         Type   Attr      Idx    E Section Name        Object

    0x00027000   0x00027000   0x00000200   Data   RO         5145    RESET               arm_startup_nrf52840.o
    0x00027200   0x00027200   0x00000000   Code   RO         5201  * .ARM.Collect$$$$00000000  mc_w.l(entry.o)
    0x00027200   0x00027200   0x00000004   Code   RO         5508    .ARM.Collect$$$$00000001  mc_w.l(entry2.o)
    0x00027204   0x00027204   0x00000004   Code   RO         5511    .ARM.Collect$$$$00000004  mc_w.l(entry5.o)
    0x00027208   0x00027208   0x00000000   Code   RO         5513    .ARM.Collect$$$$00000008  mc_w.l(entry7b.o)
    0x00027208   0x00027208   0x00000000   Code   RO         5515    .ARM.Collect$$$$0000000A  mc_w.l(entry8b.o)
    0x00027208   0x00027208   0x00000008   Code   RO         5516    .ARM.Collect$$$$0000000B  mc_w.l(entry9a.o)
    0x00027210   0x00027210   0x00000000   Code   RO         5518    .ARM.Collect$$$$0000000D  mc_w.l(entry10a.o)
    0x00027210   0x00027210   0x00000000   Code   RO         5520    .ARM.Collect$$$$0000000F  mc_w.l(entry11a.o)
    0x00027210   0x00027210   0x00000004   Code   RO         5509    .ARM.Collect$$$$00002712  mc_w.l(entry2.o)
    0x00027214   0x00027214   0x000000c8   Code   RO         3536    .emb_text           nrf_atfifo.o
    0x000272dc   0x000272dc   0x000000e2   Code   RO         3672    .emb_text           nrf_atomic.o
    0x000273be   0x000273be   0x00000002   PAD
    0x000273c0   0x000273c0   0x00000024   Code   RO         5146    .text               arm_startup_nrf52840.o
    0x000273e4   0x000273e4   0x00000062   Code   RO         5204    .text               mc_w.l(uldiv.o)
    0x00027446   0x00027446   0x0000001e   Code   RO         5206    .text               mc_w.l(llshl.o)
    0x00027464   0x00027464   0x00000008   Code   RO         5208    .text               mc_w.l(ctype_o.o)
    0x0002746c   0x0002746c   0x00000024   Code   RO         5236    .text               mc_w.l(memcpya.o)
    0x00027490   0x00027490   0x00000024   Code   RO         5238    .text               mc_w.l(memseta.o)
    0x000274b4   0x000274b4   0x0000000e   Code   RO         5240    .text               mc_w.l(strlen.o)
    0x000274c2   0x000274c2   0x00000012   Code   RO         5244    .text               mc_w.l(strcpy.o)
    0x000274d4   0x000274d4   0x00000020   Code   RO         5524    .text               mc_w.l(llushr.o)
    0x000274f4   0x000274f4   0x00000024   Code   RO         5537    .text               mc_w.l(init.o)
    0x00027518   0x00027518   0x00000056   Code   RO         5551    .text               mc_w.l(__dczerorl2.o)
    0x0002756e   0x0002756e   0x00000002   PAD
    0x00027570   0x00027570   0x000000a4   Code   RO         1962    i.GPIOTE_IRQHandler  nrfx_gpiote.o
    0x00027614   0x00027614   0x00000058   Code   RO         1823    i.POWER_CLOCK_IRQHandler  nrfx_clock.o
    0x0002766c   0x0002766c   0x00000010   Code   RO         3322    i.RTC1_IRQHandler   drv_rtc.o
    0x0002767c   0x0002767c   0x00000004   Code   RO         4685    i.SEGGER_RTT_Init   segger_rtt.o
    0x00027680   0x00027680   0x0000005c   Code   RO         4699    i.SEGGER_RTT_WriteNoLock  segger_rtt.o
    0x000276dc   0x000276dc   0x00000004   Code   RO         4936    i.SWI2_EGU2_IRQHandler  nrf_sdh.o
    0x000276e0   0x000276e0   0x000001d4   Code   RO         5154    i.SystemInit        system_nrf52840.o
    0x000278b4   0x000278b4   0x0000000c   Code   RO         2287    i.UARTE0_UART0_IRQHandler  nrfx_prs.o
    0x000278c0   0x000278c0   0x00000068   Code   RO         4703    i._DoInit           segger_rtt.o
    0x00027928   0x00027928   0x00000016   Code   RO         4704    i._GetAvailWriteSpace  segger_rtt.o
    0x0002793e   0x0002793e   0x0000005a   Code   RO         4706    i._WriteBlocking    segger_rtt.o
    0x00027998   0x00027998   0x00000042   Code   RO         4707    i._WriteNoCheck     segger_rtt.o
    0x000279da   0x000279da   0x00000002   PAD
    0x000279dc   0x000279dc   0x00000010   Code   RO         5249    i.__0printf$bare    mc_w.l(printfb.o)
    0x000279ec   0x000279ec   0x0000000e   Code   RO         5545    i.__scatterload_copy  mc_w.l(handlers.o)
    0x000279fa   0x000279fa   0x00000002   Code   RO         5546    i.__scatterload_null  mc_w.l(handlers.o)
    0x000279fc   0x000279fc   0x0000000e   Code   RO         5547    i.__scatterload_zeroinit  mc_w.l(handlers.o)
    0x00027a0a   0x00027a0a   0x00000002   PAD
    0x00027a0c   0x00027a0c   0x00000024   Code   RO         4937    i.__sd_nvic_app_accessible_irq  nrf_sdh.o
    0x00027a30   0x00027a30   0x00000022   Code   RO         5256    i._printf_core      mc_w.l(printfb.o)
    0x00027a52   0x00027a52   0x00000010   Code   RO          849    i.adv_set_data_size_max_get  ble_advertising.o
    0x00027a62   0x00027a62   0x00000036   Code   RO          639    i.advertising_buttons_configure  bsp_btn_ble.o
    0x00027a98   0x00027a98   0x00000006   Code   RO          522    i.alert_timer_handler  bsp.o
    0x00027a9e   0x00027a9e   0x00000002   PAD
    0x00027aa0   0x00027aa0   0x00000024   Code   RO         2710    i.app_button_enable  app_button.o
    0x00027ac4   0x00027ac4   0x00000080   Code   RO         2711    i.app_button_init   app_button.o
    0x00027b44   0x00027b44   0x00000084   Code   RO         2868    i.app_error_fault_handler  app_error_weak.o
    0x00027bc8   0x00027bc8   0x00000016   Code   RO         2808    i.app_error_handler_bare  app_error.o
    0x00027bde   0x00027bde   0x00000016   Code   RO         2912    i.app_fifo_get      app_fifo.o
    0x00027bf4   0x00027bf4   0x00000020   Code   RO         2913    i.app_fifo_init     app_fifo.o
    0x00027c14   0x00027c14   0x0000001a   Code   RO         2915    i.app_fifo_put      app_fifo.o
    0x00027c2e   0x00027c2e   0x00000002   PAD
    0x00027c30   0x00027c30   0x0000000c   Code   RO         3036    i.app_timer_cnt_get  app_timer2.o
    0x00027c3c   0x00027c3c   0x00000016   Code   RO         3037    i.app_timer_create  app_timer2.o
    0x00027c52   0x00027c52   0x00000002   PAD
    0x00027c54   0x00027c54   0x0000005c   Code   RO         3038    i.app_timer_init    app_timer2.o
    0x00027cb0   0x00027cb0   0x00000030   Code   RO         3041    i.app_timer_start   app_timer2.o
    0x00027ce0   0x00027ce0   0x0000000c   Code   RO         3042    i.app_timer_stop    app_timer2.o
    0x00027cec   0x00027cec   0x00000034   Code   RO         3179    i.app_uart_get      app_uart_fifo.o
    0x00027d20   0x00027d20   0x000000a4   Code   RO         3180    i.app_uart_init     app_uart_fifo.o
    0x00027dc4   0x00027dc4   0x00000054   Code   RO         3181    i.app_uart_put      app_uart_fifo.o
    0x00027e18   0x00027e18   0x00000048   Code   RO         3254    i.app_util_critical_region_enter  app_util_platform.o
    0x00027e60   0x00027e60   0x00000034   Code   RO         3255    i.app_util_critical_region_exit  app_util_platform.o
    0x00027e94   0x00027e94   0x00000076   Code   RO         2341    i.apply_config      nrfx_uart.o
    0x00027f0a   0x00027f0a   0x00000076   Code   RO         2539    i.apply_config      nrfx_uarte.o
    0x00027f80   0x00027f80   0x00000048   Code   RO         1191    i.blcm_link_ctx_get  ble_link_ctx_manager.o
    0x00027fc8   0x00027fc8   0x00000182   Code   RO          743    i.ble_advdata_encode  ble_advdata.o
    0x0002814a   0x0002814a   0x00000020   Code   RO          745    i.ble_advdata_parse  ble_advdata.o
    0x0002816a   0x0002816a   0x00000046   Code   RO          746    i.ble_advdata_search  ble_advdata.o
    0x000281b0   0x000281b0   0x00000006   Code   RO          851    i.ble_advertising_conn_cfg_tag_set  ble_advertising.o
    0x000281b6   0x000281b6   0x000000e8   Code   RO          852    i.ble_advertising_init  ble_advertising.o
    0x0002829e   0x0002829e   0x0000006a   Code   RO          854    i.ble_advertising_on_ble_evt  ble_advertising.o
    0x00028308   0x00028308   0x0000003a   Code   RO          856    i.ble_advertising_restart_without_whitelist  ble_advertising.o
    0x00028342   0x00028342   0x00000230   Code   RO          857    i.ble_advertising_start  ble_advertising.o
    0x00028572   0x00028572   0x00000002   PAD
    0x00028574   0x00028574   0x00000068   Code   RO          948    i.ble_conn_params_init  ble_conn_params.o
    0x000285dc   0x000285dc   0x00000012   Code   RO         1023    i.ble_conn_state_conn_idx  ble_conn_state.o
    0x000285ee   0x000285ee   0x00000002   PAD
    0x000285f0   0x000285f0   0x00000014   Code   RO         1037    i.ble_conn_state_valid  ble_conn_state.o
    0x00028604   0x00028604   0x00000060   Code   RO          749    i.ble_device_addr_encode  ble_advdata.o
    0x00028664   0x00028664   0x000000dc   Code   RO            5    i.ble_evt_handler   main.o
    0x00028740   0x00028740   0x00000070   Code   RO          640    i.ble_evt_handler   bsp_btn_ble.o
    0x000287b0   0x000287b0   0x000000fc   Code   RO          950    i.ble_evt_handler   ble_conn_params.o
    0x000288ac   0x000288ac   0x00000118   Code   RO         1038    i.ble_evt_handler   ble_conn_state.o
    0x000289c4   0x000289c4   0x00000066   Code   RO         1420    i.ble_nus_data_send  ble_nus.o
    0x00028a2a   0x00028a2a   0x00000002   PAD
    0x00028a2c   0x00028a2c   0x000000d4   Code   RO         1421    i.ble_nus_init      ble_nus.o
    0x00028b00   0x00028b00   0x00000076   Code   RO         1422    i.ble_nus_on_ble_evt  ble_nus.o
    0x00028b76   0x00028b76   0x00000008   Code   RO         1217    i.ble_srv_is_notification_enabled  ble_srv_common.o
    0x00028b7e   0x00028b7e   0x00000002   PAD
    0x00028b80   0x00028b80   0x0000000c   Code   RO          404    i.bsp_board_button_idx_to_pin  boards.o
    0x00028b8c   0x00028b8c   0x00000028   Code   RO          405    i.bsp_board_button_state_get  boards.o
    0x00028bb4   0x00028bb4   0x00000054   Code   RO          406    i.bsp_board_init    boards.o
    0x00028c08   0x00028c08   0x0000002c   Code   RO          408    i.bsp_board_led_invert  boards.o
    0x00028c34   0x00028c34   0x00000010   Code   RO          409    i.bsp_board_led_off  boards.o
    0x00028c44   0x00028c44   0x00000010   Code   RO          410    i.bsp_board_led_on  boards.o
    0x00028c54   0x00028c54   0x00000028   Code   RO          411    i.bsp_board_led_state_get  boards.o
    0x00028c7c   0x00028c7c   0x00000012   Code   RO          412    i.bsp_board_leds_off  boards.o
    0x00028c8e   0x00028c8e   0x00000012   Code   RO          413    i.bsp_board_leds_on  boards.o
    0x00028ca0   0x00028ca0   0x00000024   Code   RO          414    i.bsp_board_pin_to_button_idx  boards.o
    0x00028cc4   0x00028cc4   0x00000038   Code   RO          641    i.bsp_btn_ble_init  bsp_btn_ble.o
    0x00028cfc   0x00028cfc   0x0000001e   Code   RO          642    i.bsp_btn_ble_sleep_mode_prepare  bsp_btn_ble.o
    0x00028d1a   0x00028d1a   0x00000002   PAD
    0x00028d1c   0x00028d1c   0x00000090   Code   RO          523    i.bsp_button_event_handler  bsp.o
    0x00028dac   0x00028dac   0x0000000c   Code   RO          524    i.bsp_button_is_pressed  bsp.o
    0x00028db8   0x00028db8   0x0000004c   Code   RO            6    i.bsp_event_handler  main.o
    0x00028e04   0x00028e04   0x00000044   Code   RO          527    i.bsp_event_to_button_action_assign  bsp.o
    0x00028e48   0x00028e48   0x00000018   Code   RO          528    i.bsp_indication_set  bsp.o
    0x00028e60   0x00028e60   0x00000094   Code   RO          529    i.bsp_init          bsp.o
    0x00028ef4   0x00028ef4   0x000001c8   Code   RO          530    i.bsp_led_indication  bsp.o
    0x000290bc   0x000290bc   0x00000006   Code   RO          532    i.bsp_wakeup_button_enable  bsp.o
    0x000290c2   0x000290c2   0x00000002   PAD
    0x000290c4   0x000290c4   0x00000094   Code   RO         4439    i.buf_prealloc      nrf_log_frontend.o
    0x00029158   0x00029158   0x0000002e   Code   RO         3884    i.buffer_add        nrf_fprintf_format.o
    0x00029186   0x00029186   0x00000002   PAD
    0x00029188   0x00029188   0x00000018   Code   RO         4440    i.buffer_is_empty   nrf_log_frontend.o
    0x000291a0   0x000291a0   0x00000028   Code   RO         2713    i.button_get        app_button.o
    0x000291c8   0x000291c8   0x00000008   Code   RO          533    i.button_timer_handler  bsp.o
    0x000291d0   0x000291d0   0x0000001c   Code   RO         1963    i.channel_free      nrfx_gpiote.o
    0x000291ec   0x000291ec   0x00000048   Code   RO         1964    i.channel_port_alloc  nrfx_gpiote.o
    0x00029234   0x00029234   0x00000010   Code   RO         1965    i.channel_port_get  nrfx_gpiote.o
    0x00029244   0x00029244   0x00000190   Code   RO         1219    i.characteristic_add  ble_srv_common.o
    0x000293d4   0x000293d4   0x00000028   Code   RO         1478    i.clock_clk_started_notify  nrf_drv_clock.o
    0x000293fc   0x000293fc   0x0000001c   Code   RO         1479    i.clock_irq_handler  nrf_drv_clock.o
    0x00029418   0x00029418   0x00000018   Code   RO         3044    i.compare_func      app_timer2.o
    0x00029430   0x00029430   0x0000003e   Code   RO         1039    i.conn_handle_list_get  ble_conn_state.o
    0x0002946e   0x0002946e   0x00000088   Code   RO          750    i.conn_int_encode   ble_advdata.o
    0x000294f6   0x000294f6   0x00000004   Code   RO            7    i.conn_params_error_handler  main.o
    0x000294fa   0x000294fa   0x00000002   PAD
    0x000294fc   0x000294fc   0x00000048   Code   RO          951    i.conn_params_negotiation  ble_conn_params.o
    0x00029544   0x00029544   0x000000c0   Code   RO         1277    i.data_length_update  nrf_ble_gatt.o
    0x00029604   0x00029604   0x00000048   Code   RO         2714    i.detection_delay_timeout_handler  app_button.o
    0x0002964c   0x0002964c   0x00000014   Code   RO         4441    i.dropped_sat16_get  nrf_log_frontend.o
    0x00029660   0x00029660   0x00000014   Code   RO         3323    i.drv_rtc_compare_disable  drv_rtc.o
    0x00029674   0x00029674   0x0000000e   Code   RO         3326    i.drv_rtc_compare_pending  drv_rtc.o
    0x00029682   0x00029682   0x00000050   Code   RO         3327    i.drv_rtc_compare_set  drv_rtc.o
    0x000296d2   0x000296d2   0x00000008   Code   RO         3328    i.drv_rtc_counter_get  drv_rtc.o
    0x000296da   0x000296da   0x00000002   PAD
    0x000296dc   0x000296dc   0x000000d8   Code   RO         3329    i.drv_rtc_init      drv_rtc.o
    0x000297b4   0x000297b4   0x0000001e   Code   RO         3330    i.drv_rtc_irq_trigger  drv_rtc.o
    0x000297d2   0x000297d2   0x00000008   Code   RO         3332    i.drv_rtc_overflow_enable  drv_rtc.o
    0x000297da   0x000297da   0x00000008   Code   RO         3333    i.drv_rtc_overflow_pending  drv_rtc.o
    0x000297e2   0x000297e2   0x00000008   Code   RO         3334    i.drv_rtc_start     drv_rtc.o
    0x000297ea   0x000297ea   0x00000008   Code   RO         3335    i.drv_rtc_stop      drv_rtc.o
    0x000297f2   0x000297f2   0x000000de   Code   RO         3340    i.drv_rtc_windowed_compare_set  drv_rtc.o
    0x000298d0   0x000298d0   0x00000012   Code   RO         3341    i.evt_enable        drv_rtc.o
    0x000298e2   0x000298e2   0x00000002   PAD
    0x000298e4   0x000298e4   0x000000e0   Code   RO         2715    i.evt_handle        app_button.o
    0x000299c4   0x000299c4   0x00000014   Code   RO         3342    i.evt_pending       drv_rtc.o
    0x000299d8   0x000299d8   0x00000014   Code   RO         2918    i.fifo_get          app_fifo.o
    0x000299ec   0x000299ec   0x00000012   Code   RO         2919    i.fifo_put          app_fifo.o
    0x000299fe   0x000299fe   0x0000000a   Code   RO         1040    i.flag_toggle       ble_conn_state.o
    0x00029a08   0x00029a08   0x00000028   Code   RO          859    i.flags_set         ble_advertising.o
    0x00029a30   0x00029a30   0x0000000e   Code   RO         4263    i.fputc             retarget.o
    0x00029a3e   0x00029a3e   0x00000002   PAD
    0x00029a40   0x00029a40   0x0000005c   Code   RO            8    i.gatt_evt_handler  main.o
    0x00029a9c   0x00029a9c   0x00000030   Code   RO            9    i.gatt_init         main.o
    0x00029acc   0x00029acc   0x00000034   Code   RO         3045    i.get_now           app_timer2.o
    0x00029b00   0x00029b00   0x0000003c   Code   RO         2716    i.gpiote_event_handler  app_button.o
    0x00029b3c   0x00029b3c   0x00000014   Code   RO          952    i.instance_get      ble_conn_params.o
    0x00029b50   0x00029b50   0x000000a6   Code   RO         3885    i.int_print         nrf_fprintf_format.o
    0x00029bf6   0x00029bf6   0x00000002   PAD
    0x00029bf8   0x00029bf8   0x00000088   Code   RO         2540    i.interrupts_enable  nrfx_uarte.o
    0x00029c80   0x00029c80   0x00000034   Code   RO         4442    i.invalid_packets_omit  nrf_log_frontend.o
    0x00029cb4   0x00029cb4   0x00000044   Code   RO          953    i.is_conn_params_ok  ble_conn_params.o
    0x00029cf8   0x00029cf8   0x00000030   Code   RO          534    i.leds_off          bsp.o
    0x00029d28   0x00029d28   0x00000014   Code   RO          535    i.leds_timer_handler  bsp.o
    0x00029d3c   0x00029d3c   0x00000018   Code   RO         1278    i.link_init         nrf_ble_gatt.o
    0x00029d54   0x00029d54   0x000000a4   Code   RO         4443    i.log_skip          nrf_log_frontend.o
    0x00029df8   0x00029df8   0x0000024c   Code   RO           10    i.main              main.o
    0x0002a044   0x0002a044   0x00000064   Code   RO          751    i.manuf_specific_data_encode  ble_advdata.o
    0x0002a0a8   0x0002a0a8   0x0000007e   Code   RO         3924    i.memobj_op         nrf_memobj.o
    0x0002a126   0x0002a126   0x00000002   PAD
    0x0002a128   0x0002a128   0x00000030   Code   RO         4444    i.module_idx_get    nrf_log_frontend.o
    0x0002a158   0x0002a158   0x000000a6   Code   RO          752    i.name_encode       ble_advdata.o
    0x0002a1fe   0x0002a1fe   0x00000026   Code   RO         3540    i.nrf_atfifo_init   nrf_atfifo.o
    0x0002a224   0x0002a224   0x00000016   Code   RO         3541    i.nrf_atfifo_item_alloc  nrf_atfifo.o
    0x0002a23a   0x0002a23a   0x00000016   Code   RO         3542    i.nrf_atfifo_item_free  nrf_atfifo.o
    0x0002a250   0x0002a250   0x00000016   Code   RO         3543    i.nrf_atfifo_item_get  nrf_atfifo.o
    0x0002a266   0x0002a266   0x00000016   Code   RO         3544    i.nrf_atfifo_item_put  nrf_atfifo.o
    0x0002a27c   0x0002a27c   0x00000016   Code   RO         3606    i.nrf_atflags_clear  nrf_atflags.o
    0x0002a292   0x0002a292   0x00000016   Code   RO         3611    i.nrf_atflags_get   nrf_atflags.o
    0x0002a2a8   0x0002a2a8   0x00000014   Code   RO         3613    i.nrf_atflags_set   nrf_atflags.o
    0x0002a2bc   0x0002a2bc   0x00000006   Code   RO         3674    i.nrf_atomic_flag_clear_fetch  nrf_atomic.o
    0x0002a2c2   0x0002a2c2   0x00000006   Code   RO         3675    i.nrf_atomic_flag_set  nrf_atomic.o
    0x0002a2c8   0x0002a2c8   0x0000000c   Code   RO         3677    i.nrf_atomic_u32_add  nrf_atomic.o
    0x0002a2d4   0x0002a2d4   0x0000000c   Code   RO         3678    i.nrf_atomic_u32_and  nrf_atomic.o
    0x0002a2e0   0x0002a2e0   0x0000000a   Code   RO         3681    i.nrf_atomic_u32_fetch_and  nrf_atomic.o
    0x0002a2ea   0x0002a2ea   0x0000000a   Code   RO         3683    i.nrf_atomic_u32_fetch_store  nrf_atomic.o
    0x0002a2f4   0x0002a2f4   0x0000000c   Code   RO         3687    i.nrf_atomic_u32_or  nrf_atomic.o
    0x0002a300   0x0002a300   0x0000000c   Code   RO         3689    i.nrf_atomic_u32_sub  nrf_atomic.o
    0x0002a30c   0x0002a30c   0x00000044   Code   RO         3808    i.nrf_balloc_alloc  nrf_balloc.o
    0x0002a350   0x0002a350   0x00000030   Code   RO         3809    i.nrf_balloc_free   nrf_balloc.o
    0x0002a380   0x0002a380   0x00000030   Code   RO         3810    i.nrf_balloc_init   nrf_balloc.o
    0x0002a3b0   0x0002a3b0   0x00000010   Code   RO         1966    i.nrf_bitmask_bit_is_set  nrfx_gpiote.o
    0x0002a3c0   0x0002a3c0   0x00000018   Code   RO         1280    i.nrf_ble_gatt_att_mtu_periph_set  nrf_ble_gatt.o
    0x0002a3d8   0x0002a3d8   0x00000022   Code   RO         1284    i.nrf_ble_gatt_init  nrf_ble_gatt.o
    0x0002a3fa   0x0002a3fa   0x00000002   PAD
    0x0002a3fc   0x0002a3fc   0x00000150   Code   RO         1285    i.nrf_ble_gatt_on_ble_evt  nrf_ble_gatt.o
    0x0002a54c   0x0002a54c   0x00000016   Code   RO         1379    i.nrf_ble_qwr_conn_handle_assign  nrf_ble_qwr.o
    0x0002a562   0x0002a562   0x00000024   Code   RO         1380    i.nrf_ble_qwr_init  nrf_ble_qwr.o
    0x0002a586   0x0002a586   0x000000b6   Code   RO         1381    i.nrf_ble_qwr_on_ble_evt  nrf_ble_qwr.o
    0x0002a63c   0x0002a63c   0x0000000e   Code   RO         1824    i.nrf_clock_event_check  nrfx_clock.o
    0x0002a64a   0x0002a64a   0x00000010   Code   RO         1825    i.nrf_clock_event_clear  nrfx_clock.o
    0x0002a65a   0x0002a65a   0x00000002   PAD
    0x0002a65c   0x0002a65c   0x00000040   Code   RO         1486    i.nrf_drv_clock_init  nrf_drv_clock.o
    0x0002a69c   0x0002a69c   0x00000034   Code   RO         1490    i.nrf_drv_clock_lfclk_release  nrf_drv_clock.o
    0x0002a6d0   0x0002a6d0   0x00000068   Code   RO         1632    i.nrf_drv_uart_init  nrf_drv_uart.o
    0x0002a738   0x0002a738   0x00000020   Code   RO         3182    i.nrf_drv_uart_rx   app_uart_fifo.o
    0x0002a758   0x0002a758   0x00000020   Code   RO         3183    i.nrf_drv_uart_tx   app_uart_fifo.o
    0x0002a778   0x0002a778   0x0000001a   Code   RO         3845    i.nrf_fprintf       nrf_fprintf.o
    0x0002a792   0x0002a792   0x00000018   Code   RO         3846    i.nrf_fprintf_buffer_flush  nrf_fprintf.o
    0x0002a7aa   0x0002a7aa   0x000001da   Code   RO         3886    i.nrf_fprintf_fmt   nrf_fprintf_format.o
    0x0002a984   0x0002a984   0x00000032   Code   RO          416    i.nrf_gpio_cfg      boards.o
    0x0002a9b6   0x0002a9b6   0x00000032   Code   RO         1967    i.nrf_gpio_cfg      nrfx_gpiote.o
    0x0002a9e8   0x0002a9e8   0x00000032   Code   RO         2342    i.nrf_gpio_cfg      nrfx_uart.o
    0x0002aa1a   0x0002aa1a   0x00000032   Code   RO         2541    i.nrf_gpio_cfg      nrfx_uarte.o
    0x0002aa4c   0x0002aa4c   0x00000012   Code   RO         2344    i.nrf_gpio_cfg_input  nrfx_uart.o
    0x0002aa5e   0x0002aa5e   0x00000012   Code   RO         2543    i.nrf_gpio_cfg_input  nrfx_uarte.o
    0x0002aa70   0x0002aa70   0x00000014   Code   RO         2345    i.nrf_gpio_cfg_output  nrfx_uart.o
    0x0002aa84   0x0002aa84   0x00000014   Code   RO         2544    i.nrf_gpio_cfg_output  nrfx_uarte.o
    0x0002aa98   0x0002aa98   0x00000030   Code   RO         1969    i.nrf_gpio_cfg_sense_set  nrfx_gpiote.o
    0x0002aac8   0x0002aac8   0x00000030   Code   RO         1970    i.nrf_gpio_latches_read_and_clear  nrfx_gpiote.o
    0x0002aaf8   0x0002aaf8   0x0000001c   Code   RO          417    i.nrf_gpio_pin_port_decode  boards.o
    0x0002ab14   0x0002ab14   0x0000001c   Code   RO         1972    i.nrf_gpio_pin_port_decode  nrfx_gpiote.o
    0x0002ab30   0x0002ab30   0x0000001c   Code   RO         2346    i.nrf_gpio_pin_port_decode  nrfx_uart.o
    0x0002ab4c   0x0002ab4c   0x0000001c   Code   RO         2545    i.nrf_gpio_pin_port_decode  nrfx_uarte.o
    0x0002ab68   0x0002ab68   0x0000002c   Code   RO         1973    i.nrf_gpio_pin_present_check  nrfx_gpiote.o
    0x0002ab94   0x0002ab94   0x00000016   Code   RO         1974    i.nrf_gpio_pin_read  nrfx_gpiote.o
    0x0002abaa   0x0002abaa   0x00000014   Code   RO         2347    i.nrf_gpio_pin_set  nrfx_uart.o
    0x0002abbe   0x0002abbe   0x00000014   Code   RO         2546    i.nrf_gpio_pin_set  nrfx_uarte.o
    0x0002abd2   0x0002abd2   0x00000026   Code   RO          418    i.nrf_gpio_pin_write  boards.o
    0x0002abf8   0x0002abf8   0x00000014   Code   RO         1976    i.nrf_gpiote_event_clear  nrfx_gpiote.o
    0x0002ac0c   0x0002ac0c   0x00000010   Code   RO         1977    i.nrf_gpiote_event_is_set  nrfx_gpiote.o
    0x0002ac1c   0x0002ac1c   0x0000005c   Code   RO         4445    i.nrf_log_backend_add  nrf_log_frontend.o
    0x0002ac78   0x0002ac78   0x00000002   Code   RO         4300    i.nrf_log_backend_rtt_flush  nrf_log_backend_rtt.o
    0x0002ac7a   0x0002ac7a   0x00000004   Code   RO         4301    i.nrf_log_backend_rtt_init  nrf_log_backend_rtt.o
    0x0002ac7e   0x0002ac7e   0x00000002   Code   RO         4302    i.nrf_log_backend_rtt_panic_set  nrf_log_backend_rtt.o
    0x0002ac80   0x0002ac80   0x00000018   Code   RO         4303    i.nrf_log_backend_rtt_put  nrf_log_backend_rtt.o
    0x0002ac98   0x0002ac98   0x000000c8   Code   RO         4369    i.nrf_log_backend_serial_put  nrf_log_backend_serial.o
    0x0002ad60   0x0002ad60   0x00000030   Code   RO         4447    i.nrf_log_color_id_get  nrf_log_frontend.o
    0x0002ad90   0x0002ad90   0x0000001c   Code   RO         4403    i.nrf_log_default_backends_init  nrf_log_default_backends.o
    0x0002adac   0x0002adac   0x00000238   Code   RO         4448    i.nrf_log_frontend_dequeue  nrf_log_frontend.o
    0x0002afe4   0x0002afe4   0x00000008   Code   RO         4450    i.nrf_log_frontend_std_0  nrf_log_frontend.o
    0x0002afec   0x0002afec   0x0000000e   Code   RO         4451    i.nrf_log_frontend_std_1  nrf_log_frontend.o
    0x0002affa   0x0002affa   0x00000010   Code   RO         4452    i.nrf_log_frontend_std_2  nrf_log_frontend.o
    0x0002b00a   0x0002b00a   0x00000002   PAD
    0x0002b00c   0x0002b00c   0x000000b0   Code   RO         4626    i.nrf_log_hexdump_entry_process  nrf_log_str_formatter.o
    0x0002b0bc   0x0002b0bc   0x00000028   Code   RO         4457    i.nrf_log_init      nrf_log_frontend.o
    0x0002b0e4   0x0002b0e4   0x00000014   Code   RO         4458    i.nrf_log_module_cnt_get  nrf_log_frontend.o
    0x0002b0f8   0x0002b0f8   0x0000001c   Code   RO         4461    i.nrf_log_module_name_get  nrf_log_frontend.o
    0x0002b114   0x0002b114   0x00000028   Code   RO         4462    i.nrf_log_panic     nrf_log_frontend.o
    0x0002b13c   0x0002b13c   0x000000b6   Code   RO         4627    i.nrf_log_std_entry_process  nrf_log_str_formatter.o
    0x0002b1f2   0x0002b1f2   0x00000060   Code   RO         3925    i.nrf_memobj_alloc  nrf_memobj.o
    0x0002b252   0x0002b252   0x00000032   Code   RO         3926    i.nrf_memobj_free   nrf_memobj.o
    0x0002b284   0x0002b284   0x00000008   Code   RO         3927    i.nrf_memobj_get    nrf_memobj.o
    0x0002b28c   0x0002b28c   0x00000004   Code   RO         3928    i.nrf_memobj_pool_init  nrf_memobj.o
    0x0002b290   0x0002b290   0x0000001e   Code   RO         3929    i.nrf_memobj_put    nrf_memobj.o
    0x0002b2ae   0x0002b2ae   0x00000010   Code   RO         3930    i.nrf_memobj_read   nrf_memobj.o
    0x0002b2be   0x0002b2be   0x00000010   Code   RO         3931    i.nrf_memobj_write  nrf_memobj.o
    0x0002b2ce   0x0002b2ce   0x00000002   PAD
    0x0002b2d0   0x0002b2d0   0x00000028   Code   RO         4003    i.nrf_pwr_mgmt_init  nrf_pwr_mgmt.o
    0x0002b2f8   0x0002b2f8   0x00000044   Code   RO         4004    i.nrf_pwr_mgmt_run  nrf_pwr_mgmt.o
    0x0002b33c   0x0002b33c   0x00000004   Code   RO           11    i.nrf_qwr_error_handler  main.o
    0x0002b340   0x0002b340   0x0000001c   Code   RO         4080    i.nrf_ringbuf_init  nrf_ringbuf.o
    0x0002b35c   0x0002b35c   0x0000000c   Code   RO         3343    i.nrf_rtc_event_clear  drv_rtc.o
    0x0002b368   0x0002b368   0x00000014   Code   RO         5057    i.nrf_sdh_ble_app_ram_start_get  nrf_sdh_ble.o
    0x0002b37c   0x0002b37c   0x00000130   Code   RO         5058    i.nrf_sdh_ble_default_cfg_set  nrf_sdh_ble.o
    0x0002b4ac   0x0002b4ac   0x00000130   Code   RO         5059    i.nrf_sdh_ble_enable  nrf_sdh_ble.o
    0x0002b5dc   0x0002b5dc   0x00000060   Code   RO         5060    i.nrf_sdh_ble_evts_poll  nrf_sdh_ble.o
    0x0002b63c   0x0002b63c   0x00000074   Code   RO         4939    i.nrf_sdh_enable_request  nrf_sdh.o
    0x0002b6b0   0x0002b6b0   0x00000024   Code   RO         4940    i.nrf_sdh_evts_poll  nrf_sdh.o
    0x0002b6d4   0x0002b6d4   0x0000000c   Code   RO         4941    i.nrf_sdh_is_enabled  nrf_sdh.o
    0x0002b6e0   0x0002b6e0   0x0000003c   Code   RO         5111    i.nrf_sdh_soc_evts_poll  nrf_sdh_soc.o
    0x0002b71c   0x0002b71c   0x0000000a   Code   RO         4138    i.nrf_section_iter_init  nrf_section_iter.o
    0x0002b726   0x0002b726   0x00000024   Code   RO         4139    i.nrf_section_iter_item_set  nrf_section_iter.o
    0x0002b74a   0x0002b74a   0x00000020   Code   RO         4140    i.nrf_section_iter_next  nrf_section_iter.o
    0x0002b76a   0x0002b76a   0x00000022   Code   RO         4173    i.nrf_sortlist_add  nrf_sortlist.o
    0x0002b78c   0x0002b78c   0x00000006   Code   RO         4175    i.nrf_sortlist_peek  nrf_sortlist.o
    0x0002b792   0x0002b792   0x0000000e   Code   RO         4176    i.nrf_sortlist_pop  nrf_sortlist.o
    0x0002b7a0   0x0002b7a0   0x0000001e   Code   RO         4177    i.nrf_sortlist_remove  nrf_sortlist.o
    0x0002b7be   0x0002b7be   0x00000002   PAD
    0x0002b7c0   0x0002b7c0   0x00000038   Code   RO         4229    i.nrf_strerror_find  nrf_strerror.o
    0x0002b7f8   0x0002b7f8   0x00000014   Code   RO         4230    i.nrf_strerror_get  nrf_strerror.o
    0x0002b80c   0x0002b80c   0x0000000a   Code   RO         2348    i.nrf_uart_event_check  nrfx_uart.o
    0x0002b816   0x0002b816   0x0000000c   Code   RO         2349    i.nrf_uart_event_clear  nrfx_uart.o
    0x0002b822   0x0002b822   0x0000000c   Code   RO         2350    i.nrf_uart_int_enable_check  nrfx_uart.o
    0x0002b82e   0x0002b82e   0x0000000a   Code   RO         2547    i.nrf_uarte_event_check  nrfx_uarte.o
    0x0002b838   0x0002b838   0x0000000c   Code   RO         2548    i.nrf_uarte_event_clear  nrfx_uarte.o
    0x0002b844   0x0002b844   0x00000010   Code   RO         1493    i.nrf_wdt_started   nrf_drv_clock.o
    0x0002b854   0x0002b854   0x0000002c   Code   RO         1830    i.nrfx_clock_enable  nrfx_clock.o
    0x0002b880   0x0002b880   0x00000020   Code   RO         1833    i.nrfx_clock_init   nrfx_clock.o
    0x0002b8a0   0x0002b8a0   0x00000030   Code   RO         1836    i.nrfx_clock_lfclk_stop  nrfx_clock.o
    0x0002b8d0   0x0002b8d0   0x00000010   Code   RO         3344    i.nrfx_coredep_delay_us  drv_rtc.o
    0x0002b8e0   0x0002b8e0   0x00000098   Code   RO         1983    i.nrfx_gpiote_in_event_enable  nrfx_gpiote.o
    0x0002b978   0x0002b978   0x000000d0   Code   RO         1985    i.nrfx_gpiote_in_init  nrfx_gpiote.o
    0x0002ba48   0x0002ba48   0x0000000e   Code   RO         1986    i.nrfx_gpiote_in_is_set  nrfx_gpiote.o
    0x0002ba56   0x0002ba56   0x00000002   PAD
    0x0002ba58   0x0002ba58   0x00000078   Code   RO         1988    i.nrfx_gpiote_init  nrfx_gpiote.o
    0x0002bad0   0x0002bad0   0x00000014   Code   RO         1989    i.nrfx_gpiote_is_init  nrfx_gpiote.o
    0x0002bae4   0x0002bae4   0x00000010   Code   RO         2549    i.nrfx_is_in_ram    nrfx_uarte.o
    0x0002baf4   0x0002baf4   0x0000003a   Code   RO         2288    i.nrfx_prs_acquire  nrfx_prs.o
    0x0002bb2e   0x0002bb2e   0x00000002   PAD
    0x0002bb30   0x0002bb30   0x00000010   Code   RO         2351    i.nrfx_uart_0_irq_handler  nrfx_uart.o
    0x0002bb40   0x0002bb40   0x000000d4   Code   RO         2353    i.nrfx_uart_init    nrfx_uart.o
    0x0002bc14   0x0002bc14   0x000000ec   Code   RO         2354    i.nrfx_uart_rx      nrfx_uart.o
    0x0002bd00   0x0002bd00   0x000000a8   Code   RO         2359    i.nrfx_uart_tx      nrfx_uart.o
    0x0002bda8   0x0002bda8   0x00000020   Code   RO         2361    i.nrfx_uart_tx_in_progress  nrfx_uart.o
    0x0002bdc8   0x0002bdc8   0x00000010   Code   RO         2550    i.nrfx_uarte_0_irq_handler  nrfx_uarte.o
    0x0002bdd8   0x0002bdd8   0x0000006c   Code   RO         2552    i.nrfx_uarte_init   nrfx_uarte.o
    0x0002be44   0x0002be44   0x00000104   Code   RO         2553    i.nrfx_uarte_rx     nrfx_uarte.o
    0x0002bf48   0x0002bf48   0x000000ac   Code   RO         2556    i.nrfx_uarte_tx     nrfx_uarte.o
    0x0002bff4   0x0002bff4   0x0000001c   Code   RO         2558    i.nrfx_uarte_tx_in_progress  nrfx_uarte.o
    0x0002c010   0x0002c010   0x00000098   Code   RO           12    i.nus_data_handler  main.o
    0x0002c0a8   0x0002c0a8   0x00000024   Code   RO           13    i.on_adv_evt        main.o
    0x0002c0cc   0x0002c0cc   0x0000001c   Code   RO           14    i.on_conn_params_evt  main.o
    0x0002c0e8   0x0002c0e8   0x0000006a   Code   RO         1423    i.on_connect        ble_nus.o
    0x0002c152   0x0002c152   0x00000002   PAD
    0x0002c154   0x0002c154   0x000000a8   Code   RO         1286    i.on_connected_evt  nrf_ble_gatt.o
    0x0002c1fc   0x0002c1fc   0x000000ac   Code   RO         1287    i.on_exchange_mtu_request_evt  nrf_ble_gatt.o
    0x0002c2a8   0x0002c2a8   0x00000084   Code   RO         1424    i.on_write          ble_nus.o
    0x0002c32c   0x0002c32c   0x00000016   Code   RO          860    i.phy_is_valid      ble_advertising.o
    0x0002c342   0x0002c342   0x00000002   PAD
    0x0002c344   0x0002c344   0x0000001c   Code   RO         2007    i.pin_configured_set  nrfx_gpiote.o
    0x0002c360   0x0002c360   0x00000018   Code   RO         2008    i.pin_in_use_by_port  nrfx_gpiote.o
    0x0002c378   0x0002c378   0x00000018   Code   RO         2009    i.pin_in_use_by_te  nrfx_gpiote.o
    0x0002c390   0x0002c390   0x000000d0   Code   RO         2010    i.port_event_handle  nrfx_gpiote.o
    0x0002c460   0x0002c460   0x00000010   Code   RO         2011    i.port_handler_polarity_get  nrfx_gpiote.o
    0x0002c470   0x0002c470   0x0000003c   Code   RO         4629    i.postfix_process   nrf_log_str_formatter.o
    0x0002c4ac   0x0002c4ac   0x00000098   Code   RO         4630    i.prefix_process    nrf_log_str_formatter.o
    0x0002c544   0x0002c544   0x00000018   Code   RO         2290    i.prs_box_get       nrfx_prs.o
    0x0002c55c   0x0002c55c   0x0000005c   Code   RO         3046    i.rtc_irq           app_timer2.o
    0x0002c5b8   0x0002c5b8   0x00000064   Code   RO         3047    i.rtc_schedule      app_timer2.o
    0x0002c61c   0x0002c61c   0x00000074   Code   RO         3048    i.rtc_update        app_timer2.o
    0x0002c690   0x0002c690   0x00000032   Code   RO         2363    i.rx_byte           nrfx_uart.o
    0x0002c6c2   0x0002c6c2   0x00000016   Code   RO         2364    i.rx_done_event     nrfx_uart.o
    0x0002c6d8   0x0002c6d8   0x00000016   Code   RO         2560    i.rx_done_event     nrfx_uarte.o
    0x0002c6ee   0x0002c6ee   0x00000020   Code   RO         2365    i.rx_enable         nrfx_uart.o
    0x0002c70e   0x0002c70e   0x00000002   PAD
    0x0002c710   0x0002c710   0x00000058   Code   RO         1494    i.sd_state_evt_handler  nrf_drv_clock.o
    0x0002c768   0x0002c768   0x00000030   Code   RO         4946    i.sdh_request_observer_notify  nrf_sdh.o
    0x0002c798   0x0002c798   0x0000002c   Code   RO         4947    i.sdh_state_observer_notify  nrf_sdh.o
    0x0002c7c4   0x0002c7c4   0x00000010   Code   RO          954    i.send_error_evt    ble_conn_params.o
    0x0002c7d4   0x0002c7d4   0x00000050   Code   RO         4304    i.serial_tx         nrf_log_backend_rtt.o
    0x0002c824   0x0002c824   0x00000088   Code   RO          753    i.service_data_encode  ble_advdata.o
    0x0002c8ac   0x0002c8ac   0x00000030   Code   RO         1221    i.set_security_req  ble_srv_common.o
    0x0002c8dc   0x0002c8dc   0x00000028   Code   RO           15    i.sleep_mode_enter  main.o
    0x0002c904   0x0002c904   0x00000018   Code   RO         1495    i.soc_evt_handler   nrf_drv_clock.o
    0x0002c91c   0x0002c91c   0x00000058   Code   RO         4949    i.softdevices_evt_irq_enable  nrf_sdh.o
    0x0002c974   0x0002c974   0x0000000c   Code   RO         3049    i.sortlist_pop      app_timer2.o
    0x0002c980   0x0002c980   0x00000030   Code   RO         2717    i.state_set         app_button.o
    0x0002c9b0   0x0002c9b0   0x00000094   Code   RO         4464    i.std_n             nrf_log_frontend.o
    0x0002ca44   0x0002ca44   0x00000058   Code   RO         3050    i.timer_expire      app_timer2.o
    0x0002ca9c   0x0002ca9c   0x00000078   Code   RO         3051    i.timer_req_process  app_timer2.o
    0x0002cb14   0x0002cb14   0x00000038   Code   RO         3052    i.timer_req_schedule  app_timer2.o
    0x0002cb4c   0x0002cb4c   0x00000018   Code   RO         2718    i.timer_start       app_button.o
    0x0002cb64   0x0002cb64   0x00000020   Code   RO         2366    i.tx_byte           nrfx_uart.o
    0x0002cb84   0x0002cb84   0x0000001a   Code   RO         2367    i.tx_done_event     nrfx_uart.o
    0x0002cb9e   0x0002cb9e   0x0000001a   Code   RO         2561    i.tx_done_event     nrfx_uarte.o
    0x0002cbb8   0x0002cbb8   0x00000078   Code   RO           16    i.uart_event_handle  main.o
    0x0002cc30   0x0002cc30   0x000000a4   Code   RO         3184    i.uart_event_handler  app_uart_fifo.o
    0x0002ccd4   0x0002ccd4   0x00000030   Code   RO         1633    i.uart_evt_handler  nrf_drv_uart.o
    0x0002cd04   0x0002cd04   0x0000012a   Code   RO         2368    i.uart_irq_handler  nrfx_uart.o
    0x0002ce2e   0x0002ce2e   0x00000002   PAD
    0x0002ce30   0x0002ce30   0x00000030   Code   RO         1634    i.uarte_evt_handler  nrf_drv_uart.o
    0x0002ce60   0x0002ce60   0x00000112   Code   RO         2562    i.uarte_irq_handler  nrfx_uarte.o
    0x0002cf72   0x0002cf72   0x0000000a   Code   RO          754    i.uint16_encode     ble_advdata.o
    0x0002cf7c   0x0002cf7c   0x000000b4   Code   RO         3887    i.unsigned_print    nrf_fprintf_format.o
    0x0002d030   0x0002d030   0x00000068   Code   RO          955    i.update_timeout_handler  ble_conn_params.o
    0x0002d098   0x0002d098   0x00000018   Code   RO          861    i.use_whitelist     ble_advertising.o
    0x0002d0b0   0x0002d0b0   0x00000024   Code   RO         1382    i.user_mem_reply    nrf_ble_qwr.o
    0x0002d0d4   0x0002d0d4   0x00000020   Code   RO         2719    i.usr_event         app_button.o
    0x0002d0f4   0x0002d0f4   0x00000030   Code   RO          755    i.uuid_list_encode  ble_advdata.o
    0x0002d124   0x0002d124   0x0000009e   Code   RO          756    i.uuid_list_sized_encode  ble_advdata.o
    0x0002d1c2   0x0002d1c2   0x00000002   PAD
    0x0002d1c4   0x0002d1c4   0x0000004c   Code   RO          536    i.wakeup_button_cfg  bsp.o
    0x0002d210   0x0002d210   0x00000018   Data   RO           18    .constdata          main.o
    0x0002d228   0x0002d228   0x00000008   Data   RO          419    .constdata          boards.o
    0x0002d230   0x0002d230   0x0000002c   Data   RO          541    .constdata          bsp.o
    0x0002d25c   0x0002d25c   0x00000016   Data   RO         1288    .constdata          nrf_ble_gatt.o
    0x0002d272   0x0002d272   0x00000002   PAD
    0x0002d274   0x0002d274   0x00000010   Data   RO         1425    .constdata          ble_nus.o
    0x0002d284   0x0002d284   0x00000008   Data   RO         2013    .constdata          nrfx_gpiote.o
    0x0002d28c   0x0002d28c   0x00000004   Data   RO         2371    .constdata          nrfx_uart.o
    0x0002d290   0x0002d290   0x00000004   Data   RO         2565    .constdata          nrfx_uarte.o
    0x0002d294   0x0002d294   0x00000008   Data   RO         2722    .constdata          app_button.o
    0x0002d29c   0x0002d29c   0x00000014   Data   RO         3055    .constdata          app_timer2.o
    0x0002d2b0   0x0002d2b0   0x00000020   Data   RO         3186    .constdata          app_uart_fifo.o
    0x0002d2d0   0x0002d2d0   0x00000006   Data   RO         3345    .constdata          drv_rtc.o
    0x0002d2d6   0x0002d2d6   0x00000010   Data   RO         3888    .constdata          nrf_fprintf_format.o
    0x0002d2e6   0x0002d2e6   0x00000002   PAD
    0x0002d2e8   0x0002d2e8   0x00000018   Data   RO         4008    .constdata          nrf_pwr_mgmt.o
    0x0002d300   0x0002d300   0x0000000c   Data   RO         4009    .constdata          nrf_pwr_mgmt.o
    0x0002d30c   0x0002d30c   0x0000013c   Data   RO         4231    .constdata          nrf_strerror.o
    0x0002d448   0x0002d448   0x0000000c   Data   RO         4306    .constdata          nrf_log_backend_rtt.o
    0x0002d454   0x0002d454   0x0000000c   PAD
    0x0002d460   0x0002d460   0x00000006   Data   RO         4307    .constdata          nrf_log_backend_rtt.o
    0x0002d466   0x0002d466   0x00000002   PAD
    0x0002d468   0x0002d468   0x0000000c   Data   RO         4469    .constdata          nrf_log_frontend.o
    0x0002d474   0x0002d474   0x00000010   Data   RO         4950    .constdata          nrf_sdh.o
    0x0002d484   0x0002d484   0x00000028   Data   RO         4951    .constdata          nrf_sdh.o
    0x0002d4ac   0x0002d4ac   0x00000010   Data   RO         4952    .constdata          nrf_sdh.o
    0x0002d4bc   0x0002d4bc   0x00000010   Data   RO         4953    .constdata          nrf_sdh.o
    0x0002d4cc   0x0002d4cc   0x00000020   Data   RO         5061    .constdata          nrf_sdh_ble.o
    0x0002d4ec   0x0002d4ec   0x00000010   Data   RO         5062    .constdata          nrf_sdh_ble.o
    0x0002d4fc   0x0002d4fc   0x00000010   Data   RO         5112    .constdata          nrf_sdh_soc.o
    0x0002d50c   0x0002d50c   0x0000000c   Data   RO         5113    .constdata          nrf_sdh_soc.o
    0x0002d518   0x0002d518   0x00000081   Data   RO         5209    .constdata          mc_w.l(ctype_o.o)
    0x0002d599   0x0002d599   0x00000003   PAD
    0x0002d59c   0x0002d59c   0x00000004   Data   RO         5210    .constdata          mc_w.l(ctype_o.o)
    0x0002d5a0   0x0002d5a0   0x000000a2   Data   RO         1289    .conststring        nrf_ble_gatt.o
    0x0002d642   0x0002d642   0x00000002   PAD
    0x0002d644   0x0002d644   0x000003eb   Data   RO         4232    .conststring        nrf_strerror.o
    0x0002da2f   0x0002da2f   0x00000001   PAD
    0x0002da30   0x0002da30   0x00000066   Data   RO         4631    .conststring        nrf_log_str_formatter.o
    0x0002da96   0x0002da96   0x00000002   PAD
    0x0002da98   0x0002da98   0x000001cf   Data   RO         5063    .conststring        nrf_sdh_ble.o
    0x0002dc67   0x0002dc67   0x00000001   PAD
    0x0002dc68   0x0002dc68   0x0000000d   Data   RO         1290    .conststrlit        nrf_ble_gatt.o
    0x0002dc75   0x0002dc75   0x00000003   PAD
    0x0002dc78   0x0002dc78   0x00000008   Data   RO         1426    .conststrlit        ble_nus.o
    0x0002dc80   0x0002dc80   0x00000006   Data   RO         1501    .conststrlit        nrf_drv_clock.o
    0x0002dc86   0x0002dc86   0x00000002   PAD
    0x0002dc88   0x0002dc88   0x00000006   Data   RO         1840    .conststrlit        nrfx_clock.o
    0x0002dc8e   0x0002dc8e   0x00000002   PAD
    0x0002dc90   0x0002dc90   0x00000007   Data   RO         2017    .conststrlit        nrfx_gpiote.o
    0x0002dc97   0x0002dc97   0x00000001   PAD
    0x0002dc98   0x0002dc98   0x00000004   Data   RO         2292    .conststrlit        nrfx_prs.o
    0x0002dc9c   0x0002dc9c   0x00000005   Data   RO         2374    .conststrlit        nrfx_uart.o
    0x0002dca1   0x0002dca1   0x00000003   PAD
    0x0002dca4   0x0002dca4   0x00000006   Data   RO         2568    .conststrlit        nrfx_uarte.o
    0x0002dcaa   0x0002dcaa   0x00000002   PAD
    0x0002dcac   0x0002dcac   0x0000000b   Data   RO         2723    .conststrlit        app_button.o
    0x0002dcb7   0x0002dcb7   0x00000001   PAD
    0x0002dcb8   0x0002dcb8   0x0000000a   Data   RO         3056    .conststrlit        app_timer2.o
    0x0002dcc2   0x0002dcc2   0x00000002   PAD
    0x0002dcc4   0x0002dcc4   0x00000009   Data   RO         4010    .conststrlit        nrf_pwr_mgmt.o
    0x0002dccd   0x0002dccd   0x00000003   PAD
    0x0002dcd0   0x0002dcd0   0x00000009   Data   RO         4178    .conststrlit        nrf_sortlist.o
    0x0002dcd9   0x0002dcd9   0x00000003   PAD
    0x0002dcdc   0x0002dcdc   0x00000010   Data   RO         4404    .conststrlit        nrf_log_default_backends.o
    0x0002dcec   0x0002dcec   0x00000004   Data   RO         4470    .conststrlit        nrf_log_frontend.o
    0x0002dcf0   0x0002dcf0   0x00000008   Data   RO         4954    .conststrlit        nrf_sdh.o
    0x0002dcf8   0x0002dcf8   0x0000000c   Data   RO         5064    .conststrlit        nrf_sdh_ble.o
    0x0002dd04   0x0002dd04   0x0000000c   Data   RO         5114    .conststrlit        nrf_sdh_soc.o
    0x0002dd10   0x0002dd10   0x00000020   Data   RO         5543    Region$$Table       anon$$obj.o
    0x0002dd30   0x0002dd30   0x00000010   Data   RO         4406    log_backends        nrf_log_default_backends.o
    0x0002dd40   0x0002dd40   0x00000008   Data   RO         1291    log_const_data      nrf_ble_gatt.o
    0x0002dd48   0x0002dd48   0x00000008   Data   RO         1427    log_const_data      ble_nus.o
    0x0002dd50   0x0002dd50   0x00000008   Data   RO         1502    log_const_data      nrf_drv_clock.o
    0x0002dd58   0x0002dd58   0x00000008   Data   RO         1842    log_const_data      nrfx_clock.o
    0x0002dd60   0x0002dd60   0x00000008   Data   RO         2018    log_const_data      nrfx_gpiote.o
    0x0002dd68   0x0002dd68   0x00000008   Data   RO         2294    log_const_data      nrfx_prs.o
    0x0002dd70   0x0002dd70   0x00000008   Data   RO         2375    log_const_data      nrfx_uart.o
    0x0002dd78   0x0002dd78   0x00000008   Data   RO         2569    log_const_data      nrfx_uarte.o
    0x0002dd80   0x0002dd80   0x00000008   Data   RO         2725    log_const_data      app_button.o
    0x0002dd88   0x0002dd88   0x00000008   Data   RO         3059    log_const_data      app_timer2.o
    0x0002dd90   0x0002dd90   0x00000008   Data   RO         4012    log_const_data      nrf_pwr_mgmt.o
    0x0002dd98   0x0002dd98   0x00000008   Data   RO         4179    log_const_data      nrf_sortlist.o
    0x0002dda0   0x0002dda0   0x00000008   Data   RO         4474    log_const_data      nrf_log_frontend.o
    0x0002dda8   0x0002dda8   0x00000008   Data   RO         4956    log_const_data      nrf_sdh.o
    0x0002ddb0   0x0002ddb0   0x00000008   Data   RO         5066    log_const_data      nrf_sdh_ble.o
    0x0002ddb8   0x0002ddb8   0x00000008   Data   RO         5115    log_const_data      nrf_sdh_soc.o
    0x0002ddc0   0x0002ddc0   0x00000014   Data   RO         4475    nrf_balloc          nrf_log_frontend.o
    0x0002ddd4   0x0002ddd4   0x00000008   Data   RO         1044    sdh_ble_observers0  ble_conn_state.o
    0x0002dddc   0x0002dddc   0x00000010   Data   RO           22    sdh_ble_observers1  main.o
    0x0002ddec   0x0002ddec   0x00000008   Data   RO          644    sdh_ble_observers1  bsp_btn_ble.o
    0x0002ddf4   0x0002ddf4   0x00000008   Data   RO          958    sdh_ble_observers1  ble_conn_params.o
    0x0002ddfc   0x0002ddfc   0x00000010   Data   RO           23    sdh_ble_observers2  main.o
    0x0002de0c   0x0002de0c   0x00000008   Data   RO           24    sdh_ble_observers3  main.o
    0x0002de14   0x0002de14   0x00000008   Data   RO         1503    sdh_soc_observers0  nrf_drv_clock.o
    0x0002de1c   0x0002de1c   0x00000008   Data   RO         5067    sdh_stack_observers0  nrf_sdh_ble.o
    0x0002de24   0x0002de24   0x00000008   Data   RO         5116    sdh_stack_observers0  nrf_sdh_soc.o
    0x0002de2c   0x0002de2c   0x00000008   Data   RO         1504    sdh_state_observers0  nrf_drv_clock.o


    Execution Region RW_IRAM1 (Exec base: 0x20002ae8, Load base: 0x0002de34, Size: 0x000033c8, Max: 0x0003d518, ABSOLUTE, COMPRESSED[0x0000005c])

    Exec Addr    Load Addr    Size         Type   Attr      Idx    E Section Name        Object

    0x20002ae8   COMPRESSED   0x00000008   Data   RW           19    .data               main.o
    0x20002af0   COMPRESSED   0x00000028   Data   RW           20    .data               main.o
    0x20002b18   COMPRESSED   0x00000004   Data   RW           21    .data               main.o
    0x20002b1c   COMPRESSED   0x00000010   Data   RW          542    .data               bsp.o
    0x20002b2c   COMPRESSED   0x00000008   Data   RW          643    .data               bsp_btn_ble.o
    0x20002b34   COMPRESSED   0x00000008   Data   RW          957    .data               ble_conn_params.o
    0x20002b3c   COMPRESSED   0x00000014   Data   RW         1635    .data               nrf_drv_uart.o
    0x20002b50   COMPRESSED   0x00000008   Data   RW         1841    .data               nrfx_clock.o
    0x20002b58   COMPRESSED   0x00000008   Data   RW         2293    .data               nrfx_prs.o
    0x20002b60   COMPRESSED   0x00000018   Data   RW         2724    .data               app_button.o
    0x20002b78   COMPRESSED   0x00000020   Data   RW         3057    .data               app_timer2.o
    0x20002b98   COMPRESSED   0x00000004   Data   RW         3058    .data               app_timer2.o
    0x20002b9c   COMPRESSED   0x0000001c   Data   RW         3187    .data               app_uart_fifo.o
    0x20002bb8   COMPRESSED   0x0000000c   Data   RW         3346    .data               drv_rtc.o
    0x20002bc4   COMPRESSED   0x00000008   Data   RW         4011    .data               nrf_pwr_mgmt.o
    0x20002bcc   COMPRESSED   0x00000004   Data   RW         4264    .data               retarget.o
    0x20002bd0   COMPRESSED   0x00000001   Data   RW         4308    .data               nrf_log_backend_rtt.o
    0x20002bd1   COMPRESSED   0x00000003   PAD
    0x20002bd4   COMPRESSED   0x00000008   Data   RW         4405    .data               nrf_log_default_backends.o
    0x20002bdc   COMPRESSED   0x00000004   Data   RW         4471    .data               nrf_log_frontend.o
    0x20002be0   COMPRESSED   0x00000008   Data   RW         4472    .data               nrf_log_frontend.o
    0x20002be8   COMPRESSED   0x00000008   Data   RW         4473    .data               nrf_log_frontend.o
    0x20002bf0   COMPRESSED   0x00000040   Data   RW         4632    .data               nrf_log_str_formatter.o
    0x20002c30   COMPRESSED   0x00000003   Data   RW         4955    .data               nrf_sdh.o
    0x20002c33   COMPRESSED   0x00000001   Data   RW         5065    .data               nrf_sdh_ble.o
    0x20002c34   COMPRESSED   0x00000004   Data   RW         5155    .data               system_nrf52840.o
    0x20002c38        -       0x00000748   Zero   RW           17    .bss                main.o
    0x20003380        -       0x00000020   Zero   RW          537    .bss                bsp.o
    0x200033a0        -       0x00000020   Zero   RW          538    .bss                bsp.o
    0x200033c0        -       0x0000000c   Zero   RW          539    .bss                bsp.o
    0x200033cc   COMPRESSED   0x00000004   PAD
    0x200033d0        -       0x00000020   Zero   RW          540    .bss                bsp.o
    0x200033f0        -       0x00000050   Zero   RW          956    .bss                ble_conn_params.o
    0x20003440        -       0x0000007c   Zero   RW         1043    .bss                ble_conn_state.o
    0x200034bc        -       0x00000014   Zero   RW         1496    .bss                nrf_drv_clock.o
    0x200034d0        -       0x0000006c   Zero   RW         2012    .bss                nrfx_gpiote.o
    0x2000353c        -       0x0000002c   Zero   RW         2369    .bss                nrfx_uart.o
    0x20003568        -       0x00000024   Zero   RW         2563    .bss                nrfx_uarte.o
    0x2000358c   COMPRESSED   0x00000004   PAD
    0x20003590        -       0x00000020   Zero   RW         2720    .bss                app_button.o
    0x200035b0        -       0x00000020   Zero   RW         2721    .bss                app_button.o
    0x200035d0        -       0x00000010   Zero   RW         3053    .bss                app_timer2.o
    0x200035e0        -       0x00000058   Zero   RW         3054    .bss                app_timer2.o
    0x20003638        -       0x00000020   Zero   RW         3185    .bss                app_uart_fifo.o
    0x20003658        -       0x0000000c   Zero   RW         3260    .bss                app_util_platform.o
    0x20003664        -       0x0000000c   Zero   RW         4007    .bss                nrf_pwr_mgmt.o
    0x20003670        -       0x00000040   Zero   RW         4305    .bss                nrf_log_backend_rtt.o
    0x200036b0        -       0x000000c0   Zero   RW         4465    .bss                nrf_log_frontend.o
    0x20003770        -       0x00000080   Zero   RW         4466    .bss                nrf_log_frontend.o
    0x200037f0        -       0x00000018   Zero   RW         4467    .bss                nrf_log_frontend.o
    0x20003808        -       0x00000420   Zero   RW         4468    .bss                nrf_log_frontend.o
    0x20003c28        -       0x00000288   Zero   RW         4708    .bss                segger_rtt.o
    0x20003eb0        -       0x00002000   Zero   RW         5143    STACK               arm_startup_nrf52840.o


==============================================================================

Image component sizes


      Code (inc. data)   RO Data    RW Data    ZI Data      Debug   Object Name

       664         66         27         24         64      17514   app_button.o
        22          0          0          0          0       2461   app_error.o
       132         46          0          0          0      34025   app_error_weak.o
       118          0          0          0          0       4866   app_fifo.o
       846         88         38         36        104      16265   app_timer2.o
       528         60         32         28         32      15878   app_uart_fifo.o
       124         14          0          0         12      10494   app_util_platform.o
        36          8        512          0       8192        916   arm_startup_nrf52840.o
      1338          0          0          0          0      53116   ble_advdata.o
      1064          6          0          0          0      10851   ble_advertising.o
       636         44          8          8         80       9115   ble_conn_params.o
       390         10          8          0        124       7535   ble_conn_state.o
        72          0          0          0          0       1612   ble_link_ctx_manager.o
       670          6         32          0          0       6820   ble_nus.o
       456          6          0          0          0       3291   ble_srv_common.o
       440         46          8          0          0      14675   boards.o
      1016         90         44         16        108      15659   bsp.o
       252         10          8          8          0       4684   bsp_btn_ble.o
       704         76          6         12          0      48157   drv_rtc.o
      1408        304         64         52       1864     195873   main.o
       326          0          0          0          0       5803   nrf_atfifo.o
        64          0          0          0          0       2932   nrf_atflags.o
       306          0          0          0          0       7831   nrf_atomic.o
       164          0          0          0          0       3552   nrf_balloc.o
       950        272        205          0          0      37825   nrf_ble_gatt.o
       276          0          0          0          0       4593   nrf_ble_qwr.o
       312         36         30          0         20      43476   nrf_drv_clock.o
       200         26          0         20          0      17628   nrf_drv_uart.o
        50          0          0          0          0       3449   nrf_fprintf.o
       866          4         16          0          0       6454   nrf_fprintf_format.o
       112         18         18          1         64       5949   nrf_log_backend_rtt.o
       200          0          0          0          0      10825   nrf_log_backend_serial.o
        28          4         32          8          0       3277   nrf_log_default_backends.o
      1478        128         44         20       1400      29402   nrf_log_frontend.o
       570        108        102         64          0       5540   nrf_log_str_formatter.o
       346          0          0          0          0       9391   nrf_memobj.o
       108         16         53          8         12      40746   nrf_pwr_mgmt.o
        28          0          0          0          0       2303   nrf_ringbuf.o
       384         46        104          3          0      42471   nrf_sdh.o
       724        232        539          1          0       5809   nrf_sdh_ble.o
        60          4         56          0          0       2408   nrf_sdh_soc.o
        78          0          0          0          0       2704   nrf_section_iter.o
        84          0         17          0          0       3993   nrf_sortlist.o
        76         10       1319          0          0       2663   nrf_strerror.o
       242         32         14          8          0      46724   nrfx_clock.o
      1386        108         23          0        108      66125   nrfx_gpiote.o
        94         16         12          8          0       3661   nrfx_prs.o
      1412         44         17          0         44      31029   nrfx_uart.o
      1334         42         18          0         36      25687   nrfx_uarte.o
        14          0          0          4          0       2814   retarget.o
       378         34          0          0        648       8813   segger_rtt.o
       468         62          0          4          0      12659   system_nrf52840.o

    ----------------------------------------------------------------------
     24094       2122       3484        336      12920     972343   Object Totals
         0          0         32          0          0          0   (incl. Generated)
        60          0         46          3          8          0   (incl. Padding)

    ----------------------------------------------------------------------

      Code (inc. data)   RO Data    RW Data    ZI Data      Debug   Library Member Name

        86          0          0          0          0          0   __dczerorl2.o
         8          4        133          0          0         68   ctype_o.o
         0          0          0          0          0          0   entry.o
         0          0          0          0          0          0   entry10a.o
         0          0          0          0          0          0   entry11a.o
         8          4          0          0          0          0   entry2.o
         4          0          0          0          0          0   entry5.o
         0          0          0          0          0          0   entry7b.o
         0          0          0          0          0          0   entry8b.o
         8          4          0          0          0          0   entry9a.o
        30          0          0          0          0          0   handlers.o
        36          8          0          0          0         68   init.o
        30          0          0          0          0         68   llshl.o
        32          0          0          0          0         68   llushr.o
        36          0          0          0          0         68   memcpya.o
        36          0          0          0          0        108   memseta.o
        50          8          0          0          0        152   printfb.o
        18          0          0          0          0         68   strcpy.o
        14          0          0          0          0         68   strlen.o
        98          0          0          0          0         92   uldiv.o

    ----------------------------------------------------------------------
       498         28        136          0          0        828   Library Totals
         4          0          3          0          0          0   (incl. Padding)

    ----------------------------------------------------------------------

      Code (inc. data)   RO Data    RW Data    ZI Data      Debug   Library Name

       494         28        133          0          0        828   mc_w.l

    ----------------------------------------------------------------------
       498         28        136          0          0        828   Library Totals

    ----------------------------------------------------------------------

==============================================================================


      Code (inc. data)   RO Data    RW Data    ZI Data      Debug   

     24592       2150       3620        336      12920     941443   Grand Totals
     24592       2150       3620         92      12920     941443   ELF Image Totals (compressed)
     24592       2150       3620         92          0          0   ROM Totals

==============================================================================

    Total RO  Size (Code + RO Data)                28212 (  27.55kB)
    Total RW  Size (RW Data + ZI Data)             13256 (  12.95kB)
    Total ROM Size (Code + RO Data + RW Data)      28304 (  27.64kB)

==============================================================================

